<!doctype html public "-//w3c//dtd html 4.0 transitional//en">
<html><head>
<title>Static Call Graph - [.\_build\nrf51422_xxac_s130.axf]</title></head>
<body><HR>
<H1>Static Call Graph for image .\_build\nrf51422_xxac_s130.axf</H1><HR>
<BR><P>#&#060CALLGRAPH&#062# ARM Linker, 5060300: Last Updated: Wed Dec 27 16:47:17 2017
<BR><P>
<H3>Maximum Stack Usage =        536 bytes + Unknown(Cycles, Untraceable Function Pointers)</H3><H3>
Call chain for Maximum Stack Depth:</H3>
main &rArr; ble_hid_app_start &rArr; services_init &rArr; hids_init &rArr; ble_hids_init &rArr; inp_rep_characteristics_add &rArr; rep_char_add &rArr; ble_srv_report_ref_encode &rArr; app_error_handler &rArr; app_error_fault_handler &rArr; bsp_indication_set &rArr; bsp_led_indication &rArr; app_timer_start &rArr; timer_start_op_schedule &rArr; user_op_alloc
<P>
<H3>
Mutually Recursive functions
</H3> <LI><a href="#[4]">NMI_Handler</a>&nbsp;&nbsp;&nbsp;&rArr;&nbsp;&nbsp;&nbsp;<a href="#[4]">NMI_Handler</a><BR>
 <LI><a href="#[5]">HardFault_Handler</a>&nbsp;&nbsp;&nbsp;&rArr;&nbsp;&nbsp;&nbsp;<a href="#[5]">HardFault_Handler</a><BR>
 <LI><a href="#[6]">SVC_Handler</a>&nbsp;&nbsp;&nbsp;&rArr;&nbsp;&nbsp;&nbsp;<a href="#[6]">SVC_Handler</a><BR>
 <LI><a href="#[7]">PendSV_Handler</a>&nbsp;&nbsp;&nbsp;&rArr;&nbsp;&nbsp;&nbsp;<a href="#[7]">PendSV_Handler</a><BR>
 <LI><a href="#[8]">SysTick_Handler</a>&nbsp;&nbsp;&nbsp;&rArr;&nbsp;&nbsp;&nbsp;<a href="#[8]">SysTick_Handler</a><BR>
 <LI><a href="#[17]">CCM_AAR_IRQHandler</a>&nbsp;&nbsp;&nbsp;&rArr;&nbsp;&nbsp;&nbsp;<a href="#[17]">CCM_AAR_IRQHandler</a><BR>
 <LI><a href="#[57]">__asm___20_app_timer_ble_gzll_c_cd27f9c3__nrf_delay_us</a>&nbsp;&nbsp;&nbsp;&rArr;&nbsp;&nbsp;&nbsp;<a href="#[57]">__asm___20_app_timer_ble_gzll_c_cd27f9c3__nrf_delay_us</a><BR>
 <LI><a href="#[59]">__asm___15_nrf_link_core_c_b93f5dba__nrf_delay_us</a>&nbsp;&nbsp;&nbsp;&rArr;&nbsp;&nbsp;&nbsp;<a href="#[59]">__asm___15_nrf_link_core_c_b93f5dba__nrf_delay_us</a><BR>
 <LI><a href="#[58]">__asm___24_nrf_gzp_device___Judge_c_gzp_init__nrf_delay_us</a>&nbsp;&nbsp;&nbsp;&rArr;&nbsp;&nbsp;&nbsp;<a href="#[58]">__asm___24_nrf_gzp_device___Judge_c_gzp_init__nrf_delay_us</a><BR>
 <LI><a href="#[56]">__asm___11_nrf_delay_c_532987f3__nrf_delay_us</a>&nbsp;&nbsp;&nbsp;&rArr;&nbsp;&nbsp;&nbsp;<a href="#[56]">__asm___11_nrf_delay_c_532987f3__nrf_delay_us</a><BR>
 <LI><a href="#[c2]">app_notify_error_state_transit</a>&nbsp;&nbsp;&nbsp;&rArr;&nbsp;&nbsp;&nbsp;<a href="#[c4]">sm_state_change</a><BR>
 <LI><a href="#[13f]">cmd_queue_dequeue</a>&nbsp;&nbsp;&nbsp;&rArr;&nbsp;&nbsp;&nbsp;<a href="#[13d]">cmd_process</a><BR>
</UL>
<P>
<H3>
Function Pointers
</H3><UL>
 <LI><a href="#[f]">ADC_IRQHandler</a> from nrf_drv_adc.o(i.ADC_IRQHandler) referenced from arm_startup_nrf51.o(RESET)
 <LI><a href="#[17]">CCM_AAR_IRQHandler</a> from arm_startup_nrf51.o(.text) referenced from arm_startup_nrf51.o(RESET)
 <LI><a href="#[16]">ECB_IRQHandler</a> from arm_startup_nrf51.o(.text) referenced from arm_startup_nrf51.o(RESET)
 <LI><a href="#[e]">GPIOTE_IRQHandler</a> from nrf_drv_gpiote.o(i.GPIOTE_IRQHandler) referenced from arm_startup_nrf51.o(RESET)
 <LI><a href="#[5]">HardFault_Handler</a> from arm_startup_nrf51.o(.text) referenced from arm_startup_nrf51.o(RESET)
 <LI><a href="#[3c]">LED_FALSH_handler</a> from ble_app_gzll_ui.o(i.LED_FALSH_handler) referenced from main.o(i.timers_init_and_start)
 <LI><a href="#[1b]">LPCOMP_IRQHandler</a> from arm_startup_nrf51.o(.text) referenced from arm_startup_nrf51.o(RESET)
 <LI><a href="#[4]">NMI_Handler</a> from arm_startup_nrf51.o(.text) referenced from arm_startup_nrf51.o(RESET)
 <LI><a href="#[9]">POWER_CLOCK_IRQHandler</a> from arm_startup_nrf51.o(.text) referenced from arm_startup_nrf51.o(RESET)
 <LI><a href="#[7]">PendSV_Handler</a> from arm_startup_nrf51.o(.text) referenced from arm_startup_nrf51.o(RESET)
 <LI><a href="#[1a]">QDEC_IRQHandler</a> from arm_startup_nrf51.o(.text) referenced from arm_startup_nrf51.o(RESET)
 <LI><a href="#[a]">RADIO_IRQHandler</a> from nrf_link_core.o(i.RADIO_IRQHandler) referenced from arm_startup_nrf51.o(RESET)
 <LI><a href="#[15]">RNG_IRQHandler</a> from arm_startup_nrf51.o(.text) referenced from arm_startup_nrf51.o(RESET)
 <LI><a href="#[13]">RTC0_IRQHandler</a> from arm_startup_nrf51.o(.text) referenced from arm_startup_nrf51.o(RESET)
 <LI><a href="#[19]">RTC1_IRQHandler</a> from app_timer_ble_gzll.o(i.RTC1_IRQHandler) referenced from arm_startup_nrf51.o(RESET)
 <LI><a href="#[3]">Reset_Handler</a> from arm_startup_nrf51.o(.text) referenced from arm_startup_nrf51.o(RESET)
 <LI><a href="#[c]">SPI0_TWI0_IRQHandler</a> from arm_startup_nrf51.o(.text) referenced from arm_startup_nrf51.o(RESET)
 <LI><a href="#[d]">SPI1_TWI1_IRQHandler</a> from arm_startup_nrf51.o(.text) referenced from arm_startup_nrf51.o(RESET)
 <LI><a href="#[6]">SVC_Handler</a> from arm_startup_nrf51.o(.text) referenced from arm_startup_nrf51.o(RESET)
 <LI><a href="#[1c]">SWI0_IRQHandler</a> from nrf_notification_manager.o(i.SWI0_IRQHandler) referenced from arm_startup_nrf51.o(RESET)
 <LI><a href="#[1d]">SWI1_IRQHandler</a> from app_timer_ble_gzll.o(i.SWI1_IRQHandler) referenced from arm_startup_nrf51.o(RESET)
 <LI><a href="#[1e]">SWI2_IRQHandler</a> from softdevice_handler.o(i.SWI2_IRQHandler) referenced from arm_startup_nrf51.o(RESET)
 <LI><a href="#[1f]">SWI3_IRQHandler</a> from arm_startup_nrf51.o(.text) referenced from arm_startup_nrf51.o(RESET)
 <LI><a href="#[20]">SWI4_IRQHandler</a> from arm_startup_nrf51.o(.text) referenced from arm_startup_nrf51.o(RESET)
 <LI><a href="#[21]">SWI5_IRQHandler</a> from arm_startup_nrf51.o(.text) referenced from arm_startup_nrf51.o(RESET)
 <LI><a href="#[8]">SysTick_Handler</a> from arm_startup_nrf51.o(.text) referenced from arm_startup_nrf51.o(RESET)
 <LI><a href="#[23]">SystemInit</a> from system_nrf51.o(i.SystemInit) referenced from arm_startup_nrf51.o(.text)
 <LI><a href="#[14]">TEMP_IRQHandler</a> from arm_startup_nrf51.o(.text) referenced from arm_startup_nrf51.o(RESET)
 <LI><a href="#[10]">TIMER0_IRQHandler</a> from arm_startup_nrf51.o(.text) referenced from arm_startup_nrf51.o(RESET)
 <LI><a href="#[11]">TIMER1_IRQHandler</a> from nrf_drv_timer.o(i.TIMER1_IRQHandler) referenced from arm_startup_nrf51.o(RESET)
 <LI><a href="#[12]">TIMER2_IRQHandler</a> from nrf_flywheel.o(i.TIMER2_IRQHandler) referenced from arm_startup_nrf51.o(RESET)
 <LI><a href="#[b]">UART0_IRQHandler</a> from nrf_drv_uart.o(i.UART0_IRQHandler) referenced from arm_startup_nrf51.o(RESET)
 <LI><a href="#[18]">WDT_IRQHandler</a> from arm_startup_nrf51.o(.text) referenced from arm_startup_nrf51.o(RESET)
 <LI><a href="#[24]">__main</a> from entry.o(.ARM.Collect$$$$00000000) referenced from arm_startup_nrf51.o(.text)
 <LI><a href="#[25]">adc_event_handler</a> from ble_app_adc.o(i.adc_event_handler) referenced from ble_app_adc.o(i.adc_config)
 <LI><a href="#[2b]">async_state_packet_received</a> from nrf_impala.o(i.async_state_packet_received) referenced from nrf_impala.o(i.async_state_rx_enabling)
 <LI><a href="#[2a]">async_state_tx_ack_complete</a> from nrf_impala.o(i.async_state_tx_ack_complete) referenced from nrf_impala.o(i.async_state_packet_received)
 <LI><a href="#[29]">battery_level_meas_timeout_handler</a> from ble_app_gzll_hid.o(i.battery_level_meas_timeout_handler) referenced from ble_app_gzll_hid.o(i.application_timers_start)
 <LI><a href="#[27]">ble_advertising_error_handler</a> from ble_app_gzll_hid.o(i.ble_advertising_error_handler) referenced from ble_app_gzll_hid.o(i.advertising_init)
 <LI><a href="#[2d]">ble_evt_dispatch</a> from ble_app_gzll_hid.o(i.ble_evt_dispatch) referenced from ble_app_gzll_hid.o(i.ble_stack_init)
 <LI><a href="#[3d]">bsp_button_event_handler</a> from bsp.o(i.bsp_button_event_handler) referenced 4 times from bsp.o(.constdata)
 <LI><a href="#[2f]">conn_params_error_handler</a> from ble_app_gzll_hid.o(i.conn_params_error_handler) referenced from ble_app_gzll_hid.o(i.conn_params_init)
 <LI><a href="#[51]">data_page_erase_state_run</a> from pstorage.o(i.data_page_erase_state_run) referenced from pstorage.o(.constdata)
 <LI><a href="#[50]">data_to_swap_write_state_run</a> from pstorage.o(i.data_to_swap_write_state_run) referenced from pstorage.o(.constdata)
 <LI><a href="#[39]">device_ack_received</a> from nrf_impala.o(i.device_ack_received) referenced from nrf_impala.o(i.nrf_impl_state_fun_timeslot_start)
 <LI><a href="#[33]">device_manager_evt_handler</a> from ble_app_gzll_hid.o(i.device_manager_evt_handler) referenced from ble_app_gzll_hid.o(i.device_manager_init)
 <LI><a href="#[34]">dm_pstorage_cb_handler</a> from device_manager_peripheral.o(i.dm_pstorage_cb_handler) referenced from device_manager_peripheral.o(i.dm_init)
 <LI><a href="#[48]">gattc_context_apply</a> from device_manager_peripheral.o(i.gattc_context_apply) referenced from device_manager_peripheral.o(.constdata)
 <LI><a href="#[44]">gattc_context_load</a> from device_manager_peripheral.o(i.gattc_context_load) referenced from device_manager_peripheral.o(.constdata)
 <LI><a href="#[40]">gattc_context_store</a> from device_manager_peripheral.o(i.gattc_context_store) referenced from device_manager_peripheral.o(.constdata)
 <LI><a href="#[47]">gatts_context_apply</a> from device_manager_peripheral.o(i.gatts_context_apply) referenced from device_manager_peripheral.o(.constdata)
 <LI><a href="#[43]">gatts_context_load</a> from device_manager_peripheral.o(i.gatts_context_load) referenced from device_manager_peripheral.o(.constdata)
 <LI><a href="#[3f]">gatts_context_store</a> from device_manager_peripheral.o(i.gatts_context_store) referenced from device_manager_peripheral.o(.constdata)
 <LI><a href="#[49]">gattsc_context_apply</a> from device_manager_peripheral.o(i.gattsc_context_apply) referenced from device_manager_peripheral.o(.constdata)
 <LI><a href="#[45]">gattsc_context_load</a> from device_manager_peripheral.o(i.gattsc_context_load) referenced from device_manager_peripheral.o(.constdata)
 <LI><a href="#[41]">gattsc_context_store</a> from device_manager_peripheral.o(i.gattsc_context_store) referenced from device_manager_peripheral.o(.constdata)
 <LI><a href="#[53]">head_restore_state_run</a> from pstorage.o(i.head_restore_state_run) referenced from pstorage.o(.constdata)
 <LI><a href="#[22]">main</a> from main.o(i.main) referenced from entry9a.o(.ARM.Collect$$$$0000000B)
 <LI><a href="#[46]">no_service_context_apply</a> from device_manager_peripheral.o(i.no_service_context_apply) referenced from device_manager_peripheral.o(.constdata)
 <LI><a href="#[42]">no_service_context_load</a> from device_manager_peripheral.o(i.no_service_context_load) referenced from device_manager_peripheral.o(.constdata)
 <LI><a href="#[3e]">no_service_context_store</a> from device_manager_peripheral.o(i.no_service_context_store) referenced from device_manager_peripheral.o(.constdata)
 <LI><a href="#[37]">notification_cb</a> from nrf_gzll.o(i.notification_cb) referenced from nrf_gzll.o(i.nrf_gzll_init)
 <LI><a href="#[2]">nrf_impl_state_fun_device_send_packet</a> from nrf_impala.o(i.nrf_impl_state_fun_device_send_packet) referenced 2 times from nrf_state_machine.o(.data)
 <LI><a href="#[1]">nrf_impl_state_fun_timeslot_start</a> from nrf_impala.o(i.nrf_impl_state_fun_timeslot_start) referenced 2 times from nrf_state_machine.o(.data)
 <LI><a href="#[38]">nrf_sm_execute</a> from nrf_state_machine.o(i.nrf_sm_execute) referenced from nrf_impala.o(i.nrf_impl_state_fun_device_send_packet)
 <LI><a href="#[38]">nrf_sm_execute</a> from nrf_state_machine.o(i.nrf_sm_execute) referenced 2 times from nrf_impala.o(i.nrf_impl_state_fun_timeslot_start)
 <LI><a href="#[38]">nrf_sm_execute</a> from nrf_state_machine.o(i.nrf_sm_execute) referenced from nrf_impala.o(i.sm_start)
 <LI><a href="#[3a]">nus_data_handler</a> from ble_app_gzll_hid.o(i.nus_data_handler) referenced from ble_app_gzll_hid.o(i.nus_init)
 <LI><a href="#[28]">on_adv_evt</a> from ble_app_gzll_hid.o(i.on_adv_evt) referenced from ble_app_gzll_hid.o(i.advertising_init)
 <LI><a href="#[35]">on_hids_evt</a> from ble_app_gzll_hid.o(i.on_hids_evt) referenced from ble_app_gzll_hid.o(i.hids_init)
 <LI><a href="#[31]">pstorage_store</a> from pstorage.o(i.pstorage_store) referenced from device_manager_peripheral.o(i.device_context_store)
 <LI><a href="#[31]">pstorage_store</a> from pstorage.o(i.pstorage_store) referenced from device_manager_peripheral.o(i.gatts_context_store)
 <LI><a href="#[30]">pstorage_update</a> from pstorage.o(i.pstorage_update) referenced from device_manager_peripheral.o(i.device_context_store)
 <LI><a href="#[30]">pstorage_update</a> from pstorage.o(i.pstorage_update) referenced from device_manager_peripheral.o(i.gatts_context_store)
 <LI><a href="#[36]">service_error_handler</a> from ble_app_gzll_hid.o(i.service_error_handler) referenced from ble_app_gzll_hid.o(i.hids_init)
 <LI><a href="#[3b]">softdevice_fault_handler</a> from softdevice_handler.o(i.softdevice_fault_handler) referenced from softdevice_handler.o(i.softdevice_handler_init)
 <LI><a href="#[4c]">state_erase_data_page_entry_run</a> from pstorage.o(i.state_erase_data_page_entry_run) referenced from pstorage.o(.constdata)
 <LI><a href="#[4e]">state_restore_head_entry_run</a> from pstorage.o(i.state_restore_head_entry_run) referenced from pstorage.o(.constdata)
 <LI><a href="#[4d]">state_restore_tail_entry_run</a> from pstorage.o(i.state_restore_tail_entry_run) referenced from pstorage.o(.constdata)
 <LI><a href="#[4a]">state_swap_erase_entry_run</a> from pstorage.o(i.state_swap_erase_entry_run) referenced from pstorage.o(.constdata)
 <LI><a href="#[4b]">state_write_data_swap_entry_run</a> from pstorage.o(i.state_write_data_swap_entry_run) referenced from pstorage.o(.constdata)
 <LI><a href="#[32]">storage_operation_dummy_handler</a> from device_manager_peripheral.o(i.storage_operation_dummy_handler) referenced from device_manager_peripheral.o(i.device_context_store)
 <LI><a href="#[4f]">swap_erase_state_run</a> from pstorage.o(i.swap_erase_state_run) referenced from pstorage.o(.constdata)
 <LI><a href="#[2e]">sys_evt_dispatch</a> from ble_app_gzll_hid.o(i.sys_evt_dispatch) referenced from ble_app_gzll_hid.o(i.ble_stack_init)
 <LI><a href="#[52]">tail_restore_state_run</a> from pstorage.o(i.tail_restore_state_run) referenced from pstorage.o(.constdata)
 <LI><a href="#[26]">timer_handler</a> from ble_app_adc.o(i.timer_handler) referenced from ble_app_adc.o(i.adc_sampling_event_init)
 <LI><a href="#[2c]">update_timeout_handler</a> from ble_conn_params.o(i.update_timeout_handler) referenced from ble_conn_params.o(i.ble_conn_params_init)
</UL>
<P>
<H3>
Global Symbols
</H3>
<P><STRONG><a name="[24]"></a>__main</STRONG> (Thumb, 0 bytes, Stack size unknown bytes, entry.o(.ARM.Collect$$$$00000000))
<BR>[Address Reference Count : 1]<UL><LI> arm_startup_nrf51.o(.text)
</UL>
<P><STRONG><a name="[261]"></a>_main_stk</STRONG> (Thumb, 0 bytes, Stack size unknown bytes, entry2.o(.ARM.Collect$$$$00000001))

<P><STRONG><a name="[54]"></a>_main_scatterload</STRONG> (Thumb, 0 bytes, Stack size unknown bytes, entry5.o(.ARM.Collect$$$$00000004))
<BR><BR>[Calls]<UL><LI><a href="#[55]">&gt;&gt;</a>&nbsp;&nbsp;&nbsp;__scatterload
</UL>

<P><STRONG><a name="[67]"></a>__main_after_scatterload</STRONG> (Thumb, 0 bytes, Stack size unknown bytes, entry5.o(.ARM.Collect$$$$00000004))
<BR><BR>[Called By]<UL><LI><a href="#[55]">&gt;&gt;</a>&nbsp;&nbsp;&nbsp;__scatterload
</UL>

<P><STRONG><a name="[262]"></a>_main_clock</STRONG> (Thumb, 0 bytes, Stack size unknown bytes, entry7b.o(.ARM.Collect$$$$00000008))

<P><STRONG><a name="[263]"></a>_main_cpp_init</STRONG> (Thumb, 0 bytes, Stack size unknown bytes, entry8b.o(.ARM.Collect$$$$0000000A))

<P><STRONG><a name="[264]"></a>_main_init</STRONG> (Thumb, 0 bytes, Stack size unknown bytes, entry9a.o(.ARM.Collect$$$$0000000B))

<P><STRONG><a name="[265]"></a>__rt_final_cpp</STRONG> (Thumb, 0 bytes, Stack size unknown bytes, entry10a.o(.ARM.Collect$$$$0000000D))

<P><STRONG><a name="[266]"></a>__rt_final_exit</STRONG> (Thumb, 0 bytes, Stack size unknown bytes, entry11a.o(.ARM.Collect$$$$0000000F))

<P><STRONG><a name="[56]"></a>__asm___11_nrf_delay_c_532987f3__nrf_delay_us</STRONG> (Thumb, 30 bytes, Stack size 0 bytes, nrf_delay.o(.emb_text))
<BR><BR>[Calls]<UL><LI><a href="#[56]">&gt;&gt;</a>&nbsp;&nbsp;&nbsp;__asm___11_nrf_delay_c_532987f3__nrf_delay_us
</UL>
<BR>[Called By]<UL><LI><a href="#[1c4]">&gt;&gt;</a>&nbsp;&nbsp;&nbsp;nrf_delay_ms
<LI><a href="#[56]">&gt;&gt;</a>&nbsp;&nbsp;&nbsp;__asm___11_nrf_delay_c_532987f3__nrf_delay_us
</UL>

<P><STRONG><a name="[57]"></a>__asm___20_app_timer_ble_gzll_c_cd27f9c3__nrf_delay_us</STRONG> (Thumb, 30 bytes, Stack size 0 bytes, app_timer_ble_gzll.o(.emb_text))
<BR><BR>[Calls]<UL><LI><a href="#[57]">&gt;&gt;</a>&nbsp;&nbsp;&nbsp;__asm___20_app_timer_ble_gzll_c_cd27f9c3__nrf_delay_us
</UL>
<BR>[Called By]<UL><LI><a href="#[57]">&gt;&gt;</a>&nbsp;&nbsp;&nbsp;__asm___20_app_timer_ble_gzll_c_cd27f9c3__nrf_delay_us
<LI><a href="#[c6]">&gt;&gt;</a>&nbsp;&nbsp;&nbsp;rtc1_stop
<LI><a href="#[149]">&gt;&gt;</a>&nbsp;&nbsp;&nbsp;rtc1_start
</UL>

<P><STRONG><a name="[58]"></a>__asm___24_nrf_gzp_device___Judge_c_gzp_init__nrf_delay_us</STRONG> (Thumb, 30 bytes, Stack size 0 bytes, nrf_gzp_device - judge.o(.emb_text))
<BR><BR>[Calls]<UL><LI><a href="#[58]">&gt;&gt;</a>&nbsp;&nbsp;&nbsp;__asm___24_nrf_gzp_device___Judge_c_gzp_init__nrf_delay_us
</UL>
<BR>[Called By]<UL><LI><a href="#[198]">&gt;&gt;</a>&nbsp;&nbsp;&nbsp;gzp_delay_rx_periods
<LI><a href="#[58]">&gt;&gt;</a>&nbsp;&nbsp;&nbsp;__asm___24_nrf_gzp_device___Judge_c_gzp_init__nrf_delay_us
</UL>

<P><STRONG><a name="[59]"></a>__asm___15_nrf_link_core_c_b93f5dba__nrf_delay_us</STRONG> (Thumb, 30 bytes, Stack size 0 bytes, nrf_link_core.o(.emb_text))
<BR><BR>[Calls]<UL><LI><a href="#[59]">&gt;&gt;</a>&nbsp;&nbsp;&nbsp;__asm___15_nrf_link_core_c_b93f5dba__nrf_delay_us
</UL>
<BR>[Called By]<UL><LI><a href="#[df]">&gt;&gt;</a>&nbsp;&nbsp;&nbsp;nrf_lcore_force_disable
<LI><a href="#[59]">&gt;&gt;</a>&nbsp;&nbsp;&nbsp;__asm___15_nrf_link_core_c_b93f5dba__nrf_delay_us
</UL>

<P><STRONG><a name="[3]"></a>Reset_Handler</STRONG> (Thumb, 26 bytes, Stack size 0 bytes, arm_startup_nrf51.o(.text))
<BR>[Address Reference Count : 1]<UL><LI> arm_startup_nrf51.o(RESET)
</UL>
<P><STRONG><a name="[4]"></a>NMI_Handler</STRONG> (Thumb, 2 bytes, Stack size 0 bytes, arm_startup_nrf51.o(.text))
<BR><BR>[Calls]<UL><LI><a href="#[4]">&gt;&gt;</a>&nbsp;&nbsp;&nbsp;NMI_Handler
</UL>
<BR>[Called By]<UL><LI><a href="#[4]">&gt;&gt;</a>&nbsp;&nbsp;&nbsp;NMI_Handler
</UL>
<BR>[Address Reference Count : 1]<UL><LI> arm_startup_nrf51.o(RESET)
</UL>
<P><STRONG><a name="[5]"></a>HardFault_Handler</STRONG> (Thumb, 2 bytes, Stack size 0 bytes, arm_startup_nrf51.o(.text))
<BR><BR>[Calls]<UL><LI><a href="#[5]">&gt;&gt;</a>&nbsp;&nbsp;&nbsp;HardFault_Handler
</UL>
<BR>[Called By]<UL><LI><a href="#[5]">&gt;&gt;</a>&nbsp;&nbsp;&nbsp;HardFault_Handler
</UL>
<BR>[Address Reference Count : 1]<UL><LI> arm_startup_nrf51.o(RESET)
</UL>
<P><STRONG><a name="[6]"></a>SVC_Handler</STRONG> (Thumb, 2 bytes, Stack size 0 bytes, arm_startup_nrf51.o(.text))
<BR><BR>[Calls]<UL><LI><a href="#[6]">&gt;&gt;</a>&nbsp;&nbsp;&nbsp;SVC_Handler
</UL>
<BR>[Called By]<UL><LI><a href="#[6]">&gt;&gt;</a>&nbsp;&nbsp;&nbsp;SVC_Handler
</UL>
<BR>[Address Reference Count : 1]<UL><LI> arm_startup_nrf51.o(RESET)
</UL>
<P><STRONG><a name="[7]"></a>PendSV_Handler</STRONG> (Thumb, 2 bytes, Stack size 0 bytes, arm_startup_nrf51.o(.text))
<BR><BR>[Calls]<UL><LI><a href="#[7]">&gt;&gt;</a>&nbsp;&nbsp;&nbsp;PendSV_Handler
</UL>
<BR>[Called By]<UL><LI><a href="#[7]">&gt;&gt;</a>&nbsp;&nbsp;&nbsp;PendSV_Handler
</UL>
<BR>[Address Reference Count : 1]<UL><LI> arm_startup_nrf51.o(RESET)
</UL>
<P><STRONG><a name="[8]"></a>SysTick_Handler</STRONG> (Thumb, 2 bytes, Stack size 0 bytes, arm_startup_nrf51.o(.text))
<BR><BR>[Calls]<UL><LI><a href="#[8]">&gt;&gt;</a>&nbsp;&nbsp;&nbsp;SysTick_Handler
</UL>
<BR>[Called By]<UL><LI><a href="#[8]">&gt;&gt;</a>&nbsp;&nbsp;&nbsp;SysTick_Handler
</UL>
<BR>[Address Reference Count : 1]<UL><LI> arm_startup_nrf51.o(RESET)
</UL>
<P><STRONG><a name="[17]"></a>CCM_AAR_IRQHandler</STRONG> (Thumb, 0 bytes, Stack size 0 bytes, arm_startup_nrf51.o(.text))
<BR><BR>[Calls]<UL><LI><a href="#[17]">&gt;&gt;</a>&nbsp;&nbsp;&nbsp;CCM_AAR_IRQHandler
</UL>
<BR>[Called By]<UL><LI><a href="#[17]">&gt;&gt;</a>&nbsp;&nbsp;&nbsp;CCM_AAR_IRQHandler
</UL>
<BR>[Address Reference Count : 1]<UL><LI> arm_startup_nrf51.o(RESET)
</UL>
<P><STRONG><a name="[16]"></a>ECB_IRQHandler</STRONG> (Thumb, 0 bytes, Stack size 0 bytes, arm_startup_nrf51.o(.text))
<BR>[Address Reference Count : 1]<UL><LI> arm_startup_nrf51.o(RESET)
</UL>
<P><STRONG><a name="[1b]"></a>LPCOMP_IRQHandler</STRONG> (Thumb, 0 bytes, Stack size 0 bytes, arm_startup_nrf51.o(.text))
<BR>[Address Reference Count : 1]<UL><LI> arm_startup_nrf51.o(RESET)
</UL>
<P><STRONG><a name="[9]"></a>POWER_CLOCK_IRQHandler</STRONG> (Thumb, 0 bytes, Stack size 0 bytes, arm_startup_nrf51.o(.text))
<BR>[Address Reference Count : 1]<UL><LI> arm_startup_nrf51.o(RESET)
</UL>
<P><STRONG><a name="[1a]"></a>QDEC_IRQHandler</STRONG> (Thumb, 0 bytes, Stack size 0 bytes, arm_startup_nrf51.o(.text))
<BR>[Address Reference Count : 1]<UL><LI> arm_startup_nrf51.o(RESET)
</UL>
<P><STRONG><a name="[15]"></a>RNG_IRQHandler</STRONG> (Thumb, 0 bytes, Stack size 0 bytes, arm_startup_nrf51.o(.text))
<BR>[Address Reference Count : 1]<UL><LI> arm_startup_nrf51.o(RESET)
</UL>
<P><STRONG><a name="[13]"></a>RTC0_IRQHandler</STRONG> (Thumb, 0 bytes, Stack size 0 bytes, arm_startup_nrf51.o(.text))
<BR>[Address Reference Count : 1]<UL><LI> arm_startup_nrf51.o(RESET)
</UL>
<P><STRONG><a name="[c]"></a>SPI0_TWI0_IRQHandler</STRONG> (Thumb, 0 bytes, Stack size 0 bytes, arm_startup_nrf51.o(.text))
<BR>[Address Reference Count : 1]<UL><LI> arm_startup_nrf51.o(RESET)
</UL>
<P><STRONG><a name="[d]"></a>SPI1_TWI1_IRQHandler</STRONG> (Thumb, 0 bytes, Stack size 0 bytes, arm_startup_nrf51.o(.text))
<BR>[Address Reference Count : 1]<UL><LI> arm_startup_nrf51.o(RESET)
</UL>
<P><STRONG><a name="[1f]"></a>SWI3_IRQHandler</STRONG> (Thumb, 0 bytes, Stack size 0 bytes, arm_startup_nrf51.o(.text))
<BR>[Address Reference Count : 1]<UL><LI> arm_startup_nrf51.o(RESET)
</UL>
<P><STRONG><a name="[20]"></a>SWI4_IRQHandler</STRONG> (Thumb, 0 bytes, Stack size 0 bytes, arm_startup_nrf51.o(.text))
<BR>[Address Reference Count : 1]<UL><LI> arm_startup_nrf51.o(RESET)
</UL>
<P><STRONG><a name="[21]"></a>SWI5_IRQHandler</STRONG> (Thumb, 0 bytes, Stack size 0 bytes, arm_startup_nrf51.o(.text))
<BR>[Address Reference Count : 1]<UL><LI> arm_startup_nrf51.o(RESET)
</UL>
<P><STRONG><a name="[14]"></a>TEMP_IRQHandler</STRONG> (Thumb, 0 bytes, Stack size 0 bytes, arm_startup_nrf51.o(.text))
<BR>[Address Reference Count : 1]<UL><LI> arm_startup_nrf51.o(RESET)
</UL>
<P><STRONG><a name="[10]"></a>TIMER0_IRQHandler</STRONG> (Thumb, 0 bytes, Stack size 0 bytes, arm_startup_nrf51.o(.text))
<BR>[Address Reference Count : 1]<UL><LI> arm_startup_nrf51.o(RESET)
</UL>
<P><STRONG><a name="[18]"></a>WDT_IRQHandler</STRONG> (Thumb, 0 bytes, Stack size 0 bytes, arm_startup_nrf51.o(.text))
<BR>[Address Reference Count : 1]<UL><LI> arm_startup_nrf51.o(RESET)
</UL>
<P><STRONG><a name="[267]"></a>__aeabi_uidiv</STRONG> (Thumb, 0 bytes, Stack size 12 bytes, uidiv.o(.text), UNUSED)

<P><STRONG><a name="[5b]"></a>__aeabi_uidivmod</STRONG> (Thumb, 44 bytes, Stack size 12 bytes, uidiv.o(.text))
<BR><BR>[Stack]<UL><LI>Max Depth = 12<LI>Call Chain = __aeabi_uidivmod
</UL>
<BR>[Called By]<UL><LI><a href="#[134]">&gt;&gt;</a>&nbsp;&nbsp;&nbsp;bsp_led_indication
<LI><a href="#[1a0]">&gt;&gt;</a>&nbsp;&nbsp;&nbsp;pstorage_flash_page_end
<LI><a href="#[160]">&gt;&gt;</a>&nbsp;&nbsp;&nbsp;pstorage_clear
<LI><a href="#[34]">&gt;&gt;</a>&nbsp;&nbsp;&nbsp;dm_pstorage_cb_handler
<LI><a href="#[4a]">&gt;&gt;</a>&nbsp;&nbsp;&nbsp;state_swap_erase_entry_run
<LI><a href="#[4d]">&gt;&gt;</a>&nbsp;&nbsp;&nbsp;state_restore_tail_entry_run
<LI><a href="#[24e]">&gt;&gt;</a>&nbsp;&nbsp;&nbsp;state_data_erase_swap_entry_run
<LI><a href="#[241]">&gt;&gt;</a>&nbsp;&nbsp;&nbsp;pstorage_flash_page_end
<LI><a href="#[1b4]">&gt;&gt;</a>&nbsp;&nbsp;&nbsp;is_tail_data_page_swap_required
<LI><a href="#[152]">&gt;&gt;</a>&nbsp;&nbsp;&nbsp;is_page_erase_required
<LI><a href="#[137]">&gt;&gt;</a>&nbsp;&nbsp;&nbsp;clear_operation_execute
<LI><a href="#[87]">&gt;&gt;</a>&nbsp;&nbsp;&nbsp;_PrintUnsigned
<LI><a href="#[5a]">&gt;&gt;</a>&nbsp;&nbsp;&nbsp;__aeabi_idivmod
</UL>

<P><STRONG><a name="[268]"></a>__aeabi_idiv</STRONG> (Thumb, 0 bytes, Stack size 16 bytes, idiv.o(.text), UNUSED)

<P><STRONG><a name="[5a]"></a>__aeabi_idivmod</STRONG> (Thumb, 40 bytes, Stack size 16 bytes, idiv.o(.text))
<BR><BR>[Stack]<UL><LI>Max Depth = 28<LI>Call Chain = __aeabi_idivmod &rArr; __aeabi_uidivmod
</UL>
<BR>[Calls]<UL><LI><a href="#[5b]">&gt;&gt;</a>&nbsp;&nbsp;&nbsp;__aeabi_uidivmod
</UL>
<BR>[Called By]<UL><LI><a href="#[ea]">&gt;&gt;</a>&nbsp;&nbsp;&nbsp;battery_level_update
<LI><a href="#[92]">&gt;&gt;</a>&nbsp;&nbsp;&nbsp;adc_change_data_calculate
<LI><a href="#[169]">&gt;&gt;</a>&nbsp;&nbsp;&nbsp;pstorage_register
<LI><a href="#[160]">&gt;&gt;</a>&nbsp;&nbsp;&nbsp;pstorage_clear
<LI><a href="#[139]">&gt;&gt;</a>&nbsp;&nbsp;&nbsp;tail_word_size_calculate
<LI><a href="#[86]">&gt;&gt;</a>&nbsp;&nbsp;&nbsp;_PrintInt
<LI><a href="#[19f]">&gt;&gt;</a>&nbsp;&nbsp;&nbsp;gzp_generate_channels
</UL>

<P><STRONG><a name="[269]"></a>___aeabi_memcpy8$move</STRONG> (Thumb, 0 bytes, Stack size 8 bytes, memmovea.o(.text), UNUSED)

<P><STRONG><a name="[91]"></a>__aeabi_memcpy</STRONG> (Thumb, 64 bytes, Stack size 8 bytes, memmovea.o(.text))
<BR><BR>[Stack]<UL><LI>Max Depth = 8<LI>Call Chain = __aeabi_memcpy
</UL>
<BR>[Called By]<UL><LI><a href="#[33]">&gt;&gt;</a>&nbsp;&nbsp;&nbsp;device_manager_evt_handler
<LI><a href="#[182]">&gt;&gt;</a>&nbsp;&nbsp;&nbsp;nrf_gzll_set_channel_table
<LI><a href="#[17c]">&gt;&gt;</a>&nbsp;&nbsp;&nbsp;nrf_gzll_init
<LI><a href="#[1ae]">&gt;&gt;</a>&nbsp;&nbsp;&nbsp;nrf_gzll_add_packet_to_tx_fifo
<LI><a href="#[185]">&gt;&gt;</a>&nbsp;&nbsp;&nbsp;gzp_address_req_send
<LI><a href="#[fb]">&gt;&gt;</a>&nbsp;&nbsp;&nbsp;on_connect
<LI><a href="#[fe]">&gt;&gt;</a>&nbsp;&nbsp;&nbsp;on_conn_params_update
<LI><a href="#[b1]">&gt;&gt;</a>&nbsp;&nbsp;&nbsp;service_data_encode
<LI><a href="#[b0]">&gt;&gt;</a>&nbsp;&nbsp;&nbsp;manuf_specific_data_encode
<LI><a href="#[aa]">&gt;&gt;</a>&nbsp;&nbsp;&nbsp;ble_device_addr_encode
<LI><a href="#[16c]">&gt;&gt;</a>&nbsp;&nbsp;&nbsp;dm_service_context_set
<LI><a href="#[165]">&gt;&gt;</a>&nbsp;&nbsp;&nbsp;dm_register
<LI><a href="#[16a]">&gt;&gt;</a>&nbsp;&nbsp;&nbsp;dm_peer_addr_get
<LI><a href="#[104]">&gt;&gt;</a>&nbsp;&nbsp;&nbsp;dm_ble_evt_handler
<LI><a href="#[f9]">&gt;&gt;</a>&nbsp;&nbsp;&nbsp;ble_conn_params_init
<LI><a href="#[133]">&gt;&gt;</a>&nbsp;&nbsp;&nbsp;pstorage_load
<LI><a href="#[15c]">&gt;&gt;</a>&nbsp;&nbsp;&nbsp;device_instance_allocate
<LI><a href="#[82]">&gt;&gt;</a>&nbsp;&nbsp;&nbsp;_WriteNoCheck
<LI><a href="#[83]">&gt;&gt;</a>&nbsp;&nbsp;&nbsp;_WriteBlocking
<LI><a href="#[19a]">&gt;&gt;</a>&nbsp;&nbsp;&nbsp;nrf_gzll_fetch_packet_from_rx_fifo
<LI><a href="#[1d3]">&gt;&gt;</a>&nbsp;&nbsp;&nbsp;nrf_gzll_device_tx_success
<LI><a href="#[1d4]">&gt;&gt;</a>&nbsp;&nbsp;&nbsp;nrf_gzll_device_tx_failed
<LI><a href="#[1ac]">&gt;&gt;</a>&nbsp;&nbsp;&nbsp;gzp_set_host_id
<LI><a href="#[19c]">&gt;&gt;</a>&nbsp;&nbsp;&nbsp;gzp_params_store
<LI><a href="#[1a8]">&gt;&gt;</a>&nbsp;&nbsp;&nbsp;gzp_params_db_read
</UL>

<P><STRONG><a name="[b5]"></a>__aeabi_memcpy4</STRONG> (Thumb, 0 bytes, Stack size 8 bytes, memmovea.o(.text))
<BR><BR>[Stack]<UL><LI>Max Depth = 8<LI>Call Chain = __aeabi_memcpy4
</UL>
<BR>[Called By]<UL><LI><a href="#[b3]">&gt;&gt;</a>&nbsp;&nbsp;&nbsp;advertising_init
<LI><a href="#[1c5]">&gt;&gt;</a>&nbsp;&nbsp;&nbsp;leds_init_Judge
<LI><a href="#[136]">&gt;&gt;</a>&nbsp;&nbsp;&nbsp;buttons_init_Judge
<LI><a href="#[f9]">&gt;&gt;</a>&nbsp;&nbsp;&nbsp;ble_conn_params_init
<LI><a href="#[b6]">&gt;&gt;</a>&nbsp;&nbsp;&nbsp;ble_advertising_init
<LI><a href="#[3f]">&gt;&gt;</a>&nbsp;&nbsp;&nbsp;gatts_context_store
</UL>

<P><STRONG><a name="[26a]"></a>__aeabi_memmove</STRONG> (Thumb, 0 bytes, Stack size 8 bytes, memmovea.o(.text), UNUSED)

<P><STRONG><a name="[26b]"></a>__aeabi_memmove4</STRONG> (Thumb, 0 bytes, Stack size 8 bytes, memmovea.o(.text), UNUSED)

<P><STRONG><a name="[26c]"></a>__aeabi_memmove8</STRONG> (Thumb, 0 bytes, Stack size 8 bytes, memmovea.o(.text), UNUSED)

<P><STRONG><a name="[5d]"></a>__aeabi_memset</STRONG> (Thumb, 14 bytes, Stack size 0 bytes, memseta.o(.text))
<BR><BR>[Called By]<UL><LI><a href="#[e5]">&gt;&gt;</a>&nbsp;&nbsp;&nbsp;nrf_pm_start_prx
<LI><a href="#[5e]">&gt;&gt;</a>&nbsp;&nbsp;&nbsp;_memset$wrapper
<LI><a href="#[5c]">&gt;&gt;</a>&nbsp;&nbsp;&nbsp;__aeabi_memclr
</UL>

<P><STRONG><a name="[26d]"></a>__aeabi_memset4</STRONG> (Thumb, 0 bytes, Stack size 0 bytes, memseta.o(.text), UNUSED)

<P><STRONG><a name="[26e]"></a>__aeabi_memset8</STRONG> (Thumb, 0 bytes, Stack size 0 bytes, memseta.o(.text), UNUSED)

<P><STRONG><a name="[5c]"></a>__aeabi_memclr</STRONG> (Thumb, 4 bytes, Stack size 0 bytes, memseta.o(.text))
<BR><BR>[Calls]<UL><LI><a href="#[5d]">&gt;&gt;</a>&nbsp;&nbsp;&nbsp;__aeabi_memset
</UL>
<BR>[Called By]<UL><LI><a href="#[109]">&gt;&gt;</a>&nbsp;&nbsp;&nbsp;device_manager_init
<LI><a href="#[ef]">&gt;&gt;</a>&nbsp;&nbsp;&nbsp;ble_advertising_peer_address_clear
<LI><a href="#[161]">&gt;&gt;</a>&nbsp;&nbsp;&nbsp;peer_instance_init
<LI><a href="#[14e]">&gt;&gt;</a>&nbsp;&nbsp;&nbsp;connection_instance_init
</UL>

<P><STRONG><a name="[b4]"></a>__aeabi_memclr4</STRONG> (Thumb, 0 bytes, Stack size 0 bytes, memseta.o(.text))
<BR><BR>[Called By]<UL><LI><a href="#[1b5]">&gt;&gt;</a>&nbsp;&nbsp;&nbsp;hids_init
<LI><a href="#[166]">&gt;&gt;</a>&nbsp;&nbsp;&nbsp;dis_init
<LI><a href="#[10c]">&gt;&gt;</a>&nbsp;&nbsp;&nbsp;conn_params_init
<LI><a href="#[e6]">&gt;&gt;</a>&nbsp;&nbsp;&nbsp;bas_init
<LI><a href="#[b3]">&gt;&gt;</a>&nbsp;&nbsp;&nbsp;advertising_init
<LI><a href="#[e8]">&gt;&gt;</a>&nbsp;&nbsp;&nbsp;battery_level_char_add
<LI><a href="#[127]">&gt;&gt;</a>&nbsp;&nbsp;&nbsp;softdevice_enable_get_default_config
<LI><a href="#[164]">&gt;&gt;</a>&nbsp;&nbsp;&nbsp;dm_init
<LI><a href="#[104]">&gt;&gt;</a>&nbsp;&nbsp;&nbsp;dm_ble_evt_handler
<LI><a href="#[b8]">&gt;&gt;</a>&nbsp;&nbsp;&nbsp;ble_advertising_start
<LI><a href="#[b6]">&gt;&gt;</a>&nbsp;&nbsp;&nbsp;ble_advertising_init
<LI><a href="#[11f]">&gt;&gt;</a>&nbsp;&nbsp;&nbsp;tx_char_add
<LI><a href="#[11e]">&gt;&gt;</a>&nbsp;&nbsp;&nbsp;rx_char_add
<LI><a href="#[3f]">&gt;&gt;</a>&nbsp;&nbsp;&nbsp;gatts_context_store
<LI><a href="#[34]">&gt;&gt;</a>&nbsp;&nbsp;&nbsp;dm_pstorage_cb_handler
<LI><a href="#[114]">&gt;&gt;</a>&nbsp;&nbsp;&nbsp;rep_map_char_add
<LI><a href="#[170]">&gt;&gt;</a>&nbsp;&nbsp;&nbsp;rep_char_add
<LI><a href="#[110]">&gt;&gt;</a>&nbsp;&nbsp;&nbsp;protocol_mode_char_add
<LI><a href="#[117]">&gt;&gt;</a>&nbsp;&nbsp;&nbsp;hid_information_char_add
<LI><a href="#[118]">&gt;&gt;</a>&nbsp;&nbsp;&nbsp;hid_control_point_char_add
<LI><a href="#[116]">&gt;&gt;</a>&nbsp;&nbsp;&nbsp;boot_kb_outp_rep_char_add
<LI><a href="#[115]">&gt;&gt;</a>&nbsp;&nbsp;&nbsp;boot_inp_rep_char_add
<LI><a href="#[101]">&gt;&gt;</a>&nbsp;&nbsp;&nbsp;char_add
</UL>

<P><STRONG><a name="[26f]"></a>__aeabi_memclr8</STRONG> (Thumb, 0 bytes, Stack size 0 bytes, memseta.o(.text), UNUSED)

<P><STRONG><a name="[5e]"></a>_memset$wrapper</STRONG> (Thumb, 18 bytes, Stack size 8 bytes, memseta.o(.text), UNUSED)
<BR><BR>[Calls]<UL><LI><a href="#[5d]">&gt;&gt;</a>&nbsp;&nbsp;&nbsp;__aeabi_memset
</UL>

<P><STRONG><a name="[124]"></a>strlen</STRONG> (Thumb, 14 bytes, Stack size 0 bytes, strlen.o(.text))
<BR><BR>[Called By]<UL><LI><a href="#[123]">&gt;&gt;</a>&nbsp;&nbsp;&nbsp;ble_srv_ascii_to_utf8
</UL>

<P><STRONG><a name="[15e]"></a>memcmp</STRONG> (Thumb, 26 bytes, Stack size 12 bytes, memcmp.o(.text))
<BR><BR>[Stack]<UL><LI>Max Depth = 12<LI>Call Chain = memcmp
</UL>
<BR>[Called By]<UL><LI><a href="#[3f]">&gt;&gt;</a>&nbsp;&nbsp;&nbsp;gatts_context_store
<LI><a href="#[34]">&gt;&gt;</a>&nbsp;&nbsp;&nbsp;dm_pstorage_cb_handler
<LI><a href="#[15d]">&gt;&gt;</a>&nbsp;&nbsp;&nbsp;device_instance_find
<LI><a href="#[19c]">&gt;&gt;</a>&nbsp;&nbsp;&nbsp;gzp_params_store
</UL>

<P><STRONG><a name="[90]"></a>strcpy</STRONG> (Thumb, 18 bytes, Stack size 0 bytes, strcpy.o(.text))
<BR><BR>[Called By]<UL><LI><a href="#[7d]">&gt;&gt;</a>&nbsp;&nbsp;&nbsp;_DoInit
</UL>

<P><STRONG><a name="[5f]"></a>__aeabi_dmul</STRONG> (Thumb, 202 bytes, Stack size 72 bytes, dmul.o(.text))
<BR><BR>[Stack]<UL><LI>Max Depth = 128<LI>Call Chain = __aeabi_dmul &rArr; _double_epilogue &rArr; __aeabi_llsl
</UL>
<BR>[Calls]<UL><LI><a href="#[60]">&gt;&gt;</a>&nbsp;&nbsp;&nbsp;_double_epilogue
</UL>
<BR>[Called By]<UL><LI><a href="#[ea]">&gt;&gt;</a>&nbsp;&nbsp;&nbsp;battery_level_update
</UL>

<P><STRONG><a name="[61]"></a>__aeabi_ui2d</STRONG> (Thumb, 24 bytes, Stack size 16 bytes, dfltui.o(.text))
<BR><BR>[Stack]<UL><LI>Max Depth = 72<LI>Call Chain = __aeabi_ui2d &rArr; _double_epilogue &rArr; __aeabi_llsl
</UL>
<BR>[Calls]<UL><LI><a href="#[60]">&gt;&gt;</a>&nbsp;&nbsp;&nbsp;_double_epilogue
</UL>
<BR>[Called By]<UL><LI><a href="#[ea]">&gt;&gt;</a>&nbsp;&nbsp;&nbsp;battery_level_update
</UL>

<P><STRONG><a name="[62]"></a>__aeabi_d2uiz</STRONG> (Thumb, 50 bytes, Stack size 8 bytes, dfixui.o(.text))
<BR><BR>[Stack]<UL><LI>Max Depth = 16<LI>Call Chain = __aeabi_d2uiz &rArr; __aeabi_llsr
</UL>
<BR>[Calls]<UL><LI><a href="#[63]">&gt;&gt;</a>&nbsp;&nbsp;&nbsp;__aeabi_llsr
</UL>
<BR>[Called By]<UL><LI><a href="#[ea]">&gt;&gt;</a>&nbsp;&nbsp;&nbsp;battery_level_update
</UL>

<P><STRONG><a name="[63]"></a>__aeabi_llsr</STRONG> (Thumb, 34 bytes, Stack size 8 bytes, llushr.o(.text))
<BR><BR>[Stack]<UL><LI>Max Depth = 8<LI>Call Chain = __aeabi_llsr
</UL>
<BR>[Called By]<UL><LI><a href="#[62]">&gt;&gt;</a>&nbsp;&nbsp;&nbsp;__aeabi_d2uiz
<LI><a href="#[60]">&gt;&gt;</a>&nbsp;&nbsp;&nbsp;_double_epilogue
</UL>

<P><STRONG><a name="[270]"></a>_ll_ushift_r</STRONG> (Thumb, 0 bytes, Stack size 8 bytes, llushr.o(.text), UNUSED)

<P><STRONG><a name="[271]"></a>__I$use$fp</STRONG> (Thumb, 0 bytes, Stack size 8 bytes, iusefp.o(.text), UNUSED)

<P><STRONG><a name="[66]"></a>_double_round</STRONG> (Thumb, 26 bytes, Stack size 8 bytes, depilogue.o(.text))
<BR><BR>[Stack]<UL><LI>Max Depth = 8<LI>Call Chain = _double_round
</UL>
<BR>[Called By]<UL><LI><a href="#[60]">&gt;&gt;</a>&nbsp;&nbsp;&nbsp;_double_epilogue
</UL>

<P><STRONG><a name="[60]"></a>_double_epilogue</STRONG> (Thumb, 164 bytes, Stack size 48 bytes, depilogue.o(.text))
<BR><BR>[Stack]<UL><LI>Max Depth = 56<LI>Call Chain = _double_epilogue &rArr; __aeabi_llsl
</UL>
<BR>[Calls]<UL><LI><a href="#[65]">&gt;&gt;</a>&nbsp;&nbsp;&nbsp;__aeabi_llsl
<LI><a href="#[64]">&gt;&gt;</a>&nbsp;&nbsp;&nbsp;__ARM_clz
<LI><a href="#[66]">&gt;&gt;</a>&nbsp;&nbsp;&nbsp;_double_round
<LI><a href="#[63]">&gt;&gt;</a>&nbsp;&nbsp;&nbsp;__aeabi_llsr
</UL>
<BR>[Called By]<UL><LI><a href="#[61]">&gt;&gt;</a>&nbsp;&nbsp;&nbsp;__aeabi_ui2d
<LI><a href="#[5f]">&gt;&gt;</a>&nbsp;&nbsp;&nbsp;__aeabi_dmul
</UL>

<P><STRONG><a name="[55]"></a>__scatterload</STRONG> (Thumb, 28 bytes, Stack size 0 bytes, init.o(.text))
<BR><BR>[Calls]<UL><LI><a href="#[67]">&gt;&gt;</a>&nbsp;&nbsp;&nbsp;__main_after_scatterload
</UL>
<BR>[Called By]<UL><LI><a href="#[54]">&gt;&gt;</a>&nbsp;&nbsp;&nbsp;_main_scatterload
</UL>

<P><STRONG><a name="[272]"></a>__scatterload_rt2</STRONG> (Thumb, 0 bytes, Stack size 0 bytes, init.o(.text), UNUSED)

<P><STRONG><a name="[65]"></a>__aeabi_llsl</STRONG> (Thumb, 32 bytes, Stack size 8 bytes, llshl.o(.text))
<BR><BR>[Stack]<UL><LI>Max Depth = 8<LI>Call Chain = __aeabi_llsl
</UL>
<BR>[Called By]<UL><LI><a href="#[60]">&gt;&gt;</a>&nbsp;&nbsp;&nbsp;_double_epilogue
</UL>

<P><STRONG><a name="[273]"></a>_ll_shift_l</STRONG> (Thumb, 0 bytes, Stack size 8 bytes, llshl.o(.text), UNUSED)

<P><STRONG><a name="[274]"></a>__decompress</STRONG> (Thumb, 0 bytes, Stack size unknown bytes, __dczerorl2.o(.text), UNUSED)

<P><STRONG><a name="[275]"></a>__decompress1</STRONG> (Thumb, 86 bytes, Stack size unknown bytes, __dczerorl2.o(.text), UNUSED)

<P><STRONG><a name="[f]"></a>ADC_IRQHandler</STRONG> (Thumb, 120 bytes, Stack size 16 bytes, nrf_drv_adc.o(i.ADC_IRQHandler))
<BR><BR>[Stack]<UL><LI>Max Depth = 24<LI>Call Chain = ADC_IRQHandler &rArr; adc_sample_process
</UL>
<BR>[Calls]<UL><LI><a href="#[69]">&gt;&gt;</a>&nbsp;&nbsp;&nbsp;nrf_adc_int_disable
<LI><a href="#[68]">&gt;&gt;</a>&nbsp;&nbsp;&nbsp;nrf_adc_event_clear
<LI><a href="#[6a]">&gt;&gt;</a>&nbsp;&nbsp;&nbsp;adc_sample_process
</UL>
<BR>[Address Reference Count : 1]<UL><LI> arm_startup_nrf51.o(RESET)
</UL>
<P><STRONG><a name="[6b]"></a>BETOP_switch_check</STRONG> (Thumb, 74 bytes, Stack size 8 bytes, ble_app_gzll_ui.o(i.BETOP_switch_check))
<BR><BR>[Stack]<UL><LI>Max Depth = 52<LI>Call Chain = BETOP_switch_check &rArr; nrf_gpio_cfg_input &rArr; nrf_gpio_cfg
</UL>
<BR>[Calls]<UL><LI><a href="#[6d]">&gt;&gt;</a>&nbsp;&nbsp;&nbsp;nrf_gpio_pins_read
<LI><a href="#[6c]">&gt;&gt;</a>&nbsp;&nbsp;&nbsp;nrf_gpio_cfg_input
<LI><a href="#[6e]">&gt;&gt;</a>&nbsp;&nbsp;&nbsp;btn_read_pin_state
</UL>
<BR>[Called By]<UL><LI><a href="#[22]">&gt;&gt;</a>&nbsp;&nbsp;&nbsp;main
</UL>

<P><STRONG><a name="[e]"></a>GPIOTE_IRQHandler</STRONG> (Thumb, 486 bytes, Stack size 64 bytes, nrf_drv_gpiote.o(i.GPIOTE_IRQHandler))
<BR><BR>[Stack]<UL><LI>Max Depth = 72<LI>Call Chain = GPIOTE_IRQHandler &rArr; nrf_gpiote_event_is_set
</UL>
<BR>[Calls]<UL><LI><a href="#[6f]">&gt;&gt;</a>&nbsp;&nbsp;&nbsp;nrf_gpiote_event_is_set
<LI><a href="#[70]">&gt;&gt;</a>&nbsp;&nbsp;&nbsp;nrf_gpiote_event_clear
<LI><a href="#[73]">&gt;&gt;</a>&nbsp;&nbsp;&nbsp;nrf_gpio_cfg_sense_set
<LI><a href="#[72]">&gt;&gt;</a>&nbsp;&nbsp;&nbsp;channel_port_get
<LI><a href="#[71]">&gt;&gt;</a>&nbsp;&nbsp;&nbsp;channel_handler_get
</UL>
<BR>[Address Reference Count : 1]<UL><LI> arm_startup_nrf51.o(RESET)
</UL>
<P><STRONG><a name="[3c]"></a>LED_FALSH_handler</STRONG> (Thumb, 10 bytes, Stack size 8 bytes, ble_app_gzll_ui.o(i.LED_FALSH_handler))
<BR><BR>[Stack]<UL><LI>Max Depth = 16<LI>Call Chain = LED_FALSH_handler &rArr; LED_FALSH_update
</UL>
<BR>[Calls]<UL><LI><a href="#[74]">&gt;&gt;</a>&nbsp;&nbsp;&nbsp;LED_FALSH_update
</UL>
<BR>[Address Reference Count : 1]<UL><LI> main.o(i.timers_init_and_start)
</UL>
<P><STRONG><a name="[74]"></a>LED_FALSH_update</STRONG> (Thumb, 132 bytes, Stack size 8 bytes, ble_app_gzll_ui.o(i.LED_FALSH_update))
<BR><BR>[Stack]<UL><LI>Max Depth = 8<LI>Call Chain = LED_FALSH_update
</UL>
<BR>[Calls]<UL><LI><a href="#[76]">&gt;&gt;</a>&nbsp;&nbsp;&nbsp;nrf_gpio_pin_set
<LI><a href="#[75]">&gt;&gt;</a>&nbsp;&nbsp;&nbsp;nrf_gpio_pin_clear
</UL>
<BR>[Called By]<UL><LI><a href="#[3c]">&gt;&gt;</a>&nbsp;&nbsp;&nbsp;LED_FALSH_handler
</UL>

<P><STRONG><a name="[77]"></a>NRF_ASSERT_INTERNAL_parse_and_forward</STRONG> (Thumb, 8 bytes, Stack size 8 bytes, nrf_assert_internal.o(i.NRF_ASSERT_INTERNAL_parse_and_forward))
<BR><BR>[Stack]<UL><LI>Max Depth = 8<LI>Call Chain = NRF_ASSERT_INTERNAL_parse_and_forward
</UL>
<BR>[Calls]<UL><LI><a href="#[78]">&gt;&gt;</a>&nbsp;&nbsp;&nbsp;nrf_assert_internal_callback
</UL>
<BR>[Called By]<UL><LI><a href="#[1ae]">&gt;&gt;</a>&nbsp;&nbsp;&nbsp;nrf_gzll_add_packet_to_tx_fifo
<LI><a href="#[18f]">&gt;&gt;</a>&nbsp;&nbsp;&nbsp;nrf_sm_set_next_state
<LI><a href="#[22a]">&gt;&gt;</a>&nbsp;&nbsp;&nbsp;nrf_pm_start_ptx
<LI><a href="#[e5]">&gt;&gt;</a>&nbsp;&nbsp;&nbsp;nrf_pm_start_prx
<LI><a href="#[157]">&gt;&gt;</a>&nbsp;&nbsp;&nbsp;nrf_pm_end_ptx
<LI><a href="#[dc]">&gt;&gt;</a>&nbsp;&nbsp;&nbsp;nrf_pm_end_prx
<LI><a href="#[21e]">&gt;&gt;</a>&nbsp;&nbsp;&nbsp;nrf_nm_init
<LI><a href="#[de]">&gt;&gt;</a>&nbsp;&nbsp;&nbsp;nrf_nm_add
<LI><a href="#[e3]">&gt;&gt;</a>&nbsp;&nbsp;&nbsp;nrf_lcore_start_operation
<LI><a href="#[e2]">&gt;&gt;</a>&nbsp;&nbsp;&nbsp;nrf_lcore_prepare_operation
<LI><a href="#[1f5]">&gt;&gt;</a>&nbsp;&nbsp;&nbsp;nrf_flw_init
<LI><a href="#[15b]">&gt;&gt;</a>&nbsp;&nbsp;&nbsp;nrf_chm_set_current_timeslot
<LI><a href="#[1dc]">&gt;&gt;</a>&nbsp;&nbsp;&nbsp;nrf_chm_set_current_channel_index
<LI><a href="#[1db]">&gt;&gt;</a>&nbsp;&nbsp;&nbsp;nrf_chm_init
<LI><a href="#[1da]">&gt;&gt;</a>&nbsp;&nbsp;&nbsp;nrf_chm_get_current_channel
<LI><a href="#[79]">&gt;&gt;</a>&nbsp;&nbsp;&nbsp;NRF_flw_prepare_call
<LI><a href="#[1]">&gt;&gt;</a>&nbsp;&nbsp;&nbsp;nrf_impl_state_fun_timeslot_start
<LI><a href="#[2]">&gt;&gt;</a>&nbsp;&nbsp;&nbsp;nrf_impl_state_fun_device_send_packet
<LI><a href="#[e0]">&gt;&gt;</a>&nbsp;&nbsp;&nbsp;async_state_rx_enabling
<LI><a href="#[2b]">&gt;&gt;</a>&nbsp;&nbsp;&nbsp;async_state_packet_received
<LI><a href="#[222]">&gt;&gt;</a>&nbsp;&nbsp;&nbsp;update_mode
<LI><a href="#[217]">&gt;&gt;</a>&nbsp;&nbsp;&nbsp;sm_start
<LI><a href="#[1cc]">&gt;&gt;</a>&nbsp;&nbsp;&nbsp;m_nrf_impl_restore_all_hw_params
<LI><a href="#[18c]">&gt;&gt;</a>&nbsp;&nbsp;&nbsp;goto_disable
<LI><a href="#[39]">&gt;&gt;</a>&nbsp;&nbsp;&nbsp;device_ack_received
<LI><a href="#[20f]">&gt;&gt;</a>&nbsp;&nbsp;&nbsp;nrf_impl_set_prefix_byte
<LI><a href="#[206]">&gt;&gt;</a>&nbsp;&nbsp;&nbsp;nrf_impl_set_channel_table
<LI><a href="#[205]">&gt;&gt;</a>&nbsp;&nbsp;&nbsp;nrf_impl_init
<LI><a href="#[201]">&gt;&gt;</a>&nbsp;&nbsp;&nbsp;nrf_impl_flush_tx_fifo
<LI><a href="#[20d]">&gt;&gt;</a>&nbsp;&nbsp;&nbsp;nrf_impl_enable_rssi
<LI><a href="#[1fd]">&gt;&gt;</a>&nbsp;&nbsp;&nbsp;nrf_impl_enable
<LI><a href="#[37]">&gt;&gt;</a>&nbsp;&nbsp;&nbsp;notification_cb
<LI><a href="#[19a]">&gt;&gt;</a>&nbsp;&nbsp;&nbsp;nrf_gzll_fetch_packet_from_rx_fifo
<LI><a href="#[1f4]">&gt;&gt;</a>&nbsp;&nbsp;&nbsp;nrf_fifo_reserve_packet
<LI><a href="#[1f3]">&gt;&gt;</a>&nbsp;&nbsp;&nbsp;nrf_fifo_read_packet
<LI><a href="#[1f2]">&gt;&gt;</a>&nbsp;&nbsp;&nbsp;nrf_fifo_put_packet
<LI><a href="#[1f1]">&gt;&gt;</a>&nbsp;&nbsp;&nbsp;nrf_fifo_pop_packet
<LI><a href="#[1f0]">&gt;&gt;</a>&nbsp;&nbsp;&nbsp;nrf_fifo_get_packet_count
<LI><a href="#[1ef]">&gt;&gt;</a>&nbsp;&nbsp;&nbsp;nrf_fifo_free_packet
<LI><a href="#[1ee]">&gt;&gt;</a>&nbsp;&nbsp;&nbsp;nrf_fifo_flush
<LI><a href="#[a]">&gt;&gt;</a>&nbsp;&nbsp;&nbsp;RADIO_IRQHandler
<LI><a href="#[7a]">&gt;&gt;</a>&nbsp;&nbsp;&nbsp;nrf_lcore_handler_rx_enable_start_tx_enable_start_disable
<LI><a href="#[12]">&gt;&gt;</a>&nbsp;&nbsp;&nbsp;TIMER2_IRQHandler
</UL>

<P><STRONG><a name="[79]"></a>NRF_flw_prepare_call</STRONG> (Thumb, 196 bytes, Stack size 32 bytes, nrf_flywheel.o(i.NRF_flw_prepare_call))
<BR><BR>[Stack]<UL><LI>Max Depth = 40<LI>Call Chain = NRF_flw_prepare_call &rArr; NRF_ASSERT_INTERNAL_parse_and_forward
</UL>
<BR>[Calls]<UL><LI><a href="#[77]">&gt;&gt;</a>&nbsp;&nbsp;&nbsp;NRF_ASSERT_INTERNAL_parse_and_forward
</UL>
<BR>[Called By]<UL><LI><a href="#[1]">&gt;&gt;</a>&nbsp;&nbsp;&nbsp;nrf_impl_state_fun_timeslot_start
<LI><a href="#[2]">&gt;&gt;</a>&nbsp;&nbsp;&nbsp;nrf_impl_state_fun_device_send_packet
<LI><a href="#[217]">&gt;&gt;</a>&nbsp;&nbsp;&nbsp;sm_start
</UL>

<P><STRONG><a name="[a]"></a>RADIO_IRQHandler</STRONG> (Thumb, 382 bytes, Stack size 24 bytes, nrf_link_core.o(i.RADIO_IRQHandler))
<BR><BR>[Stack]<UL><LI>Max Depth = 56<LI>Call Chain = RADIO_IRQHandler &rArr; nrf_lcore_handler_rx_enable_start_tx_enable_start_disable &rArr; NRF_ASSERT_INTERNAL_parse_and_forward
</UL>
<BR>[Calls]<UL><LI><a href="#[77]">&gt;&gt;</a>&nbsp;&nbsp;&nbsp;NRF_ASSERT_INTERNAL_parse_and_forward
<LI><a href="#[7a]">&gt;&gt;</a>&nbsp;&nbsp;&nbsp;nrf_lcore_handler_rx_enable_start_tx_enable_start_disable
</UL>
<BR>[Address Reference Count : 1]<UL><LI> arm_startup_nrf51.o(RESET)
</UL>
<P><STRONG><a name="[19]"></a>RTC1_IRQHandler</STRONG> (Thumb, 34 bytes, Stack size 8 bytes, app_timer_ble_gzll.o(i.RTC1_IRQHandler))
<BR><BR>[Stack]<UL><LI>Max Depth = 224<LI>Call Chain = RTC1_IRQHandler &rArr; timer_timeouts_check &rArr; timeout_handler_exec &rArr; app_error_handler &rArr; app_error_fault_handler &rArr; bsp_indication_set &rArr; bsp_led_indication &rArr; app_timer_start &rArr; timer_start_op_schedule &rArr; user_op_alloc
</UL>
<BR>[Calls]<UL><LI><a href="#[7b]">&gt;&gt;</a>&nbsp;&nbsp;&nbsp;timer_timeouts_check
</UL>
<BR>[Address Reference Count : 1]<UL><LI> arm_startup_nrf51.o(RESET)
</UL>
<P><STRONG><a name="[7c]"></a>SEGGER_RTT_ConfigDownBuffer</STRONG> (Thumb, 124 bytes, Stack size 40 bytes, segger_rtt.o(i.SEGGER_RTT_ConfigDownBuffer))
<BR><BR>[Stack]<UL><LI>Max Depth = 48<LI>Call Chain = SEGGER_RTT_ConfigDownBuffer &rArr; _DoInit
</UL>
<BR>[Calls]<UL><LI><a href="#[7d]">&gt;&gt;</a>&nbsp;&nbsp;&nbsp;_DoInit
</UL>
<BR>[Called By]<UL><LI><a href="#[1ca]">&gt;&gt;</a>&nbsp;&nbsp;&nbsp;log_rtt_init
</UL>

<P><STRONG><a name="[7e]"></a>SEGGER_RTT_ConfigUpBuffer</STRONG> (Thumb, 124 bytes, Stack size 40 bytes, segger_rtt.o(i.SEGGER_RTT_ConfigUpBuffer))
<BR><BR>[Stack]<UL><LI>Max Depth = 48<LI>Call Chain = SEGGER_RTT_ConfigUpBuffer &rArr; _DoInit
</UL>
<BR>[Calls]<UL><LI><a href="#[7d]">&gt;&gt;</a>&nbsp;&nbsp;&nbsp;_DoInit
</UL>
<BR>[Called By]<UL><LI><a href="#[1ca]">&gt;&gt;</a>&nbsp;&nbsp;&nbsp;log_rtt_init
</UL>

<P><STRONG><a name="[7f]"></a>SEGGER_RTT_Write</STRONG> (Thumb, 44 bytes, Stack size 24 bytes, segger_rtt.o(i.SEGGER_RTT_Write))
<BR><BR>[Stack]<UL><LI>Max Depth = 112<LI>Call Chain = SEGGER_RTT_Write &rArr; SEGGER_RTT_WriteNoLock &rArr; _WriteNoCheck &rArr; __aeabi_memcpy
</UL>
<BR>[Calls]<UL><LI><a href="#[80]">&gt;&gt;</a>&nbsp;&nbsp;&nbsp;SEGGER_RTT_WriteNoLock
<LI><a href="#[7d]">&gt;&gt;</a>&nbsp;&nbsp;&nbsp;_DoInit
</UL>
<BR>[Called By]<UL><LI><a href="#[85]">&gt;&gt;</a>&nbsp;&nbsp;&nbsp;_StoreChar
<LI><a href="#[84]">&gt;&gt;</a>&nbsp;&nbsp;&nbsp;SEGGER_RTT_vprintf
</UL>

<P><STRONG><a name="[80]"></a>SEGGER_RTT_WriteNoLock</STRONG> (Thumb, 128 bytes, Stack size 40 bytes, segger_rtt.o(i.SEGGER_RTT_WriteNoLock))
<BR><BR>[Stack]<UL><LI>Max Depth = 88<LI>Call Chain = SEGGER_RTT_WriteNoLock &rArr; _WriteNoCheck &rArr; __aeabi_memcpy
</UL>
<BR>[Calls]<UL><LI><a href="#[82]">&gt;&gt;</a>&nbsp;&nbsp;&nbsp;_WriteNoCheck
<LI><a href="#[83]">&gt;&gt;</a>&nbsp;&nbsp;&nbsp;_WriteBlocking
<LI><a href="#[81]">&gt;&gt;</a>&nbsp;&nbsp;&nbsp;_GetAvailWriteSpace
</UL>
<BR>[Called By]<UL><LI><a href="#[7f]">&gt;&gt;</a>&nbsp;&nbsp;&nbsp;SEGGER_RTT_Write
</UL>

<P><STRONG><a name="[84]"></a>SEGGER_RTT_vprintf</STRONG> (Thumb, 536 bytes, Stack size 136 bytes, segger_rtt_printf.o(i.SEGGER_RTT_vprintf))
<BR><BR>[Stack]<UL><LI>Max Depth = 376<LI>Call Chain = SEGGER_RTT_vprintf &rArr; _PrintInt &rArr; _PrintUnsigned &rArr; _StoreChar &rArr; SEGGER_RTT_Write &rArr; SEGGER_RTT_WriteNoLock &rArr; _WriteNoCheck &rArr; __aeabi_memcpy
</UL>
<BR>[Calls]<UL><LI><a href="#[85]">&gt;&gt;</a>&nbsp;&nbsp;&nbsp;_StoreChar
<LI><a href="#[87]">&gt;&gt;</a>&nbsp;&nbsp;&nbsp;_PrintUnsigned
<LI><a href="#[86]">&gt;&gt;</a>&nbsp;&nbsp;&nbsp;_PrintInt
<LI><a href="#[7f]">&gt;&gt;</a>&nbsp;&nbsp;&nbsp;SEGGER_RTT_Write
</UL>
<BR>[Called By]<UL><LI><a href="#[1cb]">&gt;&gt;</a>&nbsp;&nbsp;&nbsp;log_rtt_printf
</UL>

<P><STRONG><a name="[1c]"></a>SWI0_IRQHandler</STRONG> (Thumb, 130 bytes, Stack size 24 bytes, nrf_notification_manager.o(i.SWI0_IRQHandler))
<BR><BR>[Stack]<UL><LI>Max Depth = 24<LI>Call Chain = SWI0_IRQHandler
</UL>
<BR>[Address Reference Count : 1]<UL><LI> arm_startup_nrf51.o(RESET)
</UL>
<P><STRONG><a name="[1d]"></a>SWI1_IRQHandler</STRONG> (Thumb, 8 bytes, Stack size 8 bytes, app_timer_ble_gzll.o(i.SWI1_IRQHandler))
<BR><BR>[Stack]<UL><LI>Max Depth = 84<LI>Call Chain = SWI1_IRQHandler &rArr; timer_list_handler &rArr; list_deletions_handler &rArr; timer_list_remove
</UL>
<BR>[Calls]<UL><LI><a href="#[88]">&gt;&gt;</a>&nbsp;&nbsp;&nbsp;timer_list_handler
</UL>
<BR>[Address Reference Count : 1]<UL><LI> arm_startup_nrf51.o(RESET)
</UL>
<P><STRONG><a name="[1e]"></a>SWI2_IRQHandler</STRONG> (Thumb, 52 bytes, Stack size 16 bytes, softdevice_handler.o(i.SWI2_IRQHandler))
<BR><BR>[Stack]<UL><LI>Max Depth = 216<LI>Call Chain = SWI2_IRQHandler &rArr; intern_softdevice_events_execute &rArr; app_error_handler &rArr; app_error_fault_handler &rArr; bsp_indication_set &rArr; bsp_led_indication &rArr; app_timer_start &rArr; timer_start_op_schedule &rArr; user_op_alloc
</UL>
<BR>[Calls]<UL><LI><a href="#[89]">&gt;&gt;</a>&nbsp;&nbsp;&nbsp;app_error_handler
<LI><a href="#[8a]">&gt;&gt;</a>&nbsp;&nbsp;&nbsp;intern_softdevice_events_execute
</UL>
<BR>[Address Reference Count : 1]<UL><LI> arm_startup_nrf51.o(RESET)
</UL>
<P><STRONG><a name="[23]"></a>SystemInit</STRONG> (Thumb, 76 bytes, Stack size 8 bytes, system_nrf51.o(i.SystemInit))
<BR><BR>[Stack]<UL><LI>Max Depth = 8<LI>Call Chain = SystemInit
</UL>
<BR>[Calls]<UL><LI><a href="#[8d]">&gt;&gt;</a>&nbsp;&nbsp;&nbsp;is_peripheral_domain_setup_needed
<LI><a href="#[8b]">&gt;&gt;</a>&nbsp;&nbsp;&nbsp;is_manual_peripheral_setup_needed
<LI><a href="#[8c]">&gt;&gt;</a>&nbsp;&nbsp;&nbsp;is_disabled_in_debug_needed
</UL>
<BR>[Address Reference Count : 1]<UL><LI> arm_startup_nrf51.o(.text)
</UL>
<P><STRONG><a name="[11]"></a>TIMER1_IRQHandler</STRONG> (Thumb, 14 bytes, Stack size 8 bytes, nrf_drv_timer.o(i.TIMER1_IRQHandler))
<BR><BR>[Stack]<UL><LI>Max Depth = 48<LI>Call Chain = TIMER1_IRQHandler &rArr; irq_handler
</UL>
<BR>[Calls]<UL><LI><a href="#[8e]">&gt;&gt;</a>&nbsp;&nbsp;&nbsp;irq_handler
</UL>
<BR>[Address Reference Count : 1]<UL><LI> arm_startup_nrf51.o(RESET)
</UL>
<P><STRONG><a name="[12]"></a>TIMER2_IRQHandler</STRONG> (Thumb, 84 bytes, Stack size 16 bytes, nrf_flywheel.o(i.TIMER2_IRQHandler))
<BR><BR>[Stack]<UL><LI>Max Depth = 24<LI>Call Chain = TIMER2_IRQHandler &rArr; NRF_ASSERT_INTERNAL_parse_and_forward
</UL>
<BR>[Calls]<UL><LI><a href="#[77]">&gt;&gt;</a>&nbsp;&nbsp;&nbsp;NRF_ASSERT_INTERNAL_parse_and_forward
</UL>
<BR>[Address Reference Count : 1]<UL><LI> arm_startup_nrf51.o(RESET)
</UL>
<P><STRONG><a name="[b]"></a>UART0_IRQHandler</STRONG> (Thumb, 8 bytes, Stack size 8 bytes, nrf_drv_uart.o(i.UART0_IRQHandler))
<BR><BR>[Stack]<UL><LI>Max Depth = 72<LI>Call Chain = UART0_IRQHandler &rArr; uart_irq_handler &rArr; rx_done_event
</UL>
<BR>[Calls]<UL><LI><a href="#[8f]">&gt;&gt;</a>&nbsp;&nbsp;&nbsp;uart_irq_handler
</UL>
<BR>[Address Reference Count : 1]<UL><LI> arm_startup_nrf51.o(RESET)
</UL>
<P><STRONG><a name="[64]"></a>__ARM_clz</STRONG> (Thumb, 46 bytes, Stack size 0 bytes, depilogue.o(i.__ARM_clz))
<BR><BR>[Called By]<UL><LI><a href="#[60]">&gt;&gt;</a>&nbsp;&nbsp;&nbsp;_double_epilogue
</UL>

<P><STRONG><a name="[135]"></a>__ARM_common_switch8</STRONG> (Thumb, 28 bytes, Stack size 8 bytes, ble_app_gzll_device.o(i.__ARM_common_switch8))
<BR><BR>[Stack]<UL><LI>Max Depth = 8<LI>Call Chain = __ARM_common_switch8
</UL>
<BR>[Called By]<UL><LI><a href="#[28]">&gt;&gt;</a>&nbsp;&nbsp;&nbsp;on_adv_evt
<LI><a href="#[243]">&gt;&gt;</a>&nbsp;&nbsp;&nbsp;read_mouse_and_send2
<LI><a href="#[23f]">&gt;&gt;</a>&nbsp;&nbsp;&nbsp;read_mouse_and_send_change
<LI><a href="#[134]">&gt;&gt;</a>&nbsp;&nbsp;&nbsp;bsp_led_indication
</UL>

<P><STRONG><a name="[276]"></a>__scatterload_copy</STRONG> (Thumb, 14 bytes, Stack size unknown bytes, handlers.o(i.__scatterload_copy), UNUSED)

<P><STRONG><a name="[277]"></a>__scatterload_null</STRONG> (Thumb, 2 bytes, Stack size unknown bytes, handlers.o(i.__scatterload_null), UNUSED)

<P><STRONG><a name="[278]"></a>__scatterload_zeroinit</STRONG> (Thumb, 14 bytes, Stack size unknown bytes, handlers.o(i.__scatterload_zeroinit), UNUSED)

<P><STRONG><a name="[92]"></a>adc_change_data_calculate</STRONG> (Thumb, 1102 bytes, Stack size 8 bytes, ble_app_adc.o(i.adc_change_data_calculate))
<BR><BR>[Stack]<UL><LI>Max Depth = 36<LI>Call Chain = adc_change_data_calculate &rArr; __aeabi_idivmod &rArr; __aeabi_uidivmod
</UL>
<BR>[Calls]<UL><LI><a href="#[5a]">&gt;&gt;</a>&nbsp;&nbsp;&nbsp;__aeabi_idivmod
</UL>
<BR>[Called By]<UL><LI><a href="#[243]">&gt;&gt;</a>&nbsp;&nbsp;&nbsp;read_mouse_and_send2
<LI><a href="#[1d1]">&gt;&gt;</a>&nbsp;&nbsp;&nbsp;power_manage
</UL>

<P><STRONG><a name="[96]"></a>adc_disinit</STRONG> (Thumb, 22 bytes, Stack size 8 bytes, ble_app_adc.o(i.adc_disinit))
<BR><BR>[Stack]<UL><LI>Max Depth = 32<LI>Call Chain = adc_disinit &rArr; nrf_drv_ppi_channel_disable &rArr; is_app_channel
</UL>
<BR>[Calls]<UL><LI><a href="#[97]">&gt;&gt;</a>&nbsp;&nbsp;&nbsp;nrf_drv_timer_uninit
<LI><a href="#[99]">&gt;&gt;</a>&nbsp;&nbsp;&nbsp;nrf_drv_ppi_channel_disable
<LI><a href="#[98]">&gt;&gt;</a>&nbsp;&nbsp;&nbsp;nrf_drv_adc_uninit
</UL>
<BR>[Called By]<UL><LI><a href="#[188]">&gt;&gt;</a>&nbsp;&nbsp;&nbsp;goto_syetem_off
</UL>

<P><STRONG><a name="[9b]"></a>adc_init</STRONG> (Thumb, 48 bytes, Stack size 8 bytes, ble_app_adc.o(i.adc_init))
<BR><BR>[Stack]<UL><LI>Max Depth = 224<LI>Call Chain = adc_init &rArr; adc_sampling_event_init &rArr; app_error_handler &rArr; app_error_fault_handler &rArr; bsp_indication_set &rArr; bsp_led_indication &rArr; app_timer_start &rArr; timer_start_op_schedule &rArr; user_op_alloc
</UL>
<BR>[Calls]<UL><LI><a href="#[89]">&gt;&gt;</a>&nbsp;&nbsp;&nbsp;app_error_handler
<LI><a href="#[9a]">&gt;&gt;</a>&nbsp;&nbsp;&nbsp;nrf_drv_adc_buffer_convert
<LI><a href="#[9c]">&gt;&gt;</a>&nbsp;&nbsp;&nbsp;adc_sampling_event_init
<LI><a href="#[9d]">&gt;&gt;</a>&nbsp;&nbsp;&nbsp;adc_sampling_event_enable
<LI><a href="#[93]">&gt;&gt;</a>&nbsp;&nbsp;&nbsp;adc_config
</UL>
<BR>[Called By]<UL><LI><a href="#[22]">&gt;&gt;</a>&nbsp;&nbsp;&nbsp;main
</UL>

<P><STRONG><a name="[a6]"></a>adv_data_encode</STRONG> (Thumb, 500 bytes, Stack size 40 bytes, ble_advdata.o(i.adv_data_encode))
<BR><BR>[Stack]<UL><LI>Max Depth = 152<LI>Call Chain = adv_data_encode &rArr; uuid_list_encode &rArr; uuid_list_sized_encode
</UL>
<BR>[Calls]<UL><LI><a href="#[ae]">&gt;&gt;</a>&nbsp;&nbsp;&nbsp;uuid_list_encode
<LI><a href="#[ad]">&gt;&gt;</a>&nbsp;&nbsp;&nbsp;tx_power_level_encode
<LI><a href="#[a8]">&gt;&gt;</a>&nbsp;&nbsp;&nbsp;tk_value_encode
<LI><a href="#[b1]">&gt;&gt;</a>&nbsp;&nbsp;&nbsp;service_data_encode
<LI><a href="#[a7]">&gt;&gt;</a>&nbsp;&nbsp;&nbsp;sec_mgr_oob_flags_encode
<LI><a href="#[b2]">&gt;&gt;</a>&nbsp;&nbsp;&nbsp;name_encode
<LI><a href="#[b0]">&gt;&gt;</a>&nbsp;&nbsp;&nbsp;manuf_specific_data_encode
<LI><a href="#[a9]">&gt;&gt;</a>&nbsp;&nbsp;&nbsp;le_role_encode
<LI><a href="#[ac]">&gt;&gt;</a>&nbsp;&nbsp;&nbsp;flags_encode
<LI><a href="#[af]">&gt;&gt;</a>&nbsp;&nbsp;&nbsp;conn_int_encode
<LI><a href="#[aa]">&gt;&gt;</a>&nbsp;&nbsp;&nbsp;ble_device_addr_encode
<LI><a href="#[ab]">&gt;&gt;</a>&nbsp;&nbsp;&nbsp;appearance_encode
</UL>
<BR>[Called By]<UL><LI><a href="#[ec]">&gt;&gt;</a>&nbsp;&nbsp;&nbsp;ble_advdata_set
</UL>

<P><STRONG><a name="[ba]"></a>app_error_fault_handler</STRONG> (Thumb, 26 bytes, Stack size 16 bytes, app_error_weak.o(i.app_error_fault_handler))
<BR><BR>[Stack]<UL><LI>Max Depth = 144<LI>Call Chain = app_error_fault_handler &rArr; bsp_indication_set &rArr; bsp_led_indication &rArr; app_timer_start &rArr; timer_start_op_schedule &rArr; user_op_alloc
</UL>
<BR>[Calls]<UL><LI><a href="#[bb]">&gt;&gt;</a>&nbsp;&nbsp;&nbsp;bsp_indication_set
<LI><a href="#[bc]">&gt;&gt;</a>&nbsp;&nbsp;&nbsp;app_error_save_and_stop
</UL>
<BR>[Called By]<UL><LI><a href="#[89]">&gt;&gt;</a>&nbsp;&nbsp;&nbsp;app_error_handler
<LI><a href="#[3b]">&gt;&gt;</a>&nbsp;&nbsp;&nbsp;softdevice_fault_handler
</UL>

<P><STRONG><a name="[89]"></a>app_error_handler</STRONG> (Thumb, 28 bytes, Stack size 32 bytes, app_error.o(i.app_error_handler))
<BR><BR>[Stack]<UL><LI>Max Depth = 176<LI>Call Chain = app_error_handler &rArr; app_error_fault_handler &rArr; bsp_indication_set &rArr; bsp_led_indication &rArr; app_timer_start &rArr; timer_start_op_schedule &rArr; user_op_alloc
</UL>
<BR>[Calls]<UL><LI><a href="#[ba]">&gt;&gt;</a>&nbsp;&nbsp;&nbsp;app_error_fault_handler
</UL>
<BR>[Called By]<UL><LI><a href="#[36]">&gt;&gt;</a>&nbsp;&nbsp;&nbsp;service_error_handler
<LI><a href="#[12e]">&gt;&gt;</a>&nbsp;&nbsp;&nbsp;reset_prepare
<LI><a href="#[35]">&gt;&gt;</a>&nbsp;&nbsp;&nbsp;on_hids_evt
<LI><a href="#[235]">&gt;&gt;</a>&nbsp;&nbsp;&nbsp;on_hid_rep_char_write
<LI><a href="#[106]">&gt;&gt;</a>&nbsp;&nbsp;&nbsp;on_ble_evt
<LI><a href="#[28]">&gt;&gt;</a>&nbsp;&nbsp;&nbsp;on_adv_evt
<LI><a href="#[231]">&gt;&gt;</a>&nbsp;&nbsp;&nbsp;nus_init
<LI><a href="#[1b5]">&gt;&gt;</a>&nbsp;&nbsp;&nbsp;hids_init
<LI><a href="#[10a]">&gt;&gt;</a>&nbsp;&nbsp;&nbsp;gap_params_init
<LI><a href="#[166]">&gt;&gt;</a>&nbsp;&nbsp;&nbsp;dis_init
<LI><a href="#[109]">&gt;&gt;</a>&nbsp;&nbsp;&nbsp;device_manager_init
<LI><a href="#[33]">&gt;&gt;</a>&nbsp;&nbsp;&nbsp;device_manager_evt_handler
<LI><a href="#[10c]">&gt;&gt;</a>&nbsp;&nbsp;&nbsp;conn_params_init
<LI><a href="#[2f]">&gt;&gt;</a>&nbsp;&nbsp;&nbsp;conn_params_error_handler
<LI><a href="#[125]">&gt;&gt;</a>&nbsp;&nbsp;&nbsp;ble_stack_init
<LI><a href="#[27]">&gt;&gt;</a>&nbsp;&nbsp;&nbsp;ble_advertising_error_handler
<LI><a href="#[ea]">&gt;&gt;</a>&nbsp;&nbsp;&nbsp;battery_level_update
<LI><a href="#[e6]">&gt;&gt;</a>&nbsp;&nbsp;&nbsp;bas_init
<LI><a href="#[da]">&gt;&gt;</a>&nbsp;&nbsp;&nbsp;application_timers_start
<LI><a href="#[b9]">&gt;&gt;</a>&nbsp;&nbsp;&nbsp;advertising_stop
<LI><a href="#[b7]">&gt;&gt;</a>&nbsp;&nbsp;&nbsp;advertising_start
<LI><a href="#[b3]">&gt;&gt;</a>&nbsp;&nbsp;&nbsp;advertising_init
<LI><a href="#[186]">&gt;&gt;</a>&nbsp;&nbsp;&nbsp;key_sense_turbo
<LI><a href="#[12d]">&gt;&gt;</a>&nbsp;&nbsp;&nbsp;ble_stack_stop
<LI><a href="#[10d]">&gt;&gt;</a>&nbsp;&nbsp;&nbsp;ble_hid_app_stop
<LI><a href="#[9b]">&gt;&gt;</a>&nbsp;&nbsp;&nbsp;adc_init
<LI><a href="#[1cf]">&gt;&gt;</a>&nbsp;&nbsp;&nbsp;timers_init_and_start
<LI><a href="#[1d1]">&gt;&gt;</a>&nbsp;&nbsp;&nbsp;power_manage
<LI><a href="#[e9]">&gt;&gt;</a>&nbsp;&nbsp;&nbsp;ble_srv_report_ref_encode
<LI><a href="#[9c]">&gt;&gt;</a>&nbsp;&nbsp;&nbsp;adc_sampling_event_init
<LI><a href="#[9d]">&gt;&gt;</a>&nbsp;&nbsp;&nbsp;adc_sampling_event_enable
<LI><a href="#[25]">&gt;&gt;</a>&nbsp;&nbsp;&nbsp;adc_event_handler
<LI><a href="#[93]">&gt;&gt;</a>&nbsp;&nbsp;&nbsp;adc_config
<LI><a href="#[104]">&gt;&gt;</a>&nbsp;&nbsp;&nbsp;dm_ble_evt_handler
<LI><a href="#[34]">&gt;&gt;</a>&nbsp;&nbsp;&nbsp;dm_pstorage_cb_handler
<LI><a href="#[16d]">&gt;&gt;</a>&nbsp;&nbsp;&nbsp;encode_hid_information
<LI><a href="#[102]">&gt;&gt;</a>&nbsp;&nbsp;&nbsp;sys_id_encode
<LI><a href="#[103]">&gt;&gt;</a>&nbsp;&nbsp;&nbsp;pnp_id_encode
<LI><a href="#[101]">&gt;&gt;</a>&nbsp;&nbsp;&nbsp;char_add
<LI><a href="#[253]">&gt;&gt;</a>&nbsp;&nbsp;&nbsp;timeout_handler_exec
<LI><a href="#[8a]">&gt;&gt;</a>&nbsp;&nbsp;&nbsp;intern_softdevice_events_execute
<LI><a href="#[1e]">&gt;&gt;</a>&nbsp;&nbsp;&nbsp;SWI2_IRQHandler
</UL>

<P><STRONG><a name="[bc]"></a>app_error_save_and_stop</STRONG> (Thumb, 132 bytes, Stack size 12 bytes, app_error.o(i.app_error_save_and_stop))
<BR><BR>[Stack]<UL><LI>Max Depth = 12<LI>Call Chain = app_error_save_and_stop
</UL>
<BR>[Called By]<UL><LI><a href="#[ba]">&gt;&gt;</a>&nbsp;&nbsp;&nbsp;app_error_fault_handler
</UL>

<P><STRONG><a name="[bd]"></a>app_fifo_get</STRONG> (Thumb, 32 bytes, Stack size 16 bytes, app_fifo.o(i.app_fifo_get))
<BR><BR>[Stack]<UL><LI>Max Depth = 40<LI>Call Chain = app_fifo_get &rArr; fifo_get &rArr; fifo_peek
</UL>
<BR>[Calls]<UL><LI><a href="#[be]">&gt;&gt;</a>&nbsp;&nbsp;&nbsp;fifo_length
<LI><a href="#[bf]">&gt;&gt;</a>&nbsp;&nbsp;&nbsp;fifo_get
</UL>
<BR>[Called By]<UL><LI><a href="#[d3]">&gt;&gt;</a>&nbsp;&nbsp;&nbsp;app_uart_put
</UL>

<P><STRONG><a name="[c0]"></a>app_fifo_put</STRONG> (Thumb, 34 bytes, Stack size 16 bytes, app_fifo.o(i.app_fifo_put))
<BR><BR>[Stack]<UL><LI>Max Depth = 16<LI>Call Chain = app_fifo_put
</UL>
<BR>[Calls]<UL><LI><a href="#[c1]">&gt;&gt;</a>&nbsp;&nbsp;&nbsp;fifo_put
<LI><a href="#[be]">&gt;&gt;</a>&nbsp;&nbsp;&nbsp;fifo_length
</UL>
<BR>[Called By]<UL><LI><a href="#[d3]">&gt;&gt;</a>&nbsp;&nbsp;&nbsp;app_uart_put
</UL>

<P><STRONG><a name="[db]"></a>app_timer_create</STRONG> (Thumb, 64 bytes, Stack size 8 bytes, app_timer_ble_gzll.o(i.app_timer_create))
<BR><BR>[Stack]<UL><LI>Max Depth = 8<LI>Call Chain = app_timer_create
</UL>
<BR>[Called By]<UL><LI><a href="#[da]">&gt;&gt;</a>&nbsp;&nbsp;&nbsp;application_timers_start
<LI><a href="#[1cf]">&gt;&gt;</a>&nbsp;&nbsp;&nbsp;timers_init_and_start
<LI><a href="#[f9]">&gt;&gt;</a>&nbsp;&nbsp;&nbsp;ble_conn_params_init
</UL>

<P><STRONG><a name="[c5]"></a>app_timer_init</STRONG> (Thumb, 156 bytes, Stack size 40 bytes, app_timer_ble_gzll.o(i.app_timer_init))
<BR><BR>[Stack]<UL><LI>Max Depth = 56<LI>Call Chain = app_timer_init &rArr; rtc1_init &rArr; NVIC_SetPriority
</UL>
<BR>[Calls]<UL><LI><a href="#[c6]">&gt;&gt;</a>&nbsp;&nbsp;&nbsp;rtc1_stop
<LI><a href="#[ca]">&gt;&gt;</a>&nbsp;&nbsp;&nbsp;rtc1_init
<LI><a href="#[cb]">&gt;&gt;</a>&nbsp;&nbsp;&nbsp;rtc1_counter_get
<LI><a href="#[c8]">&gt;&gt;</a>&nbsp;&nbsp;&nbsp;NVIC_SetPriority
<LI><a href="#[c9]">&gt;&gt;</a>&nbsp;&nbsp;&nbsp;NVIC_EnableIRQ
<LI><a href="#[c7]">&gt;&gt;</a>&nbsp;&nbsp;&nbsp;NVIC_ClearPendingIRQ
</UL>
<BR>[Called By]<UL><LI><a href="#[1cf]">&gt;&gt;</a>&nbsp;&nbsp;&nbsp;timers_init_and_start
</UL>

<P><STRONG><a name="[cc]"></a>app_timer_start</STRONG> (Thumb, 86 bytes, Stack size 32 bytes, app_timer_ble_gzll.o(i.app_timer_start))
<BR><BR>[Stack]<UL><LI>Max Depth = 88<LI>Call Chain = app_timer_start &rArr; timer_start_op_schedule &rArr; user_op_alloc
</UL>
<BR>[Calls]<UL><LI><a href="#[cd]">&gt;&gt;</a>&nbsp;&nbsp;&nbsp;user_id_get
<LI><a href="#[ce]">&gt;&gt;</a>&nbsp;&nbsp;&nbsp;timer_start_op_schedule
</UL>
<BR>[Called By]<UL><LI><a href="#[da]">&gt;&gt;</a>&nbsp;&nbsp;&nbsp;application_timers_start
<LI><a href="#[1cf]">&gt;&gt;</a>&nbsp;&nbsp;&nbsp;timers_init_and_start
<LI><a href="#[14c]">&gt;&gt;</a>&nbsp;&nbsp;&nbsp;conn_params_negotiation
<LI><a href="#[134]">&gt;&gt;</a>&nbsp;&nbsp;&nbsp;bsp_led_indication
<LI><a href="#[3d]">&gt;&gt;</a>&nbsp;&nbsp;&nbsp;bsp_button_event_handler
</UL>

<P><STRONG><a name="[cf]"></a>app_timer_stop</STRONG> (Thumb, 50 bytes, Stack size 16 bytes, app_timer_ble_gzll.o(i.app_timer_stop))
<BR><BR>[Stack]<UL><LI>Max Depth = 56<LI>Call Chain = app_timer_stop &rArr; timer_stop_op_schedule &rArr; user_op_alloc
</UL>
<BR>[Calls]<UL><LI><a href="#[cd]">&gt;&gt;</a>&nbsp;&nbsp;&nbsp;user_id_get
<LI><a href="#[d0]">&gt;&gt;</a>&nbsp;&nbsp;&nbsp;timer_stop_op_schedule
</UL>
<BR>[Called By]<UL><LI><a href="#[10d]">&gt;&gt;</a>&nbsp;&nbsp;&nbsp;ble_hid_app_stop
<LI><a href="#[fd]">&gt;&gt;</a>&nbsp;&nbsp;&nbsp;on_write
<LI><a href="#[fc]">&gt;&gt;</a>&nbsp;&nbsp;&nbsp;on_disconnect
<LI><a href="#[134]">&gt;&gt;</a>&nbsp;&nbsp;&nbsp;bsp_led_indication
<LI><a href="#[3d]">&gt;&gt;</a>&nbsp;&nbsp;&nbsp;bsp_button_event_handler
<LI><a href="#[ff]">&gt;&gt;</a>&nbsp;&nbsp;&nbsp;ble_conn_params_stop
</UL>

<P><STRONG><a name="[d1]"></a>app_timer_stop_all</STRONG> (Thumb, 30 bytes, Stack size 8 bytes, app_timer_ble_gzll.o(i.app_timer_stop_all))
<BR><BR>[Stack]<UL><LI>Max Depth = 40<LI>Call Chain = app_timer_stop_all &rArr; timer_stop_all_op_schedule &rArr; user_op_alloc
</UL>
<BR>[Calls]<UL><LI><a href="#[cd]">&gt;&gt;</a>&nbsp;&nbsp;&nbsp;user_id_get
<LI><a href="#[d2]">&gt;&gt;</a>&nbsp;&nbsp;&nbsp;timer_stop_all_op_schedule
</UL>
<BR>[Called By]<UL><LI><a href="#[186]">&gt;&gt;</a>&nbsp;&nbsp;&nbsp;key_sense_turbo
</UL>

<P><STRONG><a name="[d3]"></a>app_uart_put</STRONG> (Thumb, 52 bytes, Stack size 16 bytes, app_uart_fifo.o(i.app_uart_put))
<BR><BR>[Stack]<UL><LI>Max Depth = 56<LI>Call Chain = app_uart_put &rArr; app_fifo_get &rArr; fifo_get &rArr; fifo_peek
</UL>
<BR>[Calls]<UL><LI><a href="#[d4]">&gt;&gt;</a>&nbsp;&nbsp;&nbsp;nrf_drv_uart_tx_in_progress
<LI><a href="#[d5]">&gt;&gt;</a>&nbsp;&nbsp;&nbsp;nrf_drv_uart_tx
<LI><a href="#[c0]">&gt;&gt;</a>&nbsp;&nbsp;&nbsp;app_fifo_put
<LI><a href="#[bd]">&gt;&gt;</a>&nbsp;&nbsp;&nbsp;app_fifo_get
</UL>
<BR>[Called By]<UL><LI><a href="#[3a]">&gt;&gt;</a>&nbsp;&nbsp;&nbsp;nus_data_handler
</UL>

<P><STRONG><a name="[d6]"></a>app_util_critical_region_enter</STRONG> (Thumb, 70 bytes, Stack size 16 bytes, app_util_platform.o(i.app_util_critical_region_enter))
<BR><BR>[Stack]<UL><LI>Max Depth = 16<LI>Call Chain = app_util_critical_region_enter
</UL>
<BR>[Calls]<UL><LI><a href="#[d7]">&gt;&gt;</a>&nbsp;&nbsp;&nbsp;__sd_nvic_irq_disable
</UL>
<BR>[Called By]<UL><LI><a href="#[a4]">&gt;&gt;</a>&nbsp;&nbsp;&nbsp;nrf_drv_ppi_channel_alloc
</UL>

<P><STRONG><a name="[d8]"></a>app_util_critical_region_exit</STRONG> (Thumb, 56 bytes, Stack size 16 bytes, app_util_platform.o(i.app_util_critical_region_exit))
<BR><BR>[Stack]<UL><LI>Max Depth = 16<LI>Call Chain = app_util_critical_region_exit
</UL>
<BR>[Calls]<UL><LI><a href="#[d7]">&gt;&gt;</a>&nbsp;&nbsp;&nbsp;__sd_nvic_irq_disable
</UL>
<BR>[Called By]<UL><LI><a href="#[a4]">&gt;&gt;</a>&nbsp;&nbsp;&nbsp;nrf_drv_ppi_channel_alloc
</UL>

<P><STRONG><a name="[2b]"></a>async_state_packet_received</STRONG> (Thumb, 296 bytes, Stack size 64 bytes, nrf_impala.o(i.async_state_packet_received))
<BR><BR>[Stack]<UL><LI>Max Depth = 160<LI>Call Chain = async_state_packet_received &rArr; nrf_pm_end_prx &rArr; nrf_pm_search_for_ptx_pipe_to_service &rArr; nrf_fifo_get_packet_count &rArr; NRF_ASSERT_INTERNAL_parse_and_forward
</UL>
<BR>[Calls]<UL><LI><a href="#[dd]">&gt;&gt;</a>&nbsp;&nbsp;&nbsp;nrf_pm_get_rx_fifo_status
<LI><a href="#[dc]">&gt;&gt;</a>&nbsp;&nbsp;&nbsp;nrf_pm_end_prx
<LI><a href="#[de]">&gt;&gt;</a>&nbsp;&nbsp;&nbsp;nrf_nm_add
<LI><a href="#[df]">&gt;&gt;</a>&nbsp;&nbsp;&nbsp;nrf_lcore_force_disable
<LI><a href="#[e0]">&gt;&gt;</a>&nbsp;&nbsp;&nbsp;async_state_rx_enabling
<LI><a href="#[77]">&gt;&gt;</a>&nbsp;&nbsp;&nbsp;NRF_ASSERT_INTERNAL_parse_and_forward
</UL>
<BR>[Address Reference Count : 1]<UL><LI> nrf_impala.o(i.async_state_rx_enabling)
</UL>
<P><STRONG><a name="[e0]"></a>async_state_rx_enabling</STRONG> (Thumb, 120 bytes, Stack size 16 bytes, nrf_impala.o(i.async_state_rx_enabling))
<BR><BR>[Stack]<UL><LI>Max Depth = 56<LI>Call Chain = async_state_rx_enabling &rArr; nrf_pm_start_prx &rArr; nrf_fifo_reserve_packet &rArr; NRF_ASSERT_INTERNAL_parse_and_forward
</UL>
<BR>[Calls]<UL><LI><a href="#[e5]">&gt;&gt;</a>&nbsp;&nbsp;&nbsp;nrf_pm_start_prx
<LI><a href="#[e1]">&gt;&gt;</a>&nbsp;&nbsp;&nbsp;nrf_pm_get_state
<LI><a href="#[e4]">&gt;&gt;</a>&nbsp;&nbsp;&nbsp;nrf_nm_get_remaining_space_in_notification_queue
<LI><a href="#[e3]">&gt;&gt;</a>&nbsp;&nbsp;&nbsp;nrf_lcore_start_operation
<LI><a href="#[e2]">&gt;&gt;</a>&nbsp;&nbsp;&nbsp;nrf_lcore_prepare_operation
<LI><a href="#[df]">&gt;&gt;</a>&nbsp;&nbsp;&nbsp;nrf_lcore_force_disable
<LI><a href="#[77]">&gt;&gt;</a>&nbsp;&nbsp;&nbsp;NRF_ASSERT_INTERNAL_parse_and_forward
</UL>
<BR>[Called By]<UL><LI><a href="#[1]">&gt;&gt;</a>&nbsp;&nbsp;&nbsp;nrf_impl_state_fun_timeslot_start
<LI><a href="#[2a]">&gt;&gt;</a>&nbsp;&nbsp;&nbsp;async_state_tx_ack_complete
<LI><a href="#[2b]">&gt;&gt;</a>&nbsp;&nbsp;&nbsp;async_state_packet_received
</UL>

<P><STRONG><a name="[2a]"></a>async_state_tx_ack_complete</STRONG> (Thumb, 14 bytes, Stack size 8 bytes, nrf_impala.o(i.async_state_tx_ack_complete))
<BR><BR>[Stack]<UL><LI>Max Depth = 64<LI>Call Chain = async_state_tx_ack_complete &rArr; async_state_rx_enabling &rArr; nrf_pm_start_prx &rArr; nrf_fifo_reserve_packet &rArr; NRF_ASSERT_INTERNAL_parse_and_forward
</UL>
<BR>[Calls]<UL><LI><a href="#[e0]">&gt;&gt;</a>&nbsp;&nbsp;&nbsp;async_state_rx_enabling
</UL>
<BR>[Address Reference Count : 1]<UL><LI> nrf_impala.o(i.async_state_packet_received)
</UL>
<P><STRONG><a name="[ec]"></a>ble_advdata_set</STRONG> (Thumb, 152 bytes, Stack size 104 bytes, ble_advdata.o(i.ble_advdata_set))
<BR><BR>[Stack]<UL><LI>Max Depth = 256<LI>Call Chain = ble_advdata_set &rArr; adv_data_encode &rArr; uuid_list_encode &rArr; uuid_list_sized_encode
</UL>
<BR>[Calls]<UL><LI><a href="#[a6]">&gt;&gt;</a>&nbsp;&nbsp;&nbsp;adv_data_encode
<LI><a href="#[ee]">&gt;&gt;</a>&nbsp;&nbsp;&nbsp;srdata_check
<LI><a href="#[ed]">&gt;&gt;</a>&nbsp;&nbsp;&nbsp;advdata_check
</UL>
<BR>[Called By]<UL><LI><a href="#[b8]">&gt;&gt;</a>&nbsp;&nbsp;&nbsp;ble_advertising_start
<LI><a href="#[b6]">&gt;&gt;</a>&nbsp;&nbsp;&nbsp;ble_advertising_init
</UL>

<P><STRONG><a name="[b6]"></a>ble_advertising_init</STRONG> (Thumb, 328 bytes, Stack size 24 bytes, ble_advertising.o(i.ble_advertising_init))
<BR><BR>[Stack]<UL><LI>Max Depth = 280<LI>Call Chain = ble_advertising_init &rArr; ble_advdata_set &rArr; adv_data_encode &rArr; uuid_list_encode &rArr; uuid_list_sized_encode
</UL>
<BR>[Calls]<UL><LI><a href="#[ef]">&gt;&gt;</a>&nbsp;&nbsp;&nbsp;ble_advertising_peer_address_clear
<LI><a href="#[ec]">&gt;&gt;</a>&nbsp;&nbsp;&nbsp;ble_advdata_set
<LI><a href="#[b4]">&gt;&gt;</a>&nbsp;&nbsp;&nbsp;__aeabi_memclr4
<LI><a href="#[b5]">&gt;&gt;</a>&nbsp;&nbsp;&nbsp;__aeabi_memcpy4
</UL>
<BR>[Called By]<UL><LI><a href="#[b3]">&gt;&gt;</a>&nbsp;&nbsp;&nbsp;advertising_init
</UL>

<P><STRONG><a name="[f0]"></a>ble_advertising_on_ble_evt</STRONG> (Thumb, 242 bytes, Stack size 16 bytes, ble_advertising.o(i.ble_advertising_on_ble_evt))
<BR><BR>[Stack]<UL><LI>Max Depth = 312<LI>Call Chain = ble_advertising_on_ble_evt &rArr; ble_advertising_start &rArr; ble_advdata_set &rArr; adv_data_encode &rArr; uuid_list_encode &rArr; uuid_list_sized_encode
</UL>
<BR>[Calls]<UL><LI><a href="#[b8]">&gt;&gt;</a>&nbsp;&nbsp;&nbsp;ble_advertising_start
</UL>
<BR>[Called By]<UL><LI><a href="#[2d]">&gt;&gt;</a>&nbsp;&nbsp;&nbsp;ble_evt_dispatch
</UL>

<P><STRONG><a name="[f1]"></a>ble_advertising_on_sys_evt</STRONG> (Thumb, 70 bytes, Stack size 16 bytes, ble_advertising.o(i.ble_advertising_on_sys_evt))
<BR><BR>[Stack]<UL><LI>Max Depth = 312<LI>Call Chain = ble_advertising_on_sys_evt &rArr; ble_advertising_start &rArr; ble_advdata_set &rArr; adv_data_encode &rArr; uuid_list_encode &rArr; uuid_list_sized_encode
</UL>
<BR>[Calls]<UL><LI><a href="#[b8]">&gt;&gt;</a>&nbsp;&nbsp;&nbsp;ble_advertising_start
</UL>
<BR>[Called By]<UL><LI><a href="#[2e]">&gt;&gt;</a>&nbsp;&nbsp;&nbsp;sys_evt_dispatch
</UL>

<P><STRONG><a name="[234]"></a>ble_advertising_peer_addr_reply</STRONG> (Thumb, 50 bytes, Stack size 0 bytes, ble_advertising.o(i.ble_advertising_peer_addr_reply))
<BR><BR>[Called By]<UL><LI><a href="#[28]">&gt;&gt;</a>&nbsp;&nbsp;&nbsp;on_adv_evt
</UL>

<P><STRONG><a name="[b8]"></a>ble_advertising_start</STRONG> (Thumb, 654 bytes, Stack size 40 bytes, ble_advertising.o(i.ble_advertising_start))
<BR><BR>[Stack]<UL><LI>Max Depth = 296<LI>Call Chain = ble_advertising_start &rArr; ble_advdata_set &rArr; adv_data_encode &rArr; uuid_list_encode &rArr; uuid_list_sized_encode
</UL>
<BR>[Calls]<UL><LI><a href="#[f4]">&gt;&gt;</a>&nbsp;&nbsp;&nbsp;whitelist_has_entries
<LI><a href="#[f3]">&gt;&gt;</a>&nbsp;&nbsp;&nbsp;peer_address_exists
<LI><a href="#[f2]">&gt;&gt;</a>&nbsp;&nbsp;&nbsp;flash_access_in_progress
<LI><a href="#[ef]">&gt;&gt;</a>&nbsp;&nbsp;&nbsp;ble_advertising_peer_address_clear
<LI><a href="#[ec]">&gt;&gt;</a>&nbsp;&nbsp;&nbsp;ble_advdata_set
<LI><a href="#[b4]">&gt;&gt;</a>&nbsp;&nbsp;&nbsp;__aeabi_memclr4
</UL>
<BR>[Called By]<UL><LI><a href="#[b7]">&gt;&gt;</a>&nbsp;&nbsp;&nbsp;advertising_start
<LI><a href="#[f1]">&gt;&gt;</a>&nbsp;&nbsp;&nbsp;ble_advertising_on_sys_evt
<LI><a href="#[f0]">&gt;&gt;</a>&nbsp;&nbsp;&nbsp;ble_advertising_on_ble_evt
</UL>

<P><STRONG><a name="[233]"></a>ble_advertising_whitelist_reply</STRONG> (Thumb, 88 bytes, Stack size 8 bytes, ble_advertising.o(i.ble_advertising_whitelist_reply))
<BR><BR>[Stack]<UL><LI>Max Depth = 8<LI>Call Chain = ble_advertising_whitelist_reply
</UL>
<BR>[Called By]<UL><LI><a href="#[28]">&gt;&gt;</a>&nbsp;&nbsp;&nbsp;on_adv_evt
</UL>

<P><STRONG><a name="[eb]"></a>ble_bas_battery_level_update</STRONG> (Thumb, 136 bytes, Stack size 48 bytes, ble_bas.o(i.ble_bas_battery_level_update))
<BR><BR>[Stack]<UL><LI>Max Depth = 48<LI>Call Chain = ble_bas_battery_level_update
</UL>
<BR>[Called By]<UL><LI><a href="#[ea]">&gt;&gt;</a>&nbsp;&nbsp;&nbsp;battery_level_update
</UL>

<P><STRONG><a name="[e7]"></a>ble_bas_init</STRONG> (Thumb, 78 bytes, Stack size 24 bytes, ble_bas.o(i.ble_bas_init))
<BR><BR>[Stack]<UL><LI>Max Depth = 312<LI>Call Chain = ble_bas_init &rArr; battery_level_char_add &rArr; ble_srv_report_ref_encode &rArr; app_error_handler &rArr; app_error_fault_handler &rArr; bsp_indication_set &rArr; bsp_led_indication &rArr; app_timer_start &rArr; timer_start_op_schedule &rArr; user_op_alloc
</UL>
<BR>[Calls]<UL><LI><a href="#[e8]">&gt;&gt;</a>&nbsp;&nbsp;&nbsp;battery_level_char_add
</UL>
<BR>[Called By]<UL><LI><a href="#[e6]">&gt;&gt;</a>&nbsp;&nbsp;&nbsp;bas_init
</UL>

<P><STRONG><a name="[f5]"></a>ble_bas_on_ble_evt</STRONG> (Thumb, 70 bytes, Stack size 16 bytes, ble_bas.o(i.ble_bas_on_ble_evt))
<BR><BR>[Stack]<UL><LI>Max Depth = 40<LI>Call Chain = ble_bas_on_ble_evt &rArr; on_write
</UL>
<BR>[Calls]<UL><LI><a href="#[f8]">&gt;&gt;</a>&nbsp;&nbsp;&nbsp;on_write
<LI><a href="#[f7]">&gt;&gt;</a>&nbsp;&nbsp;&nbsp;on_disconnect
<LI><a href="#[f6]">&gt;&gt;</a>&nbsp;&nbsp;&nbsp;on_connect
</UL>
<BR>[Called By]<UL><LI><a href="#[2d]">&gt;&gt;</a>&nbsp;&nbsp;&nbsp;ble_evt_dispatch
</UL>

<P><STRONG><a name="[f9]"></a>ble_conn_params_init</STRONG> (Thumb, 90 bytes, Stack size 16 bytes, ble_conn_params.o(i.ble_conn_params_init))
<BR><BR>[Stack]<UL><LI>Max Depth = 24<LI>Call Chain = ble_conn_params_init &rArr; app_timer_create
</UL>
<BR>[Calls]<UL><LI><a href="#[db]">&gt;&gt;</a>&nbsp;&nbsp;&nbsp;app_timer_create
<LI><a href="#[b5]">&gt;&gt;</a>&nbsp;&nbsp;&nbsp;__aeabi_memcpy4
<LI><a href="#[91]">&gt;&gt;</a>&nbsp;&nbsp;&nbsp;__aeabi_memcpy
</UL>
<BR>[Called By]<UL><LI><a href="#[10c]">&gt;&gt;</a>&nbsp;&nbsp;&nbsp;conn_params_init
</UL>

<P><STRONG><a name="[fa]"></a>ble_conn_params_on_ble_evt</STRONG> (Thumb, 62 bytes, Stack size 8 bytes, ble_conn_params.o(i.ble_conn_params_on_ble_evt))
<BR><BR>[Stack]<UL><LI>Max Depth = 128<LI>Call Chain = ble_conn_params_on_ble_evt &rArr; on_write &rArr; conn_params_negotiation &rArr; app_timer_start &rArr; timer_start_op_schedule &rArr; user_op_alloc
</UL>
<BR>[Calls]<UL><LI><a href="#[fd]">&gt;&gt;</a>&nbsp;&nbsp;&nbsp;on_write
<LI><a href="#[fc]">&gt;&gt;</a>&nbsp;&nbsp;&nbsp;on_disconnect
<LI><a href="#[fb]">&gt;&gt;</a>&nbsp;&nbsp;&nbsp;on_connect
<LI><a href="#[fe]">&gt;&gt;</a>&nbsp;&nbsp;&nbsp;on_conn_params_update
</UL>
<BR>[Called By]<UL><LI><a href="#[2d]">&gt;&gt;</a>&nbsp;&nbsp;&nbsp;ble_evt_dispatch
</UL>

<P><STRONG><a name="[ff]"></a>ble_conn_params_stop</STRONG> (Thumb, 12 bytes, Stack size 8 bytes, ble_conn_params.o(i.ble_conn_params_stop))
<BR><BR>[Stack]<UL><LI>Max Depth = 64<LI>Call Chain = ble_conn_params_stop &rArr; app_timer_stop &rArr; timer_stop_op_schedule &rArr; user_op_alloc
</UL>
<BR>[Calls]<UL><LI><a href="#[cf]">&gt;&gt;</a>&nbsp;&nbsp;&nbsp;app_timer_stop
</UL>
<BR>[Called By]<UL><LI><a href="#[12e]">&gt;&gt;</a>&nbsp;&nbsp;&nbsp;reset_prepare
</UL>

<P><STRONG><a name="[100]"></a>ble_dis_init</STRONG> (Thumb, 386 bytes, Stack size 32 bytes, ble_dis.o(i.ble_dis_init))
<BR><BR>[Stack]<UL><LI>Max Depth = 288<LI>Call Chain = ble_dis_init &rArr; char_add &rArr; app_error_handler &rArr; app_error_fault_handler &rArr; bsp_indication_set &rArr; bsp_led_indication &rArr; app_timer_start &rArr; timer_start_op_schedule &rArr; user_op_alloc
</UL>
<BR>[Calls]<UL><LI><a href="#[102]">&gt;&gt;</a>&nbsp;&nbsp;&nbsp;sys_id_encode
<LI><a href="#[103]">&gt;&gt;</a>&nbsp;&nbsp;&nbsp;pnp_id_encode
<LI><a href="#[101]">&gt;&gt;</a>&nbsp;&nbsp;&nbsp;char_add
</UL>
<BR>[Called By]<UL><LI><a href="#[166]">&gt;&gt;</a>&nbsp;&nbsp;&nbsp;dis_init
</UL>

<P><STRONG><a name="[108]"></a>ble_hid_app_start</STRONG> (Thumb, 34 bytes, Stack size 8 bytes, ble_app_gzll_hid.o(i.ble_hid_app_start))
<BR><BR>[Stack]<UL><LI>Max Depth = 536<LI>Call Chain = ble_hid_app_start &rArr; services_init &rArr; hids_init &rArr; ble_hids_init &rArr; inp_rep_characteristics_add &rArr; rep_char_add &rArr; ble_srv_report_ref_encode &rArr; app_error_handler &rArr; app_error_fault_handler &rArr; bsp_indication_set &rArr; bsp_led_indication &rArr; app_timer_start &rArr; timer_start_op_schedule &rArr; user_op_alloc
</UL>
<BR>[Calls]<UL><LI><a href="#[10b]">&gt;&gt;</a>&nbsp;&nbsp;&nbsp;services_init
<LI><a href="#[10a]">&gt;&gt;</a>&nbsp;&nbsp;&nbsp;gap_params_init
<LI><a href="#[109]">&gt;&gt;</a>&nbsp;&nbsp;&nbsp;device_manager_init
<LI><a href="#[10c]">&gt;&gt;</a>&nbsp;&nbsp;&nbsp;conn_params_init
<LI><a href="#[da]">&gt;&gt;</a>&nbsp;&nbsp;&nbsp;application_timers_start
<LI><a href="#[b7]">&gt;&gt;</a>&nbsp;&nbsp;&nbsp;advertising_start
<LI><a href="#[b3]">&gt;&gt;</a>&nbsp;&nbsp;&nbsp;advertising_init
</UL>
<BR>[Called By]<UL><LI><a href="#[22]">&gt;&gt;</a>&nbsp;&nbsp;&nbsp;main
</UL>

<P><STRONG><a name="[10d]"></a>ble_hid_app_stop</STRONG> (Thumb, 38 bytes, Stack size 16 bytes, ble_app_gzll_hid.o(i.ble_hid_app_stop))
<BR><BR>[Stack]<UL><LI>Max Depth = 192<LI>Call Chain = ble_hid_app_stop &rArr; app_error_handler &rArr; app_error_fault_handler &rArr; bsp_indication_set &rArr; bsp_led_indication &rArr; app_timer_start &rArr; timer_start_op_schedule &rArr; user_op_alloc
</UL>
<BR>[Calls]<UL><LI><a href="#[89]">&gt;&gt;</a>&nbsp;&nbsp;&nbsp;app_error_handler
<LI><a href="#[cf]">&gt;&gt;</a>&nbsp;&nbsp;&nbsp;app_timer_stop
</UL>
<BR>[Called By]<UL><LI><a href="#[22]">&gt;&gt;</a>&nbsp;&nbsp;&nbsp;main
</UL>

<P><STRONG><a name="[10e]"></a>ble_hids_init</STRONG> (Thumb, 356 bytes, Stack size 24 bytes, ble_hids.o(i.ble_hids_init))
<BR><BR>[Stack]<UL><LI>Max Depth = 376<LI>Call Chain = ble_hids_init &rArr; inp_rep_characteristics_add &rArr; rep_char_add &rArr; ble_srv_report_ref_encode &rArr; app_error_handler &rArr; app_error_fault_handler &rArr; bsp_indication_set &rArr; bsp_led_indication &rArr; app_timer_start &rArr; timer_start_op_schedule &rArr; user_op_alloc
</UL>
<BR>[Calls]<UL><LI><a href="#[114]">&gt;&gt;</a>&nbsp;&nbsp;&nbsp;rep_map_char_add
<LI><a href="#[110]">&gt;&gt;</a>&nbsp;&nbsp;&nbsp;protocol_mode_char_add
<LI><a href="#[112]">&gt;&gt;</a>&nbsp;&nbsp;&nbsp;outp_rep_characteristics_add
<LI><a href="#[111]">&gt;&gt;</a>&nbsp;&nbsp;&nbsp;inp_rep_characteristics_add
<LI><a href="#[10f]">&gt;&gt;</a>&nbsp;&nbsp;&nbsp;includes_add
<LI><a href="#[117]">&gt;&gt;</a>&nbsp;&nbsp;&nbsp;hid_information_char_add
<LI><a href="#[118]">&gt;&gt;</a>&nbsp;&nbsp;&nbsp;hid_control_point_char_add
<LI><a href="#[113]">&gt;&gt;</a>&nbsp;&nbsp;&nbsp;feature_rep_characteristics_add
<LI><a href="#[116]">&gt;&gt;</a>&nbsp;&nbsp;&nbsp;boot_kb_outp_rep_char_add
<LI><a href="#[115]">&gt;&gt;</a>&nbsp;&nbsp;&nbsp;boot_inp_rep_char_add
</UL>
<BR>[Called By]<UL><LI><a href="#[1b5]">&gt;&gt;</a>&nbsp;&nbsp;&nbsp;hids_init
</UL>

<P><STRONG><a name="[1b7]"></a>ble_hids_inp_rep_send</STRONG> (Thumb, 116 bytes, Stack size 64 bytes, ble_hids.o(i.ble_hids_inp_rep_send))
<BR><BR>[Stack]<UL><LI>Max Depth = 64<LI>Call Chain = ble_hids_inp_rep_send
</UL>
<BR>[Called By]<UL><LI><a href="#[1b8]">&gt;&gt;</a>&nbsp;&nbsp;&nbsp;home_key_release_send
<LI><a href="#[1b6]">&gt;&gt;</a>&nbsp;&nbsp;&nbsp;home_key_press_send
<LI><a href="#[23f]">&gt;&gt;</a>&nbsp;&nbsp;&nbsp;read_mouse_and_send_change
</UL>

<P><STRONG><a name="[107]"></a>ble_hids_on_ble_evt</STRONG> (Thumb, 72 bytes, Stack size 16 bytes, ble_hids.o(i.ble_hids_on_ble_evt))
<BR><BR>[Stack]<UL><LI>Max Depth = 80<LI>Call Chain = ble_hids_on_ble_evt &rArr; on_write &rArr; on_report_value_write
</UL>
<BR>[Calls]<UL><LI><a href="#[11b]">&gt;&gt;</a>&nbsp;&nbsp;&nbsp;on_write
<LI><a href="#[11c]">&gt;&gt;</a>&nbsp;&nbsp;&nbsp;on_rw_authorize_request
<LI><a href="#[11a]">&gt;&gt;</a>&nbsp;&nbsp;&nbsp;on_disconnect
<LI><a href="#[119]">&gt;&gt;</a>&nbsp;&nbsp;&nbsp;on_connect
</UL>
<BR>[Called By]<UL><LI><a href="#[2d]">&gt;&gt;</a>&nbsp;&nbsp;&nbsp;ble_evt_dispatch
</UL>

[...]
<BR><BR>[Stack]<UL><LI>Max Depth = 32<LI>Call Chain = timer_stop_all_op_schedule &rArr; user_op_alloc
</UL>
<BR>[Calls]<UL><LI><a href="#[259]">&gt;&gt;</a>&nbsp;&nbsp;&nbsp;user_op_enque
<LI><a href="#[258]">&gt;&gt;</a>&nbsp;&nbsp;&nbsp;user_op_alloc
<LI><a href="#[256]">&gt;&gt;</a>&nbsp;&nbsp;&nbsp;timer_list_handler_sched
</UL>
<BR>[Called By]<UL><LI><a href="#[d1]">&gt;&gt;</a>&nbsp;&nbsp;&nbsp;app_timer_stop_all
</UL>

<P><STRONG><a name="[d0]"></a>timer_stop_op_schedule</STRONG> (Thumb, 60 bytes, Stack size 24 bytes, app_timer_ble_gzll.o(i.timer_stop_op_schedule))
<BR><BR>[Stack]<UL><LI>Max Depth = 40<LI>Call Chain = timer_stop_op_schedule &rArr; user_op_alloc
</UL>
<BR>[Calls]<UL><LI><a href="#[259]">&gt;&gt;</a>&nbsp;&nbsp;&nbsp;user_op_enque
<LI><a href="#[258]">&gt;&gt;</a>&nbsp;&nbsp;&nbsp;user_op_alloc
<LI><a href="#[256]">&gt;&gt;</a>&nbsp;&nbsp;&nbsp;timer_list_handler_sched
</UL>
<BR>[Called By]<UL><LI><a href="#[cf]">&gt;&gt;</a>&nbsp;&nbsp;&nbsp;app_timer_stop
</UL>

<P><STRONG><a name="[7b]"></a>timer_timeouts_check</STRONG> (Thumb, 118 bytes, Stack size 24 bytes, app_timer_ble_gzll.o(i.timer_timeouts_check))
<BR><BR>[Stack]<UL><LI>Max Depth = 216<LI>Call Chain = timer_timeouts_check &rArr; timeout_handler_exec &rArr; app_error_handler &rArr; app_error_fault_handler &rArr; bsp_indication_set &rArr; bsp_led_indication &rArr; app_timer_start &rArr; timer_start_op_schedule &rArr; user_op_alloc
</UL>
<BR>[Calls]<UL><LI><a href="#[256]">&gt;&gt;</a>&nbsp;&nbsp;&nbsp;timer_list_handler_sched
<LI><a href="#[253]">&gt;&gt;</a>&nbsp;&nbsp;&nbsp;timeout_handler_exec
<LI><a href="#[148]">&gt;&gt;</a>&nbsp;&nbsp;&nbsp;ticks_diff_get
<LI><a href="#[cb]">&gt;&gt;</a>&nbsp;&nbsp;&nbsp;rtc1_counter_get
</UL>
<BR>[Called By]<UL><LI><a href="#[19]">&gt;&gt;</a>&nbsp;&nbsp;&nbsp;RTC1_IRQHandler
</UL>

<P><STRONG><a name="[14a]"></a>timer_timeouts_check_sched</STRONG> (Thumb, 10 bytes, Stack size 8 bytes, app_timer_ble_gzll.o(i.timer_timeouts_check_sched))
<BR><BR>[Stack]<UL><LI>Max Depth = 8<LI>Call Chain = timer_timeouts_check_sched
</UL>
<BR>[Calls]<UL><LI><a href="#[257]">&gt;&gt;</a>&nbsp;&nbsp;&nbsp;NVIC_SetPendingIRQ
</UL>
<BR>[Called By]<UL><LI><a href="#[147]">&gt;&gt;</a>&nbsp;&nbsp;&nbsp;compare_reg_update
</UL>

<P><STRONG><a name="[cd]"></a>user_id_get</STRONG> (Thumb, 34 bytes, Stack size 8 bytes, app_timer_ble_gzll.o(i.user_id_get))
<BR><BR>[Stack]<UL><LI>Max Depth = 16<LI>Call Chain = user_id_get &rArr; current_int_priority_get
</UL>
<BR>[Calls]<UL><LI><a href="#[25f]">&gt;&gt;</a>&nbsp;&nbsp;&nbsp;current_int_priority_get
</UL>
<BR>[Called By]<UL><LI><a href="#[d1]">&gt;&gt;</a>&nbsp;&nbsp;&nbsp;app_timer_stop_all
<LI><a href="#[cc]">&gt;&gt;</a>&nbsp;&nbsp;&nbsp;app_timer_start
<LI><a href="#[cf]">&gt;&gt;</a>&nbsp;&nbsp;&nbsp;app_timer_stop
</UL>

<P><STRONG><a name="[258]"></a>user_op_alloc</STRONG> (Thumb, 46 bytes, Stack size 16 bytes, app_timer_ble_gzll.o(i.user_op_alloc))
<BR><BR>[Stack]<UL><LI>Max Depth = 16<LI>Call Chain = user_op_alloc
</UL>
<BR>[Called By]<UL><LI><a href="#[d0]">&gt;&gt;</a>&nbsp;&nbsp;&nbsp;timer_stop_op_schedule
<LI><a href="#[d2]">&gt;&gt;</a>&nbsp;&nbsp;&nbsp;timer_stop_all_op_schedule
<LI><a href="#[ce]">&gt;&gt;</a>&nbsp;&nbsp;&nbsp;timer_start_op_schedule
</UL>

<P><STRONG><a name="[259]"></a>user_op_enque</STRONG> (Thumb, 4 bytes, Stack size 0 bytes, app_timer_ble_gzll.o(i.user_op_enque))
<BR><BR>[Called By]<UL><LI><a href="#[d0]">&gt;&gt;</a>&nbsp;&nbsp;&nbsp;timer_stop_op_schedule
<LI><a href="#[d2]">&gt;&gt;</a>&nbsp;&nbsp;&nbsp;timer_stop_all_op_schedule
<LI><a href="#[ce]">&gt;&gt;</a>&nbsp;&nbsp;&nbsp;timer_start_op_schedule
</UL>

<P><STRONG><a name="[7d]"></a>_DoInit</STRONG> (Thumb, 74 bytes, Stack size 8 bytes, segger_rtt.o(i._DoInit))
<BR><BR>[Stack]<UL><LI>Max Depth = 8<LI>Call Chain = _DoInit
</UL>
<BR>[Calls]<UL><LI><a href="#[90]">&gt;&gt;</a>&nbsp;&nbsp;&nbsp;strcpy
</UL>
<BR>[Called By]<UL><LI><a href="#[7f]">&gt;&gt;</a>&nbsp;&nbsp;&nbsp;SEGGER_RTT_Write
<LI><a href="#[7e]">&gt;&gt;</a>&nbsp;&nbsp;&nbsp;SEGGER_RTT_ConfigUpBuffer
<LI><a href="#[7c]">&gt;&gt;</a>&nbsp;&nbsp;&nbsp;SEGGER_RTT_ConfigDownBuffer
</UL>

<P><STRONG><a name="[81]"></a>_GetAvailWriteSpace</STRONG> (Thumb, 28 bytes, Stack size 8 bytes, segger_rtt.o(i._GetAvailWriteSpace))
<BR><BR>[Stack]<UL><LI>Max Depth = 8<LI>Call Chain = _GetAvailWriteSpace
</UL>
<BR>[Called By]<UL><LI><a href="#[80]">&gt;&gt;</a>&nbsp;&nbsp;&nbsp;SEGGER_RTT_WriteNoLock
</UL>

<P><STRONG><a name="[83]"></a>_WriteBlocking</STRONG> (Thumb, 122 bytes, Stack size 40 bytes, segger_rtt.o(i._WriteBlocking))
<BR><BR>[Stack]<UL><LI>Max Depth = 48<LI>Call Chain = _WriteBlocking &rArr; __aeabi_memcpy
</UL>
<BR>[Calls]<UL><LI><a href="#[91]">&gt;&gt;</a>&nbsp;&nbsp;&nbsp;__aeabi_memcpy
</UL>
<BR>[Called By]<UL><LI><a href="#[80]">&gt;&gt;</a>&nbsp;&nbsp;&nbsp;SEGGER_RTT_WriteNoLock
</UL>

<P><STRONG><a name="[82]"></a>_WriteNoCheck</STRONG> (Thumb, 74 bytes, Stack size 40 bytes, segger_rtt.o(i._WriteNoCheck))
<BR><BR>[Stack]<UL><LI>Max Depth = 48<LI>Call Chain = _WriteNoCheck &rArr; __aeabi_memcpy
</UL>
<BR>[Calls]<UL><LI><a href="#[91]">&gt;&gt;</a>&nbsp;&nbsp;&nbsp;__aeabi_memcpy
</UL>
<BR>[Called By]<UL><LI><a href="#[80]">&gt;&gt;</a>&nbsp;&nbsp;&nbsp;SEGGER_RTT_WriteNoLock
</UL>

<P><STRONG><a name="[86]"></a>_PrintInt</STRONG> (Thumb, 270 bytes, Stack size 56 bytes, segger_rtt_printf.o(i._PrintInt))
<BR><BR>[Stack]<UL><LI>Max Depth = 240<LI>Call Chain = _PrintInt &rArr; _PrintUnsigned &rArr; _StoreChar &rArr; SEGGER_RTT_Write &rArr; SEGGER_RTT_WriteNoLock &rArr; _WriteNoCheck &rArr; __aeabi_memcpy
</UL>
<BR>[Calls]<UL><LI><a href="#[85]">&gt;&gt;</a>&nbsp;&nbsp;&nbsp;_StoreChar
<LI><a href="#[87]">&gt;&gt;</a>&nbsp;&nbsp;&nbsp;_PrintUnsigned
<LI><a href="#[5a]">&gt;&gt;</a>&nbsp;&nbsp;&nbsp;__aeabi_idivmod
</UL>
<BR>[Called By]<UL><LI><a href="#[84]">&gt;&gt;</a>&nbsp;&nbsp;&nbsp;SEGGER_RTT_vprintf
</UL>

<P><STRONG><a name="[87]"></a>_PrintUnsigned</STRONG> (Thumb, 280 bytes, Stack size 56 bytes, segger_rtt_printf.o(i._PrintUnsigned))
<BR><BR>[Stack]<UL><LI>Max Depth = 184<LI>Call Chain = _PrintUnsigned &rArr; _StoreChar &rArr; SEGGER_RTT_Write &rArr; SEGGER_RTT_WriteNoLock &rArr; _WriteNoCheck &rArr; __aeabi_memcpy
</UL>
<BR>[Calls]<UL><LI><a href="#[85]">&gt;&gt;</a>&nbsp;&nbsp;&nbsp;_StoreChar
<LI><a href="#[5b]">&gt;&gt;</a>&nbsp;&nbsp;&nbsp;__aeabi_uidivmod
</UL>
<BR>[Called By]<UL><LI><a href="#[86]">&gt;&gt;</a>&nbsp;&nbsp;&nbsp;_PrintInt
<LI><a href="#[84]">&gt;&gt;</a>&nbsp;&nbsp;&nbsp;SEGGER_RTT_vprintf
</UL>

<P><STRONG><a name="[85]"></a>_StoreChar</STRONG> (Thumb, 68 bytes, Stack size 16 bytes, segger_rtt_printf.o(i._StoreChar))
<BR><BR>[Stack]<UL><LI>Max Depth = 128<LI>Call Chain = _StoreChar &rArr; SEGGER_RTT_Write &rArr; SEGGER_RTT_WriteNoLock &rArr; _WriteNoCheck &rArr; __aeabi_memcpy
</UL>
<BR>[Calls]<UL><LI><a href="#[7f]">&gt;&gt;</a>&nbsp;&nbsp;&nbsp;SEGGER_RTT_Write
</UL>
<BR>[Called By]<UL><LI><a href="#[87]">&gt;&gt;</a>&nbsp;&nbsp;&nbsp;_PrintUnsigned
<LI><a href="#[86]">&gt;&gt;</a>&nbsp;&nbsp;&nbsp;_PrintInt
<LI><a href="#[84]">&gt;&gt;</a>&nbsp;&nbsp;&nbsp;SEGGER_RTT_vprintf
</UL>

<P><STRONG><a name="[248]"></a>ram_end_address_get</STRONG> (Thumb, 22 bytes, Stack size 0 bytes, softdevice_handler.o(i.ram_end_address_get))
<BR><BR>[Called By]<UL><LI><a href="#[129]">&gt;&gt;</a>&nbsp;&nbsp;&nbsp;softdevice_enable
<LI><a href="#[128]">&gt;&gt;</a>&nbsp;&nbsp;&nbsp;sd_check_ram_start
</UL>

<P><STRONG><a name="[24c]"></a>sd_nvic_EnableIRQ</STRONG> (Thumb, 188 bytes, Stack size 8 bytes, softdevice_handler.o(i.sd_nvic_EnableIRQ))
<BR><BR>[Stack]<UL><LI>Max Depth = 8<LI>Call Chain = sd_nvic_EnableIRQ
</UL>
<BR>[Called By]<UL><LI><a href="#[126]">&gt;&gt;</a>&nbsp;&nbsp;&nbsp;softdevice_handler_init
</UL>

<P><STRONG><a name="[1ad]"></a>gzp_array_is_set</STRONG> (Thumb, 32 bytes, Stack size 8 bytes, nrf_gzp_device - judge.o(i.gzp_array_is_set))
<BR><BR>[Stack]<UL><LI>Max Depth = 8<LI>Call Chain = gzp_array_is_set
</UL>
<BR>[Called By]<UL><LI><a href="#[19c]">&gt;&gt;</a>&nbsp;&nbsp;&nbsp;gzp_params_store
</UL>

<P><STRONG><a name="[1a4]"></a>gzp_index_db_add</STRONG> (Thumb, 74 bytes, Stack size 24 bytes, nrf_gzp_device - judge.o(i.gzp_index_db_add))
<BR><BR>[Stack]<UL><LI>Max Depth = 44<LI>Call Chain = gzp_index_db_add &rArr; nrf_nvmc_write_byte
</UL>
<BR>[Calls]<UL><LI><a href="#[1a3]">&gt;&gt;</a>&nbsp;&nbsp;&nbsp;nrf_nvmc_write_byte
</UL>
<BR>[Called By]<UL><LI><a href="#[19c]">&gt;&gt;</a>&nbsp;&nbsp;&nbsp;gzp_params_store
</UL>

<P><STRONG><a name="[1aa]"></a>gzp_index_db_empty</STRONG> (Thumb, 16 bytes, Stack size 0 bytes, nrf_gzp_device - judge.o(i.gzp_index_db_empty))
<BR><BR>[Called By]<UL><LI><a href="#[1a5]">&gt;&gt;</a>&nbsp;&nbsp;&nbsp;gzp_params_restore
</UL>

<P><STRONG><a name="[1a9]"></a>gzp_index_db_full</STRONG> (Thumb, 16 bytes, Stack size 0 bytes, nrf_gzp_device - judge.o(i.gzp_index_db_full))
<BR><BR>[Called By]<UL><LI><a href="#[19c]">&gt;&gt;</a>&nbsp;&nbsp;&nbsp;gzp_params_store
<LI><a href="#[1a5]">&gt;&gt;</a>&nbsp;&nbsp;&nbsp;gzp_params_restore
</UL>

<P><STRONG><a name="[1ab]"></a>gzp_index_db_read</STRONG> (Thumb, 34 bytes, Stack size 0 bytes, nrf_gzp_device - judge.o(i.gzp_index_db_read))
<BR><BR>[Called By]<UL><LI><a href="#[19c]">&gt;&gt;</a>&nbsp;&nbsp;&nbsp;gzp_params_store
<LI><a href="#[1a5]">&gt;&gt;</a>&nbsp;&nbsp;&nbsp;gzp_params_restore
</UL>

<P><STRONG><a name="[1a6]"></a>gzp_params_db_add</STRONG> (Thumb, 26 bytes, Stack size 16 bytes, nrf_gzp_device - judge.o(i.gzp_params_db_add))
<BR><BR>[Stack]<UL><LI>Max Depth = 56<LI>Call Chain = gzp_params_db_add &rArr; nrf_nvmc_write_bytes &rArr; nrf_nvmc_write_byte
</UL>
<BR>[Calls]<UL><LI><a href="#[1a7]">&gt;&gt;</a>&nbsp;&nbsp;&nbsp;nrf_nvmc_write_bytes
</UL>
<BR>[Called By]<UL><LI><a href="#[19c]">&gt;&gt;</a>&nbsp;&nbsp;&nbsp;gzp_params_store
</UL>

<P><STRONG><a name="[1a8]"></a>gzp_params_db_read</STRONG> (Thumb, 26 bytes, Stack size 16 bytes, nrf_gzp_device - judge.o(i.gzp_params_db_read))
<BR><BR>[Stack]<UL><LI>Max Depth = 24<LI>Call Chain = gzp_params_db_read &rArr; __aeabi_memcpy
</UL>
<BR>[Calls]<UL><LI><a href="#[91]">&gt;&gt;</a>&nbsp;&nbsp;&nbsp;__aeabi_memcpy
</UL>
<BR>[Called By]<UL><LI><a href="#[19c]">&gt;&gt;</a>&nbsp;&nbsp;&nbsp;gzp_params_store
<LI><a href="#[1a5]">&gt;&gt;</a>&nbsp;&nbsp;&nbsp;gzp_params_restore
</UL>

<P><STRONG><a name="[1a5]"></a>gzp_params_restore</STRONG> (Thumb, 64 bytes, Stack size 24 bytes, nrf_gzp_device - judge.o(i.gzp_params_restore))
<BR><BR>[Stack]<UL><LI>Max Depth = 48<LI>Call Chain = gzp_params_restore &rArr; gzp_params_db_read &rArr; __aeabi_memcpy
</UL>
<BR>[Calls]<UL><LI><a href="#[1ac]">&gt;&gt;</a>&nbsp;&nbsp;&nbsp;gzp_set_host_id
<LI><a href="#[1a8]">&gt;&gt;</a>&nbsp;&nbsp;&nbsp;gzp_params_db_read
<LI><a href="#[1ab]">&gt;&gt;</a>&nbsp;&nbsp;&nbsp;gzp_index_db_read
<LI><a href="#[1a9]">&gt;&gt;</a>&nbsp;&nbsp;&nbsp;gzp_index_db_full
<LI><a href="#[1aa]">&gt;&gt;</a>&nbsp;&nbsp;&nbsp;gzp_index_db_empty
</UL>
<BR>[Called By]<UL><LI><a href="#[183]">&gt;&gt;</a>&nbsp;&nbsp;&nbsp;gzp_init
</UL>

<P><STRONG><a name="[19c]"></a>gzp_params_store</STRONG> (Thumb, 374 bytes, Stack size 40 bytes, nrf_gzp_device - judge.o(i.gzp_params_store))
<BR><BR>[Stack]<UL><LI>Max Depth = 96<LI>Call Chain = gzp_params_store &rArr; gzp_params_db_add &rArr; nrf_nvmc_write_bytes &rArr; nrf_nvmc_write_byte
</UL>
<BR>[Calls]<UL><LI><a href="#[1a8]">&gt;&gt;</a>&nbsp;&nbsp;&nbsp;gzp_params_db_read
<LI><a href="#[1a6]">&gt;&gt;</a>&nbsp;&nbsp;&nbsp;gzp_params_db_add
<LI><a href="#[1ab]">&gt;&gt;</a>&nbsp;&nbsp;&nbsp;gzp_index_db_read
<LI><a href="#[1a9]">&gt;&gt;</a>&nbsp;&nbsp;&nbsp;gzp_index_db_full
<LI><a href="#[1a4]">&gt;&gt;</a>&nbsp;&nbsp;&nbsp;gzp_index_db_add
<LI><a href="#[1ad]">&gt;&gt;</a>&nbsp;&nbsp;&nbsp;gzp_array_is_set
<LI><a href="#[15e]">&gt;&gt;</a>&nbsp;&nbsp;&nbsp;memcmp
<LI><a href="#[91]">&gt;&gt;</a>&nbsp;&nbsp;&nbsp;__aeabi_memcpy
</UL>
<BR>[Called By]<UL><LI><a href="#[185]">&gt;&gt;</a>&nbsp;&nbsp;&nbsp;gzp_address_req_send
</UL>

<P><STRONG><a name="[1ac]"></a>gzp_set_host_id</STRONG> (Thumb, 16 bytes, Stack size 8 bytes, nrf_gzp_device - judge.o(i.gzp_set_host_id))
<BR><BR>[Stack]<UL><LI>Max Depth = 16<LI>Call Chain = gzp_set_host_id &rArr; __aeabi_memcpy
</UL>
<BR>[Calls]<UL><LI><a href="#[91]">&gt;&gt;</a>&nbsp;&nbsp;&nbsp;__aeabi_memcpy
</UL>
<BR>[Called By]<UL><LI><a href="#[1a5]">&gt;&gt;</a>&nbsp;&nbsp;&nbsp;gzp_params_restore
</UL>

<P><STRONG><a name="[196]"></a>gzp_tx_packet</STRONG> (Thumb, 54 bytes, Stack size 16 bytes, nrf_gzp_device - judge.o(i.gzp_tx_packet))
<BR><BR>[Stack]<UL><LI>Max Depth = 112<LI>Call Chain = gzp_tx_packet &rArr; nrf_gzll_add_packet_to_tx_fifo &rArr; nrf_impl_put_tx_fifo &rArr; nrf_pm_put_tx_fifo &rArr; nrf_pm_search_for_ptx_pipe_to_service &rArr; nrf_fifo_get_packet_count &rArr; NRF_ASSERT_INTERNAL_parse_and_forward
</UL>
<BR>[Calls]<UL><LI><a href="#[1ae]">&gt;&gt;</a>&nbsp;&nbsp;&nbsp;nrf_gzll_add_packet_to_tx_fifo
</UL>
<BR>[Called By]<UL><LI><a href="#[185]">&gt;&gt;</a>&nbsp;&nbsp;&nbsp;gzp_address_req_send
</UL>

<P><STRONG><a name="[216]"></a>nrf_gzp_set_primask</STRONG> (Thumb, 6 bytes, Stack size 0 bytes, nrf_gzp_judge.o(i.nrf_gzp_set_primask))
<BR><BR>[Called By]<UL><LI><a href="#[197]">&gt;&gt;</a>&nbsp;&nbsp;&nbsp;nrf_gzp_flush_rx_fifo
</UL>

<P><STRONG><a name="[8c]"></a>is_disabled_in_debug_needed</STRONG> (Thumb, 52 bytes, Stack size 0 bytes, system_nrf51.o(i.is_disabled_in_debug_needed))
<BR><BR>[Called By]<UL><LI><a href="#[23]">&gt;&gt;</a>&nbsp;&nbsp;&nbsp;SystemInit
</UL>

<P><STRONG><a name="[8b]"></a>is_manual_peripheral_setup_needed</STRONG> (Thumb, 104 bytes, Stack size 0 bytes, system_nrf51.o(i.is_manual_peripheral_setup_needed))
<BR><BR>[Called By]<UL><LI><a href="#[23]">&gt;&gt;</a>&nbsp;&nbsp;&nbsp;SystemInit
</UL>

<P><STRONG><a name="[8d]"></a>is_peripheral_domain_setup_needed</STRONG> (Thumb, 78 bytes, Stack size 0 bytes, system_nrf51.o(i.is_peripheral_domain_setup_needed))
<BR><BR>[Called By]<UL><LI><a href="#[23]">&gt;&gt;</a>&nbsp;&nbsp;&nbsp;SystemInit
</UL>

<P><STRONG><a name="[39]"></a>device_ack_received</STRONG> (Thumb, 278 bytes, Stack size 40 bytes, nrf_impala.o(i.device_ack_received))
<BR><BR>[Stack]<UL><LI>Max Depth = 104<LI>Call Chain = device_ack_received &rArr; nrf_pm_end_ptx &rArr; nrf_pm_search_for_ptx_pipe_to_service &rArr; nrf_fifo_get_packet_count &rArr; NRF_ASSERT_INTERNAL_parse_and_forward
</UL>
<BR>[Calls]<UL><LI><a href="#[e1]">&gt;&gt;</a>&nbsp;&nbsp;&nbsp;nrf_pm_get_state
<LI><a href="#[159]">&gt;&gt;</a>&nbsp;&nbsp;&nbsp;nrf_pm_get_current_ptx_pipe
<LI><a href="#[158]">&gt;&gt;</a>&nbsp;&nbsp;&nbsp;nrf_pm_get_current_ptx_packet
<LI><a href="#[157]">&gt;&gt;</a>&nbsp;&nbsp;&nbsp;nrf_pm_end_ptx
<LI><a href="#[de]">&gt;&gt;</a>&nbsp;&nbsp;&nbsp;nrf_nm_add
<LI><a href="#[df]">&gt;&gt;</a>&nbsp;&nbsp;&nbsp;nrf_lcore_force_disable
<LI><a href="#[156]">&gt;&gt;</a>&nbsp;&nbsp;&nbsp;nrf_flw_task_is_delayed
<LI><a href="#[15b]">&gt;&gt;</a>&nbsp;&nbsp;&nbsp;nrf_chm_set_current_timeslot
<LI><a href="#[15a]">&gt;&gt;</a>&nbsp;&nbsp;&nbsp;nrf_chm_get_current_channel_index
<LI><a href="#[77]">&gt;&gt;</a>&nbsp;&nbsp;&nbsp;NRF_ASSERT_INTERNAL_parse_and_forward
</UL>
<BR>[Address Reference Count : 1]<UL><LI> nrf_impala.o(i.nrf_impl_state_fun_timeslot_start)
</UL>
<P><STRONG><a name="[18c]"></a>goto_disable</STRONG> (Thumb, 144 bytes, Stack size 24 bytes, nrf_impala.o(i.goto_disable))
<BR><BR>[Stack]<UL><LI>Max Depth = 120<LI>Call Chain = goto_disable &rArr; nrf_pm_end_prx &rArr; nrf_pm_search_for_ptx_pipe_to_service &rArr; nrf_fifo_get_packet_count &rArr; NRF_ASSERT_INTERNAL_parse_and_forward
</UL>
<BR>[Calls]<UL><LI><a href="#[18f]">&gt;&gt;</a>&nbsp;&nbsp;&nbsp;nrf_sm_set_next_state
<LI><a href="#[e1]">&gt;&gt;</a>&nbsp;&nbsp;&nbsp;nrf_pm_get_state
<LI><a href="#[157]">&gt;&gt;</a>&nbsp;&nbsp;&nbsp;nrf_pm_end_ptx
<LI><a href="#[dc]">&gt;&gt;</a>&nbsp;&nbsp;&nbsp;nrf_pm_end_prx
<LI><a href="#[de]">&gt;&gt;</a>&nbsp;&nbsp;&nbsp;nrf_nm_add
<LI><a href="#[df]">&gt;&gt;</a>&nbsp;&nbsp;&nbsp;nrf_lcore_force_disable
<LI><a href="#[18e]">&gt;&gt;</a>&nbsp;&nbsp;&nbsp;nrf_flw_stop
<LI><a href="#[18d]">&gt;&gt;</a>&nbsp;&nbsp;&nbsp;nrf_flw_get_runstate
<LI><a href="#[77]">&gt;&gt;</a>&nbsp;&nbsp;&nbsp;NRF_ASSERT_INTERNAL_parse_and_forward
</UL>
<BR>[Called By]<UL><LI><a href="#[1]">&gt;&gt;</a>&nbsp;&nbsp;&nbsp;nrf_impl_state_fun_timeslot_start
</UL>

<P><STRONG><a name="[1cc]"></a>m_nrf_impl_restore_all_hw_params</STRONG> (Thumb, 682 bytes, Stack size 24 bytes, nrf_impala.o(i.m_nrf_impl_restore_all_hw_params))
<BR><BR>[Stack]<UL><LI>Max Depth = 56<LI>Call Chain = m_nrf_impl_restore_all_hw_params &rArr; nrf_lcore_init &rArr; nrf_lcore_force_disable
</UL>
<BR>[Calls]<UL><LI><a href="#[1ce]">&gt;&gt;</a>&nbsp;&nbsp;&nbsp;nrf_lcore_init
<LI><a href="#[1cd]">&gt;&gt;</a>&nbsp;&nbsp;&nbsp;nrf_flw_get_ext_capture_task
<LI><a href="#[77]">&gt;&gt;</a>&nbsp;&nbsp;&nbsp;NRF_ASSERT_INTERNAL_parse_and_forward
</UL>
<BR>[Called By]<UL><LI><a href="#[222]">&gt;&gt;</a>&nbsp;&nbsp;&nbsp;update_mode
<LI><a href="#[205]">&gt;&gt;</a>&nbsp;&nbsp;&nbsp;nrf_impl_init
<LI><a href="#[1fd]">&gt;&gt;</a>&nbsp;&nbsp;&nbsp;nrf_impl_enable
</UL>

<P><STRONG><a name="[217]"></a>sm_start</STRONG> (Thumb, 78 bytes, Stack size 8 bytes, nrf_impala.o(i.sm_start))
<BR><BR>[Stack]<UL><LI>Max Depth = 48<LI>Call Chain = sm_start &rArr; NRF_flw_prepare_call &rArr; NRF_ASSERT_INTERNAL_parse_and_forward
</UL>
<BR>[Calls]<UL><LI><a href="#[249]">&gt;&gt;</a>&nbsp;&nbsp;&nbsp;nrf_sm_get_next_state
<LI><a href="#[24a]">&gt;&gt;</a>&nbsp;&nbsp;&nbsp;nrf_flw_start
<LI><a href="#[18d]">&gt;&gt;</a>&nbsp;&nbsp;&nbsp;nrf_flw_get_runstate
<LI><a href="#[79]">&gt;&gt;</a>&nbsp;&nbsp;&nbsp;NRF_flw_prepare_call
<LI><a href="#[77]">&gt;&gt;</a>&nbsp;&nbsp;&nbsp;NRF_ASSERT_INTERNAL_parse_and_forward
</UL>
<BR>[Called By]<UL><LI><a href="#[207]">&gt;&gt;</a>&nbsp;&nbsp;&nbsp;nrf_impl_set_mode
<LI><a href="#[1fb]">&gt;&gt;</a>&nbsp;&nbsp;&nbsp;nrf_impl_put_tx_fifo
<LI><a href="#[205]">&gt;&gt;</a>&nbsp;&nbsp;&nbsp;nrf_impl_init
<LI><a href="#[1fd]">&gt;&gt;</a>&nbsp;&nbsp;&nbsp;nrf_impl_enable
<LI><a href="#[1d9]">&gt;&gt;</a>&nbsp;&nbsp;&nbsp;nrf_impl_disable
</UL>

<P><STRONG><a name="[222]"></a>update_mode</STRONG> (Thumb, 240 bytes, Stack size 32 bytes, nrf_impala.o(i.update_mode))
<BR><BR>[Stack]<UL><LI>Max Depth = 128<LI>Call Chain = update_mode &rArr; nrf_pm_end_prx &rArr; nrf_pm_search_for_ptx_pipe_to_service &rArr; nrf_fifo_get_packet_count &rArr; NRF_ASSERT_INTERNAL_parse_and_forward
</UL>
<BR>[Calls]<UL><LI><a href="#[e1]">&gt;&gt;</a>&nbsp;&nbsp;&nbsp;nrf_pm_get_state
<LI><a href="#[157]">&gt;&gt;</a>&nbsp;&nbsp;&nbsp;nrf_pm_end_ptx
<LI><a href="#[dc]">&gt;&gt;</a>&nbsp;&nbsp;&nbsp;nrf_pm_end_prx
<LI><a href="#[de]">&gt;&gt;</a>&nbsp;&nbsp;&nbsp;nrf_nm_add
<LI><a href="#[df]">&gt;&gt;</a>&nbsp;&nbsp;&nbsp;nrf_lcore_force_disable
<LI><a href="#[1cc]">&gt;&gt;</a>&nbsp;&nbsp;&nbsp;m_nrf_impl_restore_all_hw_params
<LI><a href="#[77]">&gt;&gt;</a>&nbsp;&nbsp;&nbsp;NRF_ASSERT_INTERNAL_parse_and_forward
</UL>
<BR>[Called By]<UL><LI><a href="#[1]">&gt;&gt;</a>&nbsp;&nbsp;&nbsp;nrf_impl_state_fun_timeslot_start
<LI><a href="#[207]">&gt;&gt;</a>&nbsp;&nbsp;&nbsp;nrf_impl_set_mode
<LI><a href="#[205]">&gt;&gt;</a>&nbsp;&nbsp;&nbsp;nrf_impl_init
</UL>

<P><STRONG><a name="[7a]"></a>nrf_lcore_handler_rx_enable_start_tx_enable_start_disable</STRONG> (Thumb, 208 bytes, Stack size 24 bytes, nrf_link_core.o(i.nrf_lcore_handler_rx_enable_start_tx_enable_start_disable))
<BR><BR>[Stack]<UL><LI>Max Depth = 32<LI>Call Chain = nrf_lcore_handler_rx_enable_start_tx_enable_start_disable &rArr; NRF_ASSERT_INTERNAL_parse_and_forward
</UL>
<BR>[Calls]<UL><LI><a href="#[77]">&gt;&gt;</a>&nbsp;&nbsp;&nbsp;NRF_ASSERT_INTERNAL_parse_and_forward
</UL>
<BR>[Called By]<UL><LI><a href="#[a]">&gt;&gt;</a>&nbsp;&nbsp;&nbsp;RADIO_IRQHandler
</UL>
<P>
<H3>
Undefined Global Symbols
</H3><HR></body></html>
