Component: ARM Compiler 5.06 update 3 (build 300) Tool: armlink [4d35c9]

==============================================================================

Section Cross References

    main.o(i.assert_nrf_callback) refers to app_error.o(i.app_error_handler) for app_error_handler
    main.o(i.main) refers to ble_app_gzll_ui.o(i.BETOP_switch_check) for BETOP_switch_check
    main.o(i.main) refers to ble_app_store.o(i.com_mode_check) for com_mode_check
    main.o(i.main) refers to nrf_log.o(i.log_rtt_init) for log_rtt_init
    main.o(i.main) refers to ble_app_gzll_ui.o(i.buttons_init_Judge) for buttons_init_Judge
    main.o(i.main) refers to ble_app_gzll_ui.o(i.leds_init_Judge) for leds_init_Judge
    main.o(i.main) refers to ble_app_adc.o(i.adc_init) for adc_init
    main.o(i.main) refers to main.o(i.timers_init_and_start) for timers_init_and_start
    main.o(i.main) refers to ble_app_gzll_hid.o(i.ble_stack_start) for ble_stack_start
    main.o(i.main) refers to ble_app_gzll_hid.o(i.ble_hid_app_start) for ble_hid_app_start
    main.o(i.main) refers to ble_app_gzll_hid.o(i.ble_hid_app_stop) for ble_hid_app_stop
    main.o(i.main) refers to ble_app_gzll_hid.o(i.ble_stack_stop) for ble_stack_stop
    main.o(i.main) refers to ble_app_store.o(i.mode_store) for mode_store
    main.o(i.main) refers to ble_app_gzll_device.o(i.gzll_app_start) for gzll_app_start
    main.o(i.main) refers to ble_app_gzll_device.o(i.gzll_app_stop) for gzll_app_stop
    main.o(i.main) refers to main.o(i.power_manage) for power_manage
    main.o(i.main) refers to main.o(.data) for running_mode
    main.o(i.power_manage) refers to ble_app_adc.o(i.adc_change_data_calculate) for adc_change_data_calculate
    main.o(i.power_manage) refers to ble_app_gzll_hid.o(i.read_mouse_and_send_change) for read_mouse_and_send_change
    main.o(i.power_manage) refers to ble_app_gzll_ui.o(i.key_sense_turbo) for key_sense_turbo
    main.o(i.power_manage) refers to ble_app_gzll_ui.o(i.goto_syetem_off) for goto_syetem_off
    main.o(i.power_manage) refers to app_error.o(i.app_error_handler) for app_error_handler
    main.o(i.power_manage) refers to main.o(.data) for running_mode
    main.o(i.power_manage) refers to ble_app_adc.o(.data) for time_for_send_flag
    main.o(i.power_manage) refers to ble_app_gzll_ui.o(.data) for mode_change_flag
    main.o(i.scheduler_init) refers to app_scheduler.o(i.app_sched_init) for app_sched_init
    main.o(i.scheduler_init) refers to app_error.o(i.app_error_handler) for app_error_handler
    main.o(i.scheduler_init) refers to main.o(.bss) for APP_SCHED_BUF
    main.o(i.timers_init_and_start) refers to app_timer_ble_gzll.o(i.app_timer_init) for app_timer_init
    main.o(i.timers_init_and_start) refers to app_error.o(i.app_error_handler) for app_error_handler
    main.o(i.timers_init_and_start) refers to app_timer_ble_gzll.o(i.app_timer_create) for app_timer_create
    main.o(i.timers_init_and_start) refers to app_timer_ble_gzll.o(i.app_timer_start) for app_timer_start
    main.o(i.timers_init_and_start) refers to main.o(.bss) for APP_TIMER_BUF
    main.o(i.timers_init_and_start) refers to ble_app_gzll_ui.o(i.LED_FALSH_handler) for LED_FALSH_handler
    main.o(i.timers_init_and_start) refers to main.o(.constdata) for m_led_flash_timer_id
    main.o(.constdata) refers to main.o(.bss) for m_led_flash_timer_id_data
    ble_app_gzll_device.o(i.btn_read_pin_state) refers to ble_app_gzll_device.o(.data) for pins_value_temp
    ble_app_gzll_device.o(i.gazell_mode_init) refers to nrf_gzll.o(i.nrf_gzll_init) for nrf_gzll_init
    ble_app_gzll_device.o(i.gazell_mode_init) refers to nrf_gzll.o(i.nrf_gzll_set_max_tx_attempts) for nrf_gzll_set_max_tx_attempts
    ble_app_gzll_device.o(i.gazell_mode_init) refers to nrf_gzll.o(i.nrf_gzll_set_device_channel_selection_policy) for nrf_gzll_set_device_channel_selection_policy
    ble_app_gzll_device.o(i.gazell_mode_init) refers to nrf_gzll.o(i.nrf_gzll_set_timeslot_period) for nrf_gzll_set_timeslot_period
    ble_app_gzll_device.o(i.gazell_mode_init) refers to nrf_gzll.o(i.nrf_gzll_set_sync_lifetime) for nrf_gzll_set_sync_lifetime
    ble_app_gzll_device.o(i.gazell_mode_init) refers to nrf_gzll.o(i.nrf_gzll_set_tx_power) for nrf_gzll_set_tx_power
    ble_app_gzll_device.o(i.gazell_mode_init) refers to nrf_gzll.o(i.nrf_gzll_set_channel_table) for nrf_gzll_set_channel_table
    ble_app_gzll_device.o(i.gazell_mode_init) refers to nrf_gzp_device - judge.o(i.gzp_init) for gzp_init
    ble_app_gzll_device.o(i.gazell_mode_init) refers to nrf_gzll.o(i.nrf_gzll_enable) for nrf_gzll_enable
    ble_app_gzll_device.o(i.gazell_mode_init) refers to nrf_gzp_device - judge.o(i.gzp_address_req_send) for gzp_address_req_send
    ble_app_gzll_device.o(i.gazell_mode_init) refers to ble_app_gzll_ui.o(i.key_sense_turbo) for key_sense_turbo
    ble_app_gzll_device.o(i.gazell_mode_init) refers to ble_app_gzll_device.o(i.nrf_gpio_pin_read) for nrf_gpio_pin_read
[...]
    nrf_gzll_set_sync_lifetime               0x00024d79   Thumb Code    28  nrf_gzll.o(i.nrf_gzll_set_sync_lifetime)
    nrf_gzll_set_timeslot_period             0x00024d99   Thumb Code    28  nrf_gzll.o(i.nrf_gzll_set_timeslot_period)
    nrf_gzll_set_timeslots_per_channel_when_device_out_of_sync 0x00024db9   Thumb Code    28  nrf_gzll.o(i.nrf_gzll_set_timeslots_per_channel_when_device_out_of_sync)
    nrf_gzll_set_tx_power                    0x00024dd9   Thumb Code    84  nrf_gzll.o(i.nrf_gzll_set_tx_power)
    nrf_gzp_disable_gzll                     0x00024e31   Thumb Code    28  nrf_gzp_judge.o(i.nrf_gzp_disable_gzll)
    nrf_gzp_flush_rx_fifo                    0x00024e4d   Thumb Code    44  nrf_gzp_judge.o(i.nrf_gzp_flush_rx_fifo)
    nrf_impl_disable                         0x00024e85   Thumb Code    38  nrf_impala.o(i.nrf_impl_disable)
    nrf_impl_enable                          0x00024eb1   Thumb Code    70  nrf_impala.o(i.nrf_impl_enable)
    nrf_impl_enable_rssi                     0x00024f0d   Thumb Code    24  nrf_impala.o(i.nrf_impl_enable_rssi)
    nrf_impl_flush_rx_fifo                   0x00024f31   Thumb Code    20  nrf_impala.o(i.nrf_impl_flush_rx_fifo)
    nrf_impl_flush_tx_fifo                   0x00024f45   Thumb Code    44  nrf_impala.o(i.nrf_impl_flush_tx_fifo)
    nrf_impl_free_packet                     0x00024f79   Thumb Code    20  nrf_impala.o(i.nrf_impl_free_packet)
    nrf_impl_get_available_fifo_packets      0x00024f8d   Thumb Code     8  nrf_impala.o(i.nrf_impl_get_available_fifo_packets)
    nrf_impl_get_max_allowed_tx_attempts     0x00024f95   Thumb Code     6  nrf_impala.o(i.nrf_impl_get_max_allowed_tx_attempts)
    nrf_impl_get_rx_fifo_status              0x00024fa1   Thumb Code     8  nrf_impala.o(i.nrf_impl_get_rx_fifo_status)
    nrf_impl_get_timeslot_period             0x00024fa9   Thumb Code     6  nrf_impala.o(i.nrf_impl_get_timeslot_period)
    nrf_impl_get_tx_fifo_status              0x00024fb5   Thumb Code     8  nrf_impala.o(i.nrf_impl_get_tx_fifo_status)
    nrf_impl_get_tx_power                    0x00024fbd   Thumb Code     6  nrf_impala.o(i.nrf_impl_get_tx_power)
    nrf_impl_init                            0x00024fc9   Thumb Code   346  nrf_impala.o(i.nrf_impl_init)
    nrf_impl_is_disabled                     0x00025155   Thumb Code    16  nrf_impala.o(i.nrf_impl_is_disabled)
    nrf_impl_pop_rx_fifo                     0x00025169   Thumb Code    20  nrf_impala.o(i.nrf_impl_pop_rx_fifo)
    nrf_impl_put_tx_fifo                     0x0002517d   Thumb Code    52  nrf_impala.o(i.nrf_impl_put_tx_fifo)
    nrf_impl_read_rx_fifo                    0x000251b5   Thumb Code     8  nrf_impala.o(i.nrf_impl_read_rx_fifo)
    nrf_impl_reserve_packet                  0x000251bd   Thumb Code    20  nrf_impala.o(i.nrf_impl_reserve_packet)
    nrf_impl_set_base_address_length         0x000251d1   Thumb Code    22  nrf_impala.o(i.nrf_impl_set_base_address_length)
    nrf_impl_set_channel_selection_policy    0x000251f1   Thumb Code     6  nrf_impala.o(i.nrf_impl_set_channel_selection_policy)
    nrf_impl_set_channel_table               0x000251fd   Thumb Code    38  nrf_impala.o(i.nrf_impl_set_channel_table)
    nrf_impl_set_datarate                    0x00025231   Thumb Code    94  nrf_impala.o(i.nrf_impl_set_datarate)
    nrf_impl_set_max_allowed_tx_attempts     0x000252c5   Thumb Code     6  nrf_impala.o(i.nrf_impl_set_max_allowed_tx_attempts)
    nrf_impl_set_mode                        0x000252d1   Thumb Code    42  nrf_impala.o(i.nrf_impl_set_mode)
    nrf_impl_set_pipe_0_base_address         0x00025301   Thumb Code    98  nrf_impala.o(i.nrf_impl_set_pipe_0_base_address)
    nrf_impl_set_pipes_1_to_7_base_address   0x0002536d   Thumb Code    98  nrf_impala.o(i.nrf_impl_set_pipes_1_to_7_base_address)
    nrf_impl_set_prefix_byte                 0x000253d9   Thumb Code   146  nrf_impala.o(i.nrf_impl_set_prefix_byte)
    nrf_impl_set_sync_lifetime               0x00025479   Thumb Code     6  nrf_impala.o(i.nrf_impl_set_sync_lifetime)
    nrf_impl_set_timeslot_period             0x00025485   Thumb Code     6  nrf_impala.o(i.nrf_impl_set_timeslot_period)
    nrf_impl_set_timeslots_per_channel_when_out_of_sync 0x00025491   Thumb Code    36  nrf_impala.o(i.nrf_impl_set_timeslots_per_channel_when_out_of_sync)
    nrf_impl_set_tx_power                    0x000254c1   Thumb Code    10  nrf_impala.o(i.nrf_impl_set_tx_power)
    nrf_impl_set_xosc_ctl                    0x000254d5   Thumb Code     6  nrf_impala.o(i.nrf_impl_set_xosc_ctl)
    nrf_impl_state_fun_device_send_packet    0x000254e1   Thumb Code    74  nrf_impala.o(i.nrf_impl_state_fun_device_send_packet)
    nrf_impl_state_fun_timeslot_start        0x00025545   Thumb Code  1200  nrf_impala.o(i.nrf_impl_state_fun_timeslot_start)
    nrf_lcore_force_disable                  0x00025a05   Thumb Code   114  nrf_link_core.o(i.nrf_lcore_force_disable)
    nrf_lcore_init                           0x00025ba9   Thumb Code    54  nrf_link_core.o(i.nrf_lcore_init)
    nrf_lcore_prepare_operation              0x00025bfd   Thumb Code   176  nrf_link_core.o(i.nrf_lcore_prepare_operation)
    nrf_lcore_rx_address_match               0x00025ce1   Thumb Code    12  nrf_link_core.o(i.nrf_lcore_rx_address_match)
    nrf_lcore_start_operation                0x00025cf1   Thumb Code   122  nrf_link_core.o(i.nrf_lcore_start_operation)
    nrf_nm_add                               0x00025d95   Thumb Code   100  nrf_notification_manager.o(i.nrf_nm_add)
    nrf_nm_get_remaining_space_in_notification_queue 0x00025e0d   Thumb Code    12  nrf_notification_manager.o(i.nrf_nm_get_remaining_space_in_notification_queue)
    nrf_nm_init                              0x00025e1d   Thumb Code    36  nrf_notification_manager.o(i.nrf_nm_init)
    nrf_nvmc_page_erase                      0x00025e51   Thumb Code    48  nrf_nvmc.o(i.nrf_nvmc_page_erase)
    nrf_nvmc_write_byte                      0x00025e89   Thumb Code    70  nrf_nvmc.o(i.nrf_nvmc_write_byte)
    nrf_nvmc_write_bytes                     0x00025ed9   Thumb Code    28  nrf_nvmc.o(i.nrf_nvmc_write_bytes)
    nrf_pm_end_prx                           0x00025ef5   Thumb Code   364  nrf_packet_manager.o(i.nrf_pm_end_prx)
    nrf_pm_end_ptx                           0x00026089   Thumb Code   182  nrf_packet_manager.o(i.nrf_pm_end_ptx)
    nrf_pm_flush_rx_fifo                     0x00026165   Thumb Code    10  nrf_packet_manager.o(i.nrf_pm_flush_rx_fifo)
    nrf_pm_flush_tx_fifo                     0x00026171   Thumb Code    44  nrf_packet_manager.o(i.nrf_pm_flush_tx_fifo)
    nrf_pm_free_packet                       0x000261a9   Thumb Code     8  nrf_packet_manager.o(i.nrf_pm_free_packet)
    nrf_pm_get_available_fifo_packets        0x000261b1   Thumb Code     8  nrf_packet_manager.o(i.nrf_pm_get_available_fifo_packets)
    nrf_pm_get_current_ptx_ack_ptr           0x000261b9   Thumb Code     6  nrf_packet_manager.o(i.nrf_pm_get_current_ptx_ack_ptr)
    nrf_pm_get_current_ptx_packet            0x000261c5   Thumb Code     6  nrf_packet_manager.o(i.nrf_pm_get_current_ptx_packet)
    nrf_pm_get_current_ptx_pipe              0x000261d1   Thumb Code     6  nrf_packet_manager.o(i.nrf_pm_get_current_ptx_pipe)
    nrf_pm_get_rx_fifo_status                0x000261dd   Thumb Code    10  nrf_packet_manager.o(i.nrf_pm_get_rx_fifo_status)
    nrf_pm_get_state                         0x000261e9   Thumb Code     6  nrf_packet_manager.o(i.nrf_pm_get_state)
    nrf_pm_get_tx_fifo_status                0x000261f5   Thumb Code     8  nrf_packet_manager.o(i.nrf_pm_get_tx_fifo_status)
    nrf_pm_init                              0x000261fd   Thumb Code    90  nrf_packet_manager.o(i.nrf_pm_init)
    nrf_pm_pop_rx_fifo                       0x00026269   Thumb Code    10  nrf_packet_manager.o(i.nrf_pm_pop_rx_fifo)
    nrf_pm_put_tx_fifo                       0x00026273   Thumb Code    38  nrf_packet_manager.o(i.nrf_pm_put_tx_fifo)
    nrf_pm_read_rx_fifo                      0x00026299   Thumb Code    10  nrf_packet_manager.o(i.nrf_pm_read_rx_fifo)
    nrf_pm_reserve_packet                    0x000262a3   Thumb Code     8  nrf_packet_manager.o(i.nrf_pm_reserve_packet)
    nrf_pm_search_for_ptx_pipe_to_service    0x000262ad   Thumb Code    64  nrf_packet_manager.o(i.nrf_pm_search_for_ptx_pipe_to_service)
    nrf_pm_set_dyn_ack_status                0x000262f5   Thumb Code     6  nrf_packet_manager.o(i.nrf_pm_set_dyn_ack_status)
    nrf_pm_start_prx                         0x00026301   Thumb Code    62  nrf_packet_manager.o(i.nrf_pm_start_prx)
    nrf_pm_start_ptx                         0x00026349   Thumb Code   156  nrf_packet_manager.o(i.nrf_pm_start_ptx)
    nrf_pm_there_is_ptx_packet_to_be_serviced 0x000263f9   Thumb Code     6  nrf_packet_manager.o(i.nrf_pm_there_is_ptx_packet_to_be_serviced)
    nrf_sm_execute                           0x00026415   Thumb Code    18  nrf_state_machine.o(i.nrf_sm_execute)
    nrf_sm_get_current_state                 0x00026431   Thumb Code     6  nrf_state_machine.o(i.nrf_sm_get_current_state)
    nrf_sm_get_next_state                    0x0002643d   Thumb Code     6  nrf_state_machine.o(i.nrf_sm_get_next_state)
    nrf_sm_init                              0x00026449   Thumb Code    10  nrf_state_machine.o(i.nrf_sm_init)
    nrf_sm_set_next_state                    0x00026459   Thumb Code    20  nrf_state_machine.o(i.nrf_sm_set_next_state)
    pstorage_access_status_get               0x0002716d   Thumb Code    40  pstorage.o(i.pstorage_access_status_get)
    pstorage_block_identifier_get            0x0002719d   Thumb Code   154  pstorage.o(i.pstorage_block_identifier_get)
    pstorage_clear                           0x00027241   Thumb Code   270  pstorage.o(i.pstorage_clear)
    pstorage_init                            0x000273bd   Thumb Code   104  pstorage.o(i.pstorage_init)
    pstorage_load                            0x00027445   Thumb Code   242  pstorage.o(i.pstorage_load)
    pstorage_register                        0x00027541   Thumb Code   270  pstorage.o(i.pstorage_register)
    pstorage_store                           0x00027661   Thumb Code   216  pstorage.o(i.pstorage_store)
    pstorage_sys_event_handler               0x00027741   Thumb Code    66  pstorage.o(i.pstorage_sys_event_handler)
    pstorage_update                          0x0002778d   Thumb Code   216  pstorage.o(i.pstorage_update)
    read_mouse_and_send2                     0x00027885   Thumb Code   622  ble_app_gzll_device.o(i.read_mouse_and_send2)
    read_mouse_and_send_change               0x00027b19   Thumb Code   508  ble_app_gzll_hid.o(i.read_mouse_and_send_change)
    sd_check_ram_start                       0x00028411   Thumb Code    52  softdevice_handler.o(i.sd_check_ram_start)
    send_24_mode_communication               0x0002861d   Thumb Code   244  ble_app_gzll_device.o(i.send_24_mode_communication)
    softdevice_ble_evt_handler_set           0x0002889d   Thumb Code    22  softdevice_handler.o(i.softdevice_ble_evt_handler_set)
    softdevice_enable                        0x000288b9   Thumb Code    92  softdevice_handler.o(i.softdevice_enable)
    softdevice_enable_get_default_config     0x000289bd   Thumb Code    46  softdevice_handler.o(i.softdevice_enable_get_default_config)
    softdevice_fault_handler                 0x000289eb   Thumb Code    20  softdevice_handler.o(i.softdevice_fault_handler)
    softdevice_handler_init                  0x00028a01   Thumb Code    90  softdevice_handler.o(i.softdevice_handler_init)
    softdevice_handler_sd_disable            0x00028a71   Thumb Code    24  softdevice_handler.o(i.softdevice_handler_sd_disable)
    softdevice_sys_evt_handler_set           0x00028a8d   Thumb Code    22  softdevice_handler.o(i.softdevice_sys_evt_handler_set)
    timers_init_and_start                    0x00029289   Thumb Code   120  main.o(i.timers_init_and_start)
    m_service_context_store                  0x00029abc   Data          16  device_manager_peripheral.o(.constdata)
    m_service_context_load                   0x00029acc   Data          16  device_manager_peripheral.o(.constdata)
    m_service_context_apply                  0x00029adc   Data          16  device_manager_peripheral.o(.constdata)
    m_context_init_len                       0x00029aec   Data           4  device_manager_peripheral.o(.constdata)
    Region$$Table$$Base                      0x00029cb8   Number         0  anon$$obj.o(Region$$Table)
    Region$$Table$$Limit                     0x00029cd8   Number         0  anon$$obj.o(Region$$Table)
    Image$$RW_IRAM1$$Base                    0x20002100   Number         0  anon$$obj.o ABSOLUTE
    running_mode                             0x20002100   Data           1  main.o(.data)
    switch_ble_flag                          0x20002101   Data           1  main.o(.data)
    send_data_count                          0x20002104   Data           4  ble_app_gzll_device.o(.data)
    send_data_count_temp                     0x20002108   Data           4  ble_app_gzll_device.o(.data)
    send_data_count_gazell                   0x2000210c   Data           4  ble_app_gzll_device.o(.data)
    send_success_count                       0x20002110   Data           4  ble_app_gzll_device.o(.data)
    receive_data_count                       0x20002114   Data           4  ble_app_gzll_device.o(.data)
    send_fail_count                          0x20002118   Data           4  ble_app_gzll_device.o(.data)
    pipe_num_assign                          0x2000211c   Data           1  ble_app_gzll_device.o(.data)
    pipe_use_state                           0x2000211d   Data           1  ble_app_gzll_device.o(.data)
    CMD_Value                                0x2000211e   Data           1  ble_app_gzll_device.o(.data)
    system_addr_received                     0x2000211f   Data           1  ble_app_gzll_device.o(.data)
    my_role                                  0x20002138   Data           1  ble_app_gzll_ui.o(.data)
    goto_system_off_flag                     0x20002139   Data           1  ble_app_gzll_ui.o(.data)
    mode_change_flag                         0x2000213a   Data           1  ble_app_gzll_ui.o(.data)
    GPIOTE_PORT_EVENT_FLAG                   0x20002188   Data           1  ble_app_gzll_hid.o(.data)
    tx_complete_flag                         0x20002189   Data           1  ble_app_gzll_hid.o(.data)
    goto_disconnect_event_flag               0x2000218a   Data           1  ble_app_gzll_hid.o(.data)
    goto_off_flag                            0x2000218b   Data           1  ble_app_gzll_hid.o(.data)
    time_for_send_flag                       0x200022e0   Data           1  ble_app_adc.o(.data)
    nrf_nvic_state                           0x2000242c   Data           8  softdevice_handler.o(.data)
    SystemCoreClock                          0x20002460   Data           4  system_nrf51.o(.data)
    nrf_gzll_error_code                      0x20002464   Data           1  nrf_gzll.o(.data)
    impl_async_state                         0x20002484   Data           1  nrf_impala.o(.data)
    runstate                                 0x20002498   Data           1  nrf_flywheel.o(.data)
    nrf_pm_ack_payload_pending               0x200024a4   Data           8  nrf_packet_manager.o(.data)
    sm_status                                0x200024ac   Data           3  nrf_state_machine.o(.data)
    state_functions                          0x200024b0   Data           8  nrf_state_machine.o(.data)
    available_packet_count                   0x200024b8   Data           4  nrf_fifo.o(.data)
    value_adc_change                         0x20002a50   Data          12  ble_app_adc.o(.bss)
    _SEGGER_RTT                              0x20003784   Data         120  segger_rtt.o(.bss)
    impl_internal_params                     0x20003838   Data          52  nrf_impala.o(.bss)
    nrf_impl_status                          0x2000386c   Data          28  nrf_impala.o(.bss)
    lcore_config                             0x20003888   Data          24  nrf_impala.o(.bss)
    nrf_lcore_status                         0x200038ac   Data          36  nrf_link_core.o(.bss)
    nm_status                                0x200038d0   Data         136  nrf_notification_manager.o(.bss)
    pm_status                                0x20003958   Data         148  nrf_packet_manager.o(.bss)
    pipe_status                              0x200039ec   Data          48  nrf_fifo.o(.bss)
    fifo_contents                            0x20003a1c   Data         192  nrf_fifo.o(.bss)
    available_packets                        0x20003adc   Data          24  nrf_fifo.o(.bss)
    packet_pool                              0x20003af4   Data         204  nrf_fifo.o(.bss)
    __initial_sp                             0x20003fc0   Data           0  arm_startup_nrf51.o(STACK)



==============================================================================

Memory Map of the image

  Image Entry point : 0x0001b0c1

  Load Region LR_IROM1 (Base: 0x0001b000, Size: 0x0000f094, Max: 0x00025000, ABSOLUTE, COMPRESSED[0x0000ee3c])

    Execution Region ER_IROM1 (Base: 0x0001b000, Size: 0x0000ecd8, Max: 0x00025000, ABSOLUTE)

    Base Addr    Size         Type   Attr      Idx    E Section Name        Object

    0x0001b000   0x000000c0   Data   RO         5067    RESET               arm_startup_nrf51.o
    0x0001b0c0   0x00000000   Code   RO         5565  * .ARM.Collect$$$$00000000  mc_p.l(entry.o)
    0x0001b0c0   0x00000004   Code   RO         5601    .ARM.Collect$$$$00000001  mc_p.l(entry2.o)
    0x0001b0c4   0x00000004   Code   RO         5604    .ARM.Collect$$$$00000004  mc_p.l(entry5.o)
    0x0001b0c8   0x00000000   Code   RO         5606    .ARM.Collect$$$$00000008  mc_p.l(entry7b.o)
    0x0001b0c8   0x00000000   Code   RO         5608    .ARM.Collect$$$$0000000A  mc_p.l(entry8b.o)
    0x0001b0c8   0x00000008   Code   RO         5609    .ARM.Collect$$$$0000000B  mc_p.l(entry9a.o)
    0x0001b0d0   0x00000000   Code   RO         5611    .ARM.Collect$$$$0000000D  mc_p.l(entry10a.o)
    0x0001b0d0   0x00000000   Code   RO         5613    .ARM.Collect$$$$0000000F  mc_p.l(entry11a.o)
    0x0001b0d0   0x00000004   Code   RO         5602    .ARM.Collect$$$$00002712  mc_p.l(entry2.o)
    0x0001b0d4   0x0000001e   Code   RO         2249    .emb_text           nrf_delay.o
    0x0001b0f2   0x00000002   PAD
    0x0001b0f4   0x0000001e   Code   RO         4129    .emb_text           app_timer_ble_gzll.o
    0x0001b112   0x00000002   PAD
    0x0001b114   0x0000001e   Code   RO         4754    .emb_text           nrf_gzp_device - judge.o
    0x0001b132   0x00000002   PAD
    0x0001b134   0x0000001e   Code   RO         5428    .emb_text           gzll_arm.lib(nrf_link_core.o)
    0x0001b152   0x00000002   PAD
    0x0001b154   0x00000038   Code   RO         5068    .text               arm_startup_nrf51.o
    0x0001b18c   0x0000002c   Code   RO         5573    .text               mc_p.l(uidiv.o)
    0x0001b1b8   0x00000028   Code   RO         5575    .text               mc_p.l(idiv.o)
    0x0001b1e0   0x00000040   Code   RO         5579    .text               mc_p.l(memmovea.o)
    0x0001b220   0x00000024   Code   RO         5581    .text               mc_p.l(memseta.o)
    0x0001b244   0x0000000e   Code   RO         5583    .text               mc_p.l(strlen.o)
    0x0001b252   0x0000001a   Code   RO         5587    .text               mc_p.l(memcmp.o)
    0x0001b26c   0x00000012   Code   RO         5589    .text               mc_p.l(strcpy.o)
    0x0001b27e   0x00000002   PAD
    0x0001b280   0x000000d0   Code   RO         5595    .text               mf_p.l(dmul.o)
    0x0001b350   0x0000001c   Code   RO         5597    .text               mf_p.l(dfltui.o)
    0x0001b36c   0x0000003c   Code   RO         5599    .text               mf_p.l(dfixui.o)
    0x0001b3a8   0x00000022   Code   RO         5616    .text               mc_p.l(llushr.o)
    0x0001b3ca   0x00000000   Code   RO         5618    .text               mc_p.l(iusefp.o)
    0x0001b3ca   0x000000be   Code   RO         5620    .text               mf_p.l(depilogue.o)
    0x0001b488   0x00000024   Code   RO         5624    .text               mc_p.l(init.o)
    0x0001b4ac   0x00000020   Code   RO         5626    .text               mc_p.l(llshl.o)
    0x0001b4cc   0x00000056   Code   RO         5636    .text               mc_p.l(__dczerorl2.o)
    0x0001b522   0x00000002   PAD
    0x0001b524   0x00000080   Code   RO         3089    i.ADC_IRQHandler    nrf_drv_adc.o
    0x0001b5a4   0x00000054   Code   RO          420    i.BETOP_switch_check  ble_app_gzll_ui.o
    0x0001b5f8   0x000001f8   Code   RO         2318    i.GPIOTE_IRQHandler  nrf_drv_gpiote.o
    0x0001b7f0   0x0000000a   Code   RO          421    i.LED_FALSH_handler  ble_app_gzll_ui.o
    0x0001b7fa   0x00000002   PAD
    0x0001b7fc   0x00000090   Code   RO          422    i.LED_FALSH_update  ble_app_gzll_ui.o
    0x0001b88c   0x00000008   Code   RO         5368    i.NRF_ASSERT_INTERNAL_parse_and_forward  gzll_arm.lib(nrf_assert_internal.o)
    0x0001b894   0x000000f4   Code   RO         5404    i.NRF_flw_prepare_call  gzll_arm.lib(nrf_flywheel.o)
    0x0001b988   0x00000014   Code   RO         4130    i.NVIC_ClearPendingIRQ  app_timer_ble_gzll.o
    0x0001b99c   0x00000014   Code   RO          297    i.NVIC_DisableIRQ   ble_app_gzll_device.o
    0x0001b9b0   0x00000014   Code   RO         4131    i.NVIC_EnableIRQ    app_timer_ble_gzll.o
    0x0001b9c4   0x00000014   Code   RO         4132    i.NVIC_SetPendingIRQ  app_timer_ble_gzll.o
    0x0001b9d8   0x00000078   Code   RO         2280    i.NVIC_SetPriority  nrf_drv_common.o
    0x0001ba50   0x00000078   Code   RO         4133    i.NVIC_SetPriority  app_timer_ble_gzll.o
    0x0001bac8   0x000001c0   Code   RO         5429    i.RADIO_IRQHandler  gzll_arm.lib(nrf_link_core.o)
    0x0001bc88   0x00000028   Code   RO         4134    i.RTC1_IRQHandler   app_timer_ble_gzll.o
    0x0001bcb0   0x00000080   Code   RO         4441    i.SEGGER_RTT_ConfigDownBuffer  segger_rtt.o
    0x0001bd30   0x00000080   Code   RO         4442    i.SEGGER_RTT_ConfigUpBuffer  segger_rtt.o
    0x0001bdb0   0x00000030   Code   RO         4454    i.SEGGER_RTT_Write  segger_rtt.o
    0x0001bde0   0x00000084   Code   RO         4455    i.SEGGER_RTT_WriteNoLock  segger_rtt.o
    0x0001be64   0x00000218   Code   RO         4582    i.SEGGER_RTT_vprintf  segger_rtt_printf.o
    0x0001c07c   0x00000088   Code   RO         5455    i.SWI0_IRQHandler   gzll_arm.lib(nrf_notification_manager.o)
    0x0001c104   0x00000008   Code   RO         4135    i.SWI1_IRQHandler   app_timer_ble_gzll.o
    0x0001c10c   0x0000003c   Code   RO         4617    i.SWI2_IRQHandler   softdevice_handler.o
    0x0001c148   0x00000064   Code   RO         5075    i.SystemInit        system_nrf51.o
    0x0001c1ac   0x00000018   Code   RO         3355    i.TIMER1_IRQHandler  nrf_drv_timer.o
    0x0001c1c4   0x0000006c   Code   RO         5405    i.TIMER2_IRQHandler  gzll_arm.lib(nrf_flywheel.o)
    0x0001c230   0x00000008   Code   RO         2553    i.UART0_IRQHandler  nrf_drv_uart.o
    0x0001c238   0x00000070   Code   RO         4458    i._DoInit           segger_rtt.o
    0x0001c2a8   0x0000001c   Code   RO         4459    i._GetAvailWriteSpace  segger_rtt.o
    0x0001c2c4   0x0000010e   Code   RO         4583    i._PrintInt         segger_rtt_printf.o
    0x0001c3d2   0x00000002   PAD
    0x0001c3d4   0x0000011c   Code   RO         4584    i._PrintUnsigned    segger_rtt_printf.o
    0x0001c4f0   0x00000044   Code   RO         4585    i._StoreChar        segger_rtt_printf.o
    0x0001c534   0x0000007a   Code   RO         4461    i._WriteBlocking    segger_rtt.o
    0x0001c5ae   0x0000004a   Code   RO         4462    i._WriteNoCheck     segger_rtt.o
    0x0001c5f8   0x0000002e   Code   RO         5622    i.__ARM_clz         mf_p.l(depilogue.o)
    0x0001c626   0x0000001c   Code   RO          355    i.__ARM_common_switch8  ble_app_gzll_device.o
    0x0001c642   0x0000000e   Code   RO         5630    i.__scatterload_copy  mc_p.l(handlers.o)
    0x0001c650   0x00000002   Code   RO         5631    i.__scatterload_null  mc_p.l(handlers.o)
    0x0001c652   0x0000000e   Code   RO         5632    i.__scatterload_zeroinit  mc_p.l(handlers.o)
    0x0001c660   0x0000000c   Code   RO         3866    i.__sd_nvic_irq_disable  app_util_platform.o
    0x0001c66c   0x00000460   Code   RO          766    i.adc_change_data_calculate  ble_app_adc.o
    0x0001cacc   0x000000e8   Code   RO          767    i.adc_config        ble_app_adc.o
    0x0001cbb4   0x00000020   Code   RO          768    i.adc_disinit       ble_app_adc.o
    0x0001cbd4   0x00000090   Code   RO          769    i.adc_event_handler  ble_app_adc.o
    0x0001cc64   0x0000004c   Code   RO          770    i.adc_init          ble_app_adc.o
    0x0001ccb0   0x00000094   Code   RO         3090    i.adc_sample_process  nrf_drv_adc.o
    0x0001cd44   0x00000044   Code   RO          771    i.adc_sampling_event_enable  ble_app_adc.o
    0x0001cd88   0x0000010c   Code   RO          772    i.adc_sampling_event_init  ble_app_adc.o
    0x0001ce94   0x000001f4   Code   RO         1098    i.adv_data_encode   ble_advdata.o
    0x0001d088   0x00000014   Code   RO         1099    i.advdata_check     ble_advdata.o
    0x0001d09c   0x0000008c   Code   RO          538    i.advertising_init  ble_app_gzll_hid.o
    0x0001d128   0x00000044   Code   RO          539    i.advertising_start  ble_app_gzll_hid.o
    0x0001d16c   0x00000040   Code   RO          540    i.advertising_stop  ble_app_gzll_hid.o
    0x0001d1ac   0x0000001a   Code   RO         3689    i.app_error_fault_handler  app_error_weak.o
    0x0001d1c6   0x00000002   PAD
    0x0001d1c8   0x00000020   Code   RO         3653    i.app_error_handler  app_error.o
    0x0001d1e8   0x0000008c   Code   RO         3655    i.app_error_save_and_stop  app_error.o
    0x0001d274   0x0000001c   Code   RO         1737    i.app_evt_notify    device_manager_peripheral.o
    0x0001d290   0x00000020   Code   RO         3710    i.app_fifo_get      app_fifo.o
    0x0001d2b0   0x00000022   Code   RO         3713    i.app_fifo_put      app_fifo.o
    0x0001d2d2   0x00000002   PAD
    0x0001d2d4   0x00000030   Code   RO         2768    i.app_notify        pstorage.o
    0x0001d304   0x00000024   Code   RO         2769    i.app_notify_error_state_transit  pstorage.o
    0x0001d328   0x00000044   Code   RO         4138    i.app_timer_create  app_timer_ble_gzll.o
    0x0001d36c   0x000000b8   Code   RO         4139    i.app_timer_init    app_timer_ble_gzll.o
    0x0001d424   0x0000005c   Code   RO         4140    i.app_timer_start   app_timer_ble_gzll.o
    0x0001d480   0x00000038   Code   RO         4141    i.app_timer_stop    app_timer_ble_gzll.o
    0x0001d4b8   0x00000024   Code   RO         4142    i.app_timer_stop_all  app_timer_ble_gzll.o
    0x0001d4dc   0x0000003c   Code   RO         2177    i.app_uart_put      app_uart_fifo.o
    0x0001d518   0x00000054   Code   RO         3867    i.app_util_critical_region_enter  app_util_platform.o
    0x0001d56c   0x00000040   Code   RO         3868    i.app_util_critical_region_exit  app_util_platform.o
    0x0001d5ac   0x00000054   Code   RO         1100    i.appearance_encode  ble_advdata.o
    0x0001d600   0x0000007c   Code   RO          541    i.application_timers_start  ble_app_gzll_hid.o
    0x0001d67c   0x00000018   Code   RO         3196    i.are_app_channels  nrf_drv_ppi.o
    0x0001d694   0x00000158   Code   RO         5234    i.async_state_packet_received  gzll_arm.lib(nrf_impala.o)
    0x0001d7ec   0x0000009c   Code   RO         5236    i.async_state_rx_enabling  gzll_arm.lib(nrf_impala.o)
    0x0001d888   0x00000014   Code   RO         5237    i.async_state_tx_ack_complete  gzll_arm.lib(nrf_impala.o)
    0x0001d89c   0x000000d8   Code   RO          542    i.bas_init          ble_app_gzll_hid.o
    0x0001d974   0x000001c8   Code   RO         1319    i.battery_level_char_add  ble_bas.o
    0x0001db3c   0x0000000a   Code   RO          543    i.battery_level_meas_timeout_handler  ble_app_gzll_hid.o
    0x0001db46   0x00000002   PAD
    0x0001db48   0x0000009c   Code   RO          544    i.battery_level_update  ble_app_gzll_hid.o
    0x0001dbe4   0x00000098   Code   RO         1101    i.ble_advdata_set   ble_advdata.o
    0x0001dc7c   0x00000034   Code   RO          545    i.ble_advertising_error_handler  ble_app_gzll_hid.o
    0x0001dcb0   0x00000180   Code   RO         1222    i.ble_advertising_init  ble_advertising.o
    0x0001de30   0x0000010c   Code   RO         1223    i.ble_advertising_on_ble_evt  ble_advertising.o
    0x0001df3c   0x00000054   Code   RO         1224    i.ble_advertising_on_sys_evt  ble_advertising.o
    0x0001df90   0x0000003c   Code   RO         1225    i.ble_advertising_peer_addr_reply  ble_advertising.o
    0x0001dfcc   0x00000010   Code   RO         1226    i.ble_advertising_peer_address_clear  ble_advertising.o
    0x0001dfdc   0x000002bc   Code   RO         1228    i.ble_advertising_start  ble_advertising.o
    0x0001e298   0x00000068   Code   RO         1229    i.ble_advertising_whitelist_reply  ble_advertising.o
    0x0001e300   0x0000008c   Code   RO         1320    i.ble_bas_battery_level_update  ble_bas.o
    0x0001e38c   0x00000054   Code   RO         1321    i.ble_bas_init      ble_bas.o
    0x0001e3e0   0x00000046   Code   RO         1322    i.ble_bas_on_ble_evt  ble_bas.o
    0x0001e426   0x00000002   PAD
    0x0001e428   0x00000078   Code   RO         1382    i.ble_conn_params_init  ble_conn_params.o
    0x0001e4a0   0x0000003e   Code   RO         1383    i.ble_conn_params_on_ble_evt  ble_conn_params.o
    0x0001e4de   0x00000002   PAD
    0x0001e4e0   0x00000010   Code   RO         1384    i.ble_conn_params_stop  ble_conn_params.o
    0x0001e4f0   0x00000070   Code   RO         1102    i.ble_device_addr_encode  ble_advdata.o
    0x0001e560   0x000001b4   Code   RO         1468    i.ble_dis_init      ble_dis.o
    0x0001e714   0x00000044   Code   RO          546    i.ble_evt_dispatch  ble_app_gzll_hid.o
    0x0001e758   0x00000022   Code   RO          547    i.ble_hid_app_start  ble_app_gzll_hid.o
    0x0001e77a   0x00000002   PAD
    0x0001e77c   0x0000004c   Code   RO          548    i.ble_hid_app_stop  ble_app_gzll_hid.o
    0x0001e7c8   0x0000016c   Code   RO         1518    i.ble_hids_init     ble_hids.o
    0x0001e934   0x00000078   Code   RO         1519    i.ble_hids_inp_rep_send  ble_hids.o
    0x0001e9ac   0x00000048   Code   RO         1520    i.ble_hids_on_ble_evt  ble_hids.o
    0x0001e9f4   0x00000030   Code   RO         1521    i.ble_hids_outp_rep_get  ble_hids.o
    0x0001ea24   0x000000a0   Code   RO         2007    i.ble_nus_init      ble_nus.o
    0x0001eac4   0x00000046   Code   RO         2008    i.ble_nus_on_ble_evt  ble_nus.o
    0x0001eb0a   0x00000002   PAD
    0x0001eb0c   0x0000005c   Code   RO         2009    i.ble_nus_string_send  ble_nus.o
    0x0001eb68   0x00000012   Code   RO         1694    i.ble_srv_ascii_to_utf8  ble_srv_common.o
    0x0001eb7a   0x00000002   PAD
    0x0001eb7c   0x00000078   Code   RO         1695    i.ble_srv_report_ref_encode  ble_srv_common.o
    0x0001ebf4   0x00000120   Code   RO          549    i.ble_stack_init    ble_app_gzll_hid.o
    0x0001ed14   0x00000008   Code   RO          550    i.ble_stack_start   ble_app_gzll_hid.o
    0x0001ed1c   0x00000068   Code   RO          551    i.ble_stack_stop    ble_app_gzll_hid.o
    0x0001ed84   0x00000050   Code   RO         1738    i.bond_data_load    device_manager_peripheral.o
    0x0001edd4   0x00000108   Code   RO         1522    i.boot_inp_rep_char_add  ble_hids.o
    0x0001eedc   0x000000c8   Code   RO         1523    i.boot_kb_outp_rep_char_add  ble_hids.o
    0x0001efa4   0x000000d8   Code   RO          929    i.bsp_button_event_handler  bsp.o
    0x0001f07c   0x00000024   Code   RO          935    i.bsp_indication_set  bsp.o
    0x0001f0a0   0x00000568   Code   RO          938    i.bsp_led_indication  bsp.o
    0x0001f608   0x0000001c   Code   RO          298    i.btn_read_pin_state  ble_app_gzll_device.o
    0x0001f624   0x0000001c   Code   RO          423    i.btn_read_pin_state  ble_app_gzll_ui.o
    0x0001f640   0x0000001c   Code   RO          552    i.btn_read_pin_state  ble_app_gzll_hid.o
    0x0001f65c   0x0000002c   Code   RO          424    i.buttons_init_Judge  ble_app_gzll_ui.o
    0x0001f688   0x00000010   Code   RO         2320    i.channel_handler_get  nrf_drv_gpiote.o
    0x0001f698   0x0000000c   Code   RO         2322    i.channel_port_get  nrf_drv_gpiote.o
    0x0001f6a4   0x0000012c   Code   RO         1469    i.char_add          ble_dis.o
    0x0001f7d0   0x00000114   Code   RO         2770    i.clear_operation_execute  pstorage.o
    0x0001f8e4   0x00000028   Code   RO         2771    i.clear_post_processing_run  pstorage.o
    0x0001f90c   0x00000048   Code   RO         2772    i.cmd_process       pstorage.o
    0x0001f954   0x00000014   Code   RO         2773    i.cmd_queue_dequeue  pstorage.o
    0x0001f968   0x0000003c   Code   RO         2774    i.cmd_queue_element_init  pstorage.o
    0x0001f9a4   0x00000084   Code   RO         2775    i.cmd_queue_enqueue  pstorage.o
    0x0001fa28   0x00000020   Code   RO         2776    i.cmd_queue_init    pstorage.o
    0x0001fa48   0x00000038   Code   RO          870    i.com_mode_check    ble_app_store.o
    0x0001fa80   0x00000028   Code   RO         2777    i.command_end_procedure_run  pstorage.o
    0x0001faa8   0x0000002c   Code   RO         2778    i.command_queue_element_consume  pstorage.o
    0x0001fad4   0x00000080   Code   RO         4143    i.compare_reg_update  app_timer_ble_gzll.o
    0x0001fb54   0x0000005c   Code   RO         1103    i.conn_int_check    ble_advdata.o
    0x0001fbb0   0x0000006a   Code   RO         1104    i.conn_int_encode   ble_advdata.o
    0x0001fc1a   0x00000002   PAD
    0x0001fc1c   0x00000034   Code   RO          553    i.conn_params_error_handler  ble_app_gzll_hid.o
    0x0001fc50   0x00000078   Code   RO          554    i.conn_params_init  ble_app_gzll_hid.o
    0x0001fcc8   0x00000094   Code   RO         1385    i.conn_params_negotiation  ble_conn_params.o
    0x0001fd5c   0x00000048   Code   RO         1739    i.connection_instance_find  device_manager_peripheral.o
    0x0001fda4   0x00000038   Code   RO         1740    i.connection_instance_init  device_manager_peripheral.o
    0x0001fddc   0x00000038   Code   RO          425    i.cpiote_interrupt_set  ble_app_gzll_ui.o
    0x0001fe14   0x0000005c   Code   RO         4144    i.current_int_priority_get  app_timer_ble_gzll.o
    0x0001fe70   0x00000084   Code   RO         2779    i.data_page_erase_state_run  pstorage.o
    0x0001fef4   0x00000038   Code   RO         2780    i.data_to_swap_write_state_run  pstorage.o
    0x0001ff2c   0x000000d0   Code   RO         1741    i.device_context_store  device_manager_peripheral.o
    0x0001fffc   0x00000002   Code   RO         4781    i.nrf_gzll_disabled  nrf_gzp_device - judge.o
    0x0001fffe   0x00000002   Code   RO         4782    i.nrf_gzll_host_rx_data_ready  nrf_gzp_device - judge.o
    0x00020000   0x00000400   Data   RO         4787    .ARM.__AT_0x00020000  nrf_gzp_device - judge.o
    0x00020400   0x00000140   Code   RO         5238    i.device_ack_received  gzll_arm.lib(nrf_impala.o)
    0x00020540   0x0000007c   Code   RO         1742    i.device_instance_allocate  device_manager_peripheral.o
    0x000205bc   0x00000058   Code   RO         1743    i.device_instance_find  device_manager_peripheral.o
    0x00020614   0x00000030   Code   RO         1744    i.device_instance_free  device_manager_peripheral.o
    0x00020644   0x00000064   Code   RO          555    i.device_manager_evt_handler  ble_app_gzll_hid.o
    0x000206a8   0x00000124   Code   RO          556    i.device_manager_init  ble_app_gzll_hid.o
    0x000207cc   0x000000c4   Code   RO          557    i.dis_init          ble_app_gzll_hid.o
    0x00020890   0x0000067c   Code   RO         1749    i.dm_ble_evt_handler  device_manager_peripheral.o
    0x00020f0c   0x0000001c   Code   RO         1755    i.dm_handle_initialize  device_manager_peripheral.o
    0x00020f28   0x00000108   Code   RO         1756    i.dm_init           device_manager_peripheral.o
    0x00021030   0x000000c4   Code   RO         1757    i.dm_peer_addr_get  device_manager_peripheral.o
    0x000210f4   0x00000204   Code   RO         1759    i.dm_pstorage_cb_handler  device_manager_peripheral.o
    0x000212f8   0x000000bc   Code   RO         1760    i.dm_register       device_manager_peripheral.o
    0x000213b4   0x000000f4   Code   RO         1765    i.dm_service_context_set  device_manager_peripheral.o
    0x000214a8   0x0000011c   Code   RO         1766    i.dm_whitelist_create  device_manager_peripheral.o
    0x000215c4   0x00000064   Code   RO         4145    i.elapsed_ticks_acquire  app_timer_ble_gzll.o
    0x00021628   0x00000054   Code   RO         1524    i.encode_hid_information  ble_hids.o
    0x0002167c   0x00000044   Code   RO         2781    i.erase_sub_state_sm_run  pstorage.o
    0x000216c0   0x0000005c   Code   RO         4146    i.expired_timers_handler  app_timer_ble_gzll.o
    0x0002171c   0x0000007c   Code   RO         1525    i.feature_rep_characteristics_add  ble_hids.o
    0x00021798   0x00000018   Code   RO         3716    i.fifo_get          app_fifo.o
    0x000217b0   0x0000000a   Code   RO         3717    i.fifo_length       app_fifo.o
    0x000217ba   0x00000012   Code   RO         3718    i.fifo_peek         app_fifo.o
    0x000217cc   0x00000012   Code   RO         3719    i.fifo_put          app_fifo.o
    0x000217de   0x00000036   Code   RO         1105    i.flags_encode      ble_advdata.o
    0x00021814   0x0000003c   Code   RO         1230    i.flash_access_in_progress  ble_advertising.o
    0x00021850   0x00000030   Code   RO         2782    i.flash_api_err_code_process  pstorage.o
    0x00021880   0x00000040   Code   RO         2783    i.flash_operation_failure_run  pstorage.o
    0x000218c0   0x00000030   Code   RO         2784    i.flash_operation_success_run  pstorage.o
    0x000218f0   0x00000010   Code   RO         2785    i.flash_page_erase  pstorage.o
    0x00021900   0x00000018   Code   RO         2786    i.flash_write       pstorage.o
    0x00021918   0x00000018   Code   RO         3923    i.fs_queued_op_count_get  fstorage.o
    0x00021930   0x000000cc   Code   RO          558    i.gap_params_init   ble_app_gzll_hid.o
    0x000219fc   0x00000006   Code   RO         1767    i.gattc_context_apply  device_manager_peripheral.o
    0x00021a02   0x00000006   Code   RO         1768    i.gattc_context_load  device_manager_peripheral.o
    0x00021a08   0x00000006   Code   RO         1769    i.gattc_context_store  device_manager_peripheral.o
    0x00021a0e   0x00000002   PAD
    0x00021a10   0x000000e8   Code   RO         1770    i.gatts_context_apply  device_manager_peripheral.o
    0x00021af8   0x00000040   Code   RO         1771    i.gatts_context_load  device_manager_peripheral.o
    0x00021b38   0x000000c8   Code   RO         1772    i.gatts_context_store  device_manager_peripheral.o
    0x00021c00   0x0000001a   Code   RO         1773    i.gattsc_context_apply  device_manager_peripheral.o
    0x00021c1a   0x0000001e   Code   RO         1774    i.gattsc_context_load  device_manager_peripheral.o
    0x00021c38   0x0000001e   Code   RO         1775    i.gattsc_context_store  device_manager_peripheral.o
    0x00021c56   0x00000002   PAD
    0x00021c58   0x00000104   Code   RO          299    i.gazell_mode_init  ble_app_gzll_device.o
    0x00021d5c   0x000000a4   Code   RO         5239    i.goto_disable      gzll_arm.lib(nrf_impala.o)
    0x00021e00   0x00000044   Code   RO          426    i.goto_syetem_off   ble_app_gzll_ui.o
    0x00021e44   0x00000008   Code   RO          300    i.gzll_app_start    ble_app_gzll_device.o
    0x00021e4c   0x00000014   Code   RO          301    i.gzll_app_stop     ble_app_gzll_device.o
    0x00021e60   0x00000144   Code   RO         4755    i.gzp_address_req_send  nrf_gzp_device - judge.o
    0x00021fa4   0x00000020   Code   RO         4756    i.gzp_array_is_set  nrf_gzp_device - judge.o
    0x00021fc4   0x00000014   Code   RO         4759    i.gzp_delay_rx_periods  nrf_gzp_device - judge.o
    0x00021fd8   0x00000080   Code   RO         4965    i.gzp_generate_channels  nrf_gzp_judge.o
    0x00022058   0x0000008c   Code   RO          871    i.gzp_index_db_add  ble_app_store.o
    0x000220e4   0x00000058   Code   RO         4765    i.gzp_index_db_add  nrf_gzp_device - judge.o
    0x0002213c   0x00000014   Code   RO         4766    i.gzp_index_db_empty  nrf_gzp_device - judge.o
    0x00022150   0x00000014   Code   RO         4767    i.gzp_index_db_full  nrf_gzp_device - judge.o
    0x00022164   0x0000003c   Code   RO          872    i.gzp_index_db_read  ble_app_store.o
    0x000221a0   0x0000002c   Code   RO         4768    i.gzp_index_db_read  nrf_gzp_device - judge.o
    0x000221cc   0x0000001c   Code   RO         4769    i.gzp_init          nrf_gzp_device - judge.o
    0x000221e8   0x0000001a   Code   RO         4771    i.gzp_params_db_add  nrf_gzp_device - judge.o
    0x00022202   0x0000001a   Code   RO         4772    i.gzp_params_db_read  nrf_gzp_device - judge.o
    0x0002221c   0x00000044   Code   RO         4773    i.gzp_params_restore  nrf_gzp_device - judge.o
    0x00022260   0x00000180   Code   RO         4774    i.gzp_params_store  nrf_gzp_device - judge.o
    0x000223e0   0x00000014   Code   RO         4775    i.gzp_set_host_id   nrf_gzp_device - judge.o
    0x000223f4   0x00000040   Code   RO         4777    i.gzp_tx_packet     nrf_gzp_device - judge.o
    0x00022434   0x00000104   Code   RO         4967    i.gzp_update_radio_params  nrf_gzp_judge.o
    0x00022538   0x00000070   Code   RO         2787    i.head_restore_state_run  pstorage.o
    0x000225a8   0x000000b0   Code   RO         1526    i.hid_control_point_char_add  ble_hids.o
    0x00022658   0x000000bc   Code   RO         1527    i.hid_information_char_add  ble_hids.o
    0x00022714   0x0000041c   Code   RO          559    i.hids_init         ble_app_gzll_hid.o
    0x00022b30   0x0000002c   Code   RO          560    i.home_key_press_send  ble_app_gzll_hid.o
    0x00022b5c   0x0000002c   Code   RO          561    i.home_key_release_send  ble_app_gzll_hid.o
    0x00022b88   0x00000030   Code   RO         1528    i.includes_add      ble_hids.o
    0x00022bb8   0x0000004c   Code   RO         1529    i.inp_rep_cccd_identify  ble_hids.o
    0x00022c04   0x0000009c   Code   RO         1530    i.inp_rep_characteristics_add  ble_hids.o
    0x00022ca0   0x000000c0   Code   RO         4618    i.intern_softdevice_events_execute  softdevice_handler.o
    0x00022d60   0x00000068   Code   RO         3356    i.irq_handler       nrf_drv_timer.o
    0x00022dc8   0x00000020   Code   RO         3198    i.is_allocated_channel  nrf_drv_ppi.o
    0x00022de8   0x00000012   Code   RO         3200    i.is_app_channel    nrf_drv_ppi.o
    0x00022dfa   0x00000002   PAD
    0x00022dfc   0x00000024   Code   RO         1386    i.is_conn_params_ok  ble_conn_params.o
    0x00022e20   0x00000038   Code   RO         5076    i.is_disabled_in_debug_needed  system_nrf51.o
    0x00022e58   0x0000006c   Code   RO         5077    i.is_manual_peripheral_setup_needed  system_nrf51.o
    0x00022ec4   0x00000058   Code   RO         2788    i.is_page_erase_required  pstorage.o
    0x00022f1c   0x00000054   Code   RO         5078    i.is_peripheral_domain_setup_needed  system_nrf51.o
    0x00022f70   0x00000020   Code   RO         3202    i.is_programmable_app_channel  nrf_drv_ppi.o
    0x00022f90   0x00000050   Code   RO         2789    i.is_tail_data_page_swap_required  pstorage.o
    0x00022fe0   0x00000012   Code   RO         2790    i.is_word_aligned   pstorage.o
    0x00022ff2   0x00000002   PAD
    0x00022ff4   0x000001c8   Code   RO          427    i.key_sense_turbo   ble_app_gzll_ui.o
    0x000231bc   0x0000006a   Code   RO         1106    i.le_role_encode    ble_advdata.o
    0x00023226   0x0000004c   Code   RO          428    i.led_flash_time    ble_app_gzll_ui.o
    0x00023272   0x00000002   PAD
    0x00023274   0x00000058   Code   RO          429    i.leds_init_Judge   ble_app_gzll_ui.o
    0x000232cc   0x000000a8   Code   RO         4147    i.list_deletions_handler  app_timer_ble_gzll.o
    0x00023374   0x00000110   Code   RO         4148    i.list_insertions_handler  app_timer_ble_gzll.o
    0x00023484   0x00000064   Code   RO         4043    i.log_rtt_init      nrf_log.o
    0x000234e8   0x00000020   Code   RO         4044    i.log_rtt_printf    nrf_log.o
    0x00023508   0x00000310   Code   RO         5240    i.m_nrf_impl_restore_all_hw_params  gzll_arm.lib(nrf_impala.o)
    0x00023818   0x00000090   Code   RO            4    i.main              main.o
    0x000238a8   0x00000020   Code   RO         2791    i.main_state_err_busy_process  pstorage.o
    0x000238c8   0x00000014   Code   RO         1531    i.make_char_id      ble_hids.o
    0x000238dc   0x00000078   Code   RO         1107    i.manuf_specific_data_encode  ble_advdata.o
    0x00023954   0x00000020   Code   RO          873    i.mode_store        ble_app_store.o
    0x00023974   0x000000c6   Code   RO         1108    i.name_encode       ble_advdata.o
    0x00023a3a   0x00000006   Code   RO         1776    i.no_service_context_apply  device_manager_peripheral.o
    0x00023a40   0x00000006   Code   RO         1777    i.no_service_context_load  device_manager_peripheral.o
    0x00023a46   0x00000006   Code   RO         1778    i.no_service_context_store  device_manager_peripheral.o
    0x00023a4c   0x000000f4   Code   RO         5121    i.notification_cb   gzll_arm.lib(nrf_gzll.o)
    0x00023b40   0x0000000c   Code   RO         3091    i.nrf_adc_config_set  nrf_drv_adc.o
    0x00023b4c   0x00000018   Code   RO         3092    i.nrf_adc_event_check  nrf_drv_adc.o
    0x00023b64   0x00000010   Code   RO         3093    i.nrf_adc_event_clear  nrf_drv_adc.o
    0x00023b74   0x0000000c   Code   RO         3094    i.nrf_adc_int_disable  nrf_drv_adc.o
    0x00023b80   0x0000000c   Code   RO         3095    i.nrf_adc_int_enable  nrf_drv_adc.o
    0x00023b8c   0x00000010   Code   RO         5122    i.nrf_assert_internal_callback  gzll_arm.lib(nrf_gzll.o)
    0x00023b9c   0x00000030   Code   RO         5374    i.nrf_chm_execute_single_tick  gzll_arm.lib(nrf_channel_manager.o)
    0x00023bcc   0x0000002c   Code   RO         5376    i.nrf_chm_get_current_channel  gzll_arm.lib(nrf_channel_manager.o)
    0x00023bf8   0x0000000c   Code   RO         5377    i.nrf_chm_get_current_channel_index  gzll_arm.lib(nrf_channel_manager.o)
    0x00023c04   0x0000000c   Code   RO         5378    i.nrf_chm_get_current_timeslot  gzll_arm.lib(nrf_channel_manager.o)
    0x00023c10   0x00000028   Code   RO         5379    i.nrf_chm_init      gzll_arm.lib(nrf_channel_manager.o)
    0x00023c38   0x00000028   Code   RO         5380    i.nrf_chm_set_current_channel_index  gzll_arm.lib(nrf_channel_manager.o)
    0x00023c60   0x00000028   Code   RO         5381    i.nrf_chm_set_current_timeslot  gzll_arm.lib(nrf_channel_manager.o)
    0x00023c88   0x0000001c   Code   RO         2250    i.nrf_delay_ms      nrf_delay.o
    0x00023ca4   0x00000084   Code   RO         3096    i.nrf_drv_adc_buffer_convert  nrf_drv_adc.o
    0x00023d28   0x0000002c   Code   RO         3098    i.nrf_drv_adc_channel_enable  nrf_drv_adc.o
    0x00023d54   0x00000044   Code   RO         3099    i.nrf_drv_adc_init  nrf_drv_adc.o
    0x00023d98   0x0000003c   Code   RO         3103    i.nrf_drv_adc_uninit  nrf_drv_adc.o
    0x00023dd4   0x00000038   Code   RO         2281    i.nrf_drv_common_irq_enable  nrf_drv_common.o
    0x00023e0c   0x0000000a   Code   RO         3357    i.nrf_drv_get_IRQn  nrf_drv_timer.o
    0x00023e16   0x00000002   PAD
    0x00023e18   0x00000078   Code   RO         3203    i.nrf_drv_ppi_channel_alloc  nrf_drv_ppi.o
    0x00023e90   0x00000064   Code   RO         3204    i.nrf_drv_ppi_channel_assign  nrf_drv_ppi.o
    0x00023ef4   0x00000034   Code   RO         3205    i.nrf_drv_ppi_channel_disable  nrf_drv_ppi.o
    0x00023f28   0x00000040   Code   RO         3206    i.nrf_drv_ppi_channel_enable  nrf_drv_ppi.o
    0x00023f68   0x00000008   Code   RO         3209    i.nrf_drv_ppi_channel_to_mask  nrf_drv_ppi.o
    0x00023f70   0x0000001c   Code   RO         3216    i.nrf_drv_ppi_init  nrf_drv_ppi.o
    0x00023f8c   0x00000038   Code   RO         3360    i.nrf_drv_timer_compare  nrf_drv_timer.o
    0x00023fc4   0x00000020   Code   RO         3363    i.nrf_drv_timer_disable  nrf_drv_timer.o
    0x00023fe4   0x00000020   Code   RO         3364    i.nrf_drv_timer_enable  nrf_drv_timer.o
    0x00024004   0x0000003e   Code   RO         3365    i.nrf_drv_timer_extended_compare  nrf_drv_timer.o
    0x00024042   0x00000002   PAD
    0x00024044   0x000000d8   Code   RO         3367    i.nrf_drv_timer_init  nrf_drv_timer.o
    0x0002411c   0x00000050   Code   RO         3370    i.nrf_drv_timer_uninit  nrf_drv_timer.o
    0x0002416c   0x00000028   Code   RO         2562    i.nrf_drv_uart_tx   nrf_drv_uart.o
    0x00024194   0x00000098   Code   RO         2564    i.nrf_drv_uart_tx_for_uart  nrf_drv_uart.o
    0x0002422c   0x00000014   Code   RO         2565    i.nrf_drv_uart_tx_in_progress  nrf_drv_uart.o
    0x00024240   0x00000114   Code   RO         5543    i.nrf_fifo_flush    gzll_arm.lib(nrf_fifo.o)
    0x00024354   0x00000090   Code   RO         5544    i.nrf_fifo_free_packet  gzll_arm.lib(nrf_fifo.o)
    0x000243e4   0x0000000c   Code   RO         5563    i.nrf_fifo_get_available_packet_count  gzll_arm.lib(nrf_fifo.o)
    0x000243f0   0x00000020   Code   RO         5561    i.nrf_fifo_get_packet_count  gzll_arm.lib(nrf_fifo.o)
    0x00024410   0x00000094   Code   RO         5545    i.nrf_fifo_init     gzll_arm.lib(nrf_fifo.o)
    0x000244a4   0x00000054   Code   RO         5546    i.nrf_fifo_pop_packet  gzll_arm.lib(nrf_fifo.o)
    0x000244f8   0x000000ac   Code   RO         5547    i.nrf_fifo_put_packet  gzll_arm.lib(nrf_fifo.o)
    0x000245a4   0x0000003c   Code   RO         5548    i.nrf_fifo_read_packet  gzll_arm.lib(nrf_fifo.o)
    0x000245e0   0x00000074   Code   RO         5549    i.nrf_fifo_reserve_packet  gzll_arm.lib(nrf_fifo.o)
    0x00024654   0x00000008   Code   RO         5406    i.nrf_flw_get_ext_capture_task  gzll_arm.lib(nrf_flywheel.o)
    0x0002465c   0x00000008   Code   RO         5407    i.nrf_flw_get_flw_call_event  gzll_arm.lib(nrf_flywheel.o)
    0x00024664   0x0000000c   Code   RO         5408    i.nrf_flw_get_runstate  gzll_arm.lib(nrf_flywheel.o)
    0x00024670   0x00000070   Code   RO         5409    i.nrf_flw_init      gzll_arm.lib(nrf_flywheel.o)
    0x000246e0   0x00000018   Code   RO         5410    i.nrf_flw_start     gzll_arm.lib(nrf_flywheel.o)
    0x000246f8   0x0000002c   Code   RO         5411    i.nrf_flw_stop      gzll_arm.lib(nrf_flywheel.o)
    0x00024724   0x0000000c   Code   RO         5412    i.nrf_flw_task_is_delayed  gzll_arm.lib(nrf_flywheel.o)
    0x00024730   0x00000026   Code   RO          430    i.nrf_gpio_cfg      ble_app_gzll_ui.o
    0x00024756   0x0000001a   Code   RO          431    i.nrf_gpio_cfg_input  ble_app_gzll_ui.o
    0x00024770   0x00000046   Code   RO         2344    i.nrf_gpio_cfg_sense_set  nrf_drv_gpiote.o
    0x000247b6   0x00000002   PAD
    0x000247b8   0x00000010   Code   RO          432    i.nrf_gpio_pin_clear  ble_app_gzll_ui.o
    0x000247c8   0x00000014   Code   RO          302    i.nrf_gpio_pin_read  ble_app_gzll_device.o
    0x000247dc   0x00000014   Code   RO          562    i.nrf_gpio_pin_read  ble_app_gzll_hid.o
    0x000247f0   0x00000010   Code   RO          433    i.nrf_gpio_pin_set  ble_app_gzll_ui.o
    0x00024800   0x0000000c   Code   RO          434    i.nrf_gpio_pins_read  ble_app_gzll_ui.o
    0x0002480c   0x0000000c   Code   RO         2347    i.nrf_gpiote_event_addr_get  nrf_drv_gpiote.o
    0x00024818   0x00000010   Code   RO         2348    i.nrf_gpiote_event_clear  nrf_drv_gpiote.o
    0x00024828   0x00000016   Code   RO         2349    i.nrf_gpiote_event_is_set  nrf_drv_gpiote.o
    0x0002483e   0x00000002   PAD
    0x00024840   0x000000b4   Code   RO         5123    i.nrf_gzll_add_packet_to_tx_fifo  gzll_arm.lib(nrf_gzll.o)
    0x000248f4   0x00000038   Code   RO         4779    i.nrf_gzll_device_tx_failed  nrf_gzp_device - judge.o
    0x0002492c   0x00000044   Code   RO         4780    i.nrf_gzll_device_tx_success  nrf_gzp_device - judge.o
    0x00024970   0x00000016   Code   RO         5125    i.nrf_gzll_disable  gzll_arm.lib(nrf_gzll.o)
    0x00024986   0x00000002   PAD
    0x00024988   0x00000020   Code   RO         5126    i.nrf_gzll_enable   gzll_arm.lib(nrf_gzll.o)
    0x000249a8   0x00000078   Code   RO         5127    i.nrf_gzll_fetch_packet_from_rx_fifo  gzll_arm.lib(nrf_gzll.o)
    0x00024a20   0x00000020   Code   RO         5128    i.nrf_gzll_flush_rx_fifo  gzll_arm.lib(nrf_gzll.o)
    0x00024a40   0x00000030   Code   RO         5129    i.nrf_gzll_flush_tx_fifo  gzll_arm.lib(nrf_gzll.o)
    0x00024a70   0x0000000c   Code   RO         5134    i.nrf_gzll_get_channel_table_size  gzll_arm.lib(nrf_gzll.o)
    0x00024a7c   0x00000008   Code   RO         5139    i.nrf_gzll_get_max_tx_attempts  gzll_arm.lib(nrf_gzll.o)
    0x00024a84   0x0000001c   Code   RO         5141    i.nrf_gzll_get_rx_fifo_packet_count  gzll_arm.lib(nrf_gzll.o)
    0x00024aa0   0x00000008   Code   RO         5145    i.nrf_gzll_get_timeslot_period  gzll_arm.lib(nrf_gzll.o)
    0x00024aa8   0x00000044   Code   RO         5150    i.nrf_gzll_get_tx_power  gzll_arm.lib(nrf_gzll.o)
    0x00024aec   0x00000128   Code   RO         5152    i.nrf_gzll_init     gzll_arm.lib(nrf_gzll.o)
    0x00024c14   0x0000000c   Code   RO         5153    i.nrf_gzll_is_enabled  gzll_arm.lib(nrf_gzll.o)
    0x00024c20   0x00000002   Code   RO         5154    i.nrf_gzll_mode_changed  gzll_arm.lib(nrf_gzll.o)
    0x00024c22   0x00000002   PAD
    0x00024c24   0x00000040   Code   RO         5155    i.nrf_gzll_ok_to_add_packet_to_tx_fifo  gzll_arm.lib(nrf_gzll.o)
    0x00024c64   0x0000002c   Code   RO         5158    i.nrf_gzll_set_address_prefix_byte  gzll_arm.lib(nrf_gzll.o)
    0x00024c90   0x00000020   Code   RO         5160    i.nrf_gzll_set_base_address_0  gzll_arm.lib(nrf_gzll.o)
    0x00024cb0   0x00000020   Code   RO         5161    i.nrf_gzll_set_base_address_1  gzll_arm.lib(nrf_gzll.o)
    0x00024cd0   0x00000050   Code   RO         5162    i.nrf_gzll_set_channel_table  gzll_arm.lib(nrf_gzll.o)
    0x00024d20   0x00000038   Code   RO         5164    i.nrf_gzll_set_device_channel_selection_policy  gzll_arm.lib(nrf_gzll.o)
    0x00024d58   0x00000020   Code   RO         5165    i.nrf_gzll_set_max_tx_attempts  gzll_arm.lib(nrf_gzll.o)
    0x00024d78   0x00000020   Code   RO         5168    i.nrf_gzll_set_sync_lifetime  gzll_arm.lib(nrf_gzll.o)
    0x00024d98   0x00000020   Code   RO         5169    i.nrf_gzll_set_timeslot_period  gzll_arm.lib(nrf_gzll.o)
    0x00024db8   0x00000020   Code   RO         5171    i.nrf_gzll_set_timeslots_per_channel_when_device_out_of_sync  gzll_arm.lib(nrf_gzll.o)
    0x00024dd8   0x00000058   Code   RO         5172    i.nrf_gzll_set_tx_power  gzll_arm.lib(nrf_gzll.o)
    0x00024e30   0x0000001c   Code   RO         5054    i.nrf_gzp_disable_gzll  nrf_gzp_judge.o
    0x00024e4c   0x00000030   Code   RO         4970    i.nrf_gzp_flush_rx_fifo  nrf_gzp_judge.o
    0x00024e7c   0x00000006   Code   RO         4971    i.nrf_gzp_set_primask  nrf_gzp_judge.o
    0x00024e82   0x00000002   PAD
    0x00024e84   0x0000002c   Code   RO         5242    i.nrf_impl_disable  gzll_arm.lib(nrf_impala.o)
    0x00024eb0   0x0000005c   Code   RO         5243    i.nrf_impl_enable   gzll_arm.lib(nrf_impala.o)
    0x00024f0c   0x00000024   Code   RO         5244    i.nrf_impl_enable_rssi  gzll_arm.lib(nrf_impala.o)
    0x00024f30   0x00000014   Code   RO         5245    i.nrf_impl_flush_rx_fifo  gzll_arm.lib(nrf_impala.o)
    0x00024f44   0x00000034   Code   RO         5246    i.nrf_impl_flush_tx_fifo  gzll_arm.lib(nrf_impala.o)
    0x00024f78   0x00000014   Code   RO         5247    i.nrf_impl_free_packet  gzll_arm.lib(nrf_impala.o)
    0x00024f8c   0x00000008   Code   RO         5248    i.nrf_impl_get_available_fifo_packets  gzll_arm.lib(nrf_impala.o)
    0x00024f94   0x0000000c   Code   RO         5252    i.nrf_impl_get_max_allowed_tx_attempts  gzll_arm.lib(nrf_impala.o)
    0x00024fa0   0x00000008   Code   RO         5257    i.nrf_impl_get_rx_fifo_status  gzll_arm.lib(nrf_impala.o)
    0x00024fa8   0x0000000c   Code   RO         5260    i.nrf_impl_get_timeslot_period  gzll_arm.lib(nrf_impala.o)
    0x00024fb4   0x00000008   Code   RO         5263    i.nrf_impl_get_tx_fifo_status  gzll_arm.lib(nrf_impala.o)
    0x00024fbc   0x0000000c   Code   RO         5360    i.nrf_impl_get_tx_power  gzll_arm.lib(nrf_impala.o)
    0x00024fc8   0x0000018c   Code   RO         5265    i.nrf_impl_init     gzll_arm.lib(nrf_impala.o)
    0x00025154   0x00000014   Code   RO         5266    i.nrf_impl_is_disabled  gzll_arm.lib(nrf_impala.o)
    0x00025168   0x00000014   Code   RO         5267    i.nrf_impl_pop_rx_fifo  gzll_arm.lib(nrf_impala.o)
    0x0002517c   0x00000038   Code   RO         5268    i.nrf_impl_put_tx_fifo  gzll_arm.lib(nrf_impala.o)
    0x000251b4   0x00000008   Code   RO         5269    i.nrf_impl_read_rx_fifo  gzll_arm.lib(nrf_impala.o)
    0x000251bc   0x00000014   Code   RO         5271    i.nrf_impl_reserve_packet  gzll_arm.lib(nrf_impala.o)
    0x000251d0   0x00000020   Code   RO         5272    i.nrf_impl_set_base_address_length  gzll_arm.lib(nrf_impala.o)
    0x000251f0   0x0000000c   Code   RO         5273    i.nrf_impl_set_channel_selection_policy  gzll_arm.lib(nrf_impala.o)
    0x000251fc   0x00000034   Code   RO         5274    i.nrf_impl_set_channel_table  gzll_arm.lib(nrf_impala.o)
    0x00025230   0x00000094   Code   RO         5356    i.nrf_impl_set_datarate  gzll_arm.lib(nrf_impala.o)
    0x000252c4   0x0000000c   Code   RO         5278    i.nrf_impl_set_max_allowed_tx_attempts  gzll_arm.lib(nrf_impala.o)
    0x000252d0   0x00000030   Code   RO         5279    i.nrf_impl_set_mode  gzll_arm.lib(nrf_impala.o)
    0x00025300   0x0000006c   Code   RO         5280    i.nrf_impl_set_pipe_0_base_address  gzll_arm.lib(nrf_impala.o)
    0x0002536c   0x0000006c   Code   RO         5281    i.nrf_impl_set_pipes_1_to_7_base_address  gzll_arm.lib(nrf_impala.o)
    0x000253d8   0x000000a0   Code   RO         5282    i.nrf_impl_set_prefix_byte  gzll_arm.lib(nrf_impala.o)
    0x00025478   0x0000000c   Code   RO         5284    i.nrf_impl_set_sync_lifetime  gzll_arm.lib(nrf_impala.o)
    0x00025484   0x0000000c   Code   RO         5285    i.nrf_impl_set_timeslot_period  gzll_arm.lib(nrf_impala.o)
    0x00025490   0x00000030   Code   RO         5287    i.nrf_impl_set_timeslots_per_channel_when_out_of_sync  gzll_arm.lib(nrf_impala.o)
    0x000254c0   0x00000014   Code   RO         5358    i.nrf_impl_set_tx_power  gzll_arm.lib(nrf_impala.o)
    0x000254d4   0x0000000c   Code   RO         5288    i.nrf_impl_set_xosc_ctl  gzll_arm.lib(nrf_impala.o)
    0x000254e0   0x00000064   Code   RO         5289    i.nrf_impl_state_fun_device_send_packet  gzll_arm.lib(nrf_impala.o)
    0x00025544   0x000004c0   Code   RO         5290    i.nrf_impl_state_fun_timeslot_start  gzll_arm.lib(nrf_impala.o)
    0x00025a04   0x00000094   Code   RO         5431    i.nrf_lcore_force_disable  gzll_arm.lib(nrf_link_core.o)
    0x00025a98   0x00000110   Code   RO         5432    i.nrf_lcore_handler_rx_enable_start_tx_enable_start_disable  gzll_arm.lib(nrf_link_core.o)
    0x00025ba8   0x00000054   Code   RO         5433    i.nrf_lcore_init    gzll_arm.lib(nrf_link_core.o)
    0x00025bfc   0x000000e4   Code   RO         5434    i.nrf_lcore_prepare_operation  gzll_arm.lib(nrf_link_core.o)
    0x00025ce0   0x00000010   Code   RO         5451    i.nrf_lcore_rx_address_match  gzll_arm.lib(nrf_link_core.o)
    0x00025cf0   0x000000a4   Code   RO         5435    i.nrf_lcore_start_operation  gzll_arm.lib(nrf_link_core.o)
    0x00025d94   0x00000078   Code   RO         5456    i.nrf_nm_add        gzll_arm.lib(nrf_notification_manager.o)
    0x00025e0c   0x00000010   Code   RO         5457    i.nrf_nm_get_remaining_space_in_notification_queue  gzll_arm.lib(nrf_notification_manager.o)
    0x00025e1c   0x00000034   Code   RO         5458    i.nrf_nm_init       gzll_arm.lib(nrf_notification_manager.o)
    0x00025e50   0x00000038   Code   RO         3548    i.nrf_nvmc_page_erase  nrf_nvmc.o
    0x00025e88   0x00000050   Code   RO         3549    i.nrf_nvmc_write_byte  nrf_nvmc.o
    0x00025ed8   0x0000001c   Code   RO         3550    i.nrf_nvmc_write_bytes  nrf_nvmc.o
    0x00025ef4   0x00000194   Code   RO         5468    i.nrf_pm_end_prx    gzll_arm.lib(nrf_packet_manager.o)
    0x00026088   0x000000dc   Code   RO         5469    i.nrf_pm_end_ptx    gzll_arm.lib(nrf_packet_manager.o)
    0x00026164   0x0000000a   Code   RO         5470    i.nrf_pm_flush_rx_fifo  gzll_arm.lib(nrf_packet_manager.o)
    0x0002616e   0x00000002   PAD
    0x00026170   0x00000038   Code   RO         5471    i.nrf_pm_flush_tx_fifo  gzll_arm.lib(nrf_packet_manager.o)
    0x000261a8   0x00000008   Code   RO         5472    i.nrf_pm_free_packet  gzll_arm.lib(nrf_packet_manager.o)
    0x000261b0   0x00000008   Code   RO         5474    i.nrf_pm_get_available_fifo_packets  gzll_arm.lib(nrf_packet_manager.o)
    0x000261b8   0x0000000c   Code   RO         5475    i.nrf_pm_get_current_ptx_ack_ptr  gzll_arm.lib(nrf_packet_manager.o)
    0x000261c4   0x0000000c   Code   RO         5476    i.nrf_pm_get_current_ptx_packet  gzll_arm.lib(nrf_packet_manager.o)
    0x000261d0   0x0000000c   Code   RO         5477    i.nrf_pm_get_current_ptx_pipe  gzll_arm.lib(nrf_packet_manager.o)
    0x000261dc   0x0000000a   Code   RO         5479    i.nrf_pm_get_rx_fifo_status  gzll_arm.lib(nrf_packet_manager.o)
    0x000261e6   0x00000002   PAD
    0x000261e8   0x0000000c   Code   RO         5480    i.nrf_pm_get_state  gzll_arm.lib(nrf_packet_manager.o)
    0x000261f4   0x00000008   Code   RO         5481    i.nrf_pm_get_tx_fifo_status  gzll_arm.lib(nrf_packet_manager.o)
    0x000261fc   0x0000006c   Code   RO         5482    i.nrf_pm_init       gzll_arm.lib(nrf_packet_manager.o)
    0x00026268   0x0000000a   Code   RO         5483    i.nrf_pm_pop_rx_fifo  gzll_arm.lib(nrf_packet_manager.o)
    0x00026272   0x00000026   Code   RO         5484    i.nrf_pm_put_tx_fifo  gzll_arm.lib(nrf_packet_manager.o)
    0x00026298   0x0000000a   Code   RO         5485    i.nrf_pm_read_rx_fifo  gzll_arm.lib(nrf_packet_manager.o)
    0x000262a2   0x00000008   Code   RO         5487    i.nrf_pm_reserve_packet  gzll_arm.lib(nrf_packet_manager.o)
    0x000262aa   0x00000002   PAD
    0x000262ac   0x00000048   Code   RO         5488    i.nrf_pm_search_for_ptx_pipe_to_service  gzll_arm.lib(nrf_packet_manager.o)
    0x000262f4   0x0000000c   Code   RO         5489    i.nrf_pm_set_dyn_ack_status  gzll_arm.lib(nrf_packet_manager.o)
    0x00026300   0x00000048   Code   RO         5490    i.nrf_pm_start_prx  gzll_arm.lib(nrf_packet_manager.o)
    0x00026348   0x000000b0   Code   RO         5491    i.nrf_pm_start_ptx  gzll_arm.lib(nrf_packet_manager.o)
    0x000263f8   0x0000000c   Code   RO         5492    i.nrf_pm_there_is_ptx_packet_to_be_serviced  gzll_arm.lib(nrf_packet_manager.o)
    0x00026404   0x00000010   Code   RO         3218    i.nrf_ppi_channel_disable  nrf_drv_ppi.o
    0x00026414   0x0000001c   Code   RO         5526    i.nrf_sm_execute    gzll_arm.lib(nrf_state_machine.o)
    0x00026430   0x0000000c   Code   RO         5527    i.nrf_sm_get_current_state  gzll_arm.lib(nrf_state_machine.o)
    0x0002643c   0x0000000c   Code   RO         5528    i.nrf_sm_get_next_state  gzll_arm.lib(nrf_state_machine.o)
    0x00026448   0x00000010   Code   RO         5530    i.nrf_sm_init       gzll_arm.lib(nrf_state_machine.o)
    0x00026458   0x0000001c   Code   RO         5531    i.nrf_sm_set_next_state  gzll_arm.lib(nrf_state_machine.o)
    0x00026474   0x0000000c   Code   RO         3371    i.nrf_timer_compare_event_get  nrf_drv_timer.o
    0x00026480   0x0000000a   Code   RO         3372    i.nrf_timer_compare_int_get  nrf_drv_timer.o
    0x0002648a   0x00000006   Code   RO         3373    i.nrf_timer_event_clear  nrf_drv_timer.o
    0x00026490   0x0000000a   Code   RO         3374    i.nrf_timer_int_disable  nrf_drv_timer.o
    0x0002649a   0x0000000a   Code   RO         3375    i.nrf_timer_int_enable  nrf_drv_timer.o
    0x000264a4   0x00000010   Code   RO         3376    i.nrf_timer_shorts_disable  nrf_drv_timer.o
    0x000264b4   0x00000006   Code   RO         3377    i.nrf_timer_task_trigger  nrf_drv_timer.o
    0x000264ba   0x00000014   Code   RO         2572    i.nrf_uart_errorsrc_get_and_clear  nrf_drv_uart.o
    0x000264ce   0x00000010   Code   RO         2573    i.nrf_uart_event_check  nrf_drv_uart.o
    0x000264de   0x00000006   Code   RO         2574    i.nrf_uart_event_clear  nrf_drv_uart.o
    0x000264e4   0x0000000a   Code   RO         2576    i.nrf_uart_int_disable  nrf_drv_uart.o
    0x000264ee   0x00000018   Code   RO         2578    i.nrf_uart_int_enable_check  nrf_drv_uart.o
    0x00026506   0x00000006   Code   RO         2579    i.nrf_uart_task_trigger  nrf_drv_uart.o
    0x0002650c   0x0000002c   Code   RO          563    i.nus_data_handler  ble_app_gzll_hid.o
    0x00026538   0x00000054   Code   RO          564    i.nus_init          ble_app_gzll_hid.o
    0x0002658c   0x00000108   Code   RO          565    i.on_adv_evt        ble_app_gzll_hid.o
    0x00026694   0x00000148   Code   RO          566    i.on_ble_evt        ble_app_gzll_hid.o
    0x000267dc   0x00000018   Code   RO         1387    i.on_conn_params_update  ble_conn_params.o
    0x000267f4   0x00000006   Code   RO         1323    i.on_connect        ble_bas.o
    0x000267fa   0x00000002   PAD
    0x000267fc   0x0000003c   Code   RO         1388    i.on_connect        ble_conn_params.o
    0x00026838   0x0000004a   Code   RO         1532    i.on_connect        ble_hids.o
    0x00026882   0x00000006   Code   RO         2010    i.on_connect        ble_nus.o
    0x00026888   0x00000044   Code   RO         1533    i.on_control_point_write  ble_hids.o
    0x000268cc   0x00000008   Code   RO         1324    i.on_disconnect     ble_bas.o
    0x000268d4   0x00000044   Code   RO         1389    i.on_disconnect     ble_conn_params.o
    0x00026918   0x0000000c   Code   RO         1534    i.on_disconnect     ble_hids.o
    0x00026924   0x00000008   Code   RO         2011    i.on_disconnect     ble_nus.o
    0x0002692c   0x000000f8   Code   RO          567    i.on_hid_rep_char_write  ble_app_gzll_hid.o
    0x00026a24   0x000000e0   Code   RO          568    i.on_hids_evt       ble_app_gzll_hid.o
    0x00026b04   0x00000044   Code   RO         1535    i.on_protocol_mode_write  ble_hids.o
    0x00026b48   0x00000052   Code   RO         1536    i.on_report_cccd_write  ble_hids.o
    0x00026b9a   0x0000002e   Code   RO         1537    i.on_report_value_read_auth  ble_hids.o
    0x00026bc8   0x0000003c   Code   RO         1538    i.on_report_value_write  ble_hids.o
    0x00026c04   0x0000002c   Code   RO         1539    i.on_rw_authorize_request  ble_hids.o
    0x00026c30   0x00000050   Code   RO         1325    i.on_write          ble_bas.o
    0x00026c80   0x0000005c   Code   RO         1390    i.on_write          ble_conn_params.o
    0x00026cdc   0x000000fc   Code   RO         1540    i.on_write          ble_hids.o
    0x00026dd8   0x00000054   Code   RO         2012    i.on_write          ble_nus.o
    0x00026e2c   0x00000088   Code   RO         1541    i.outp_rep_characteristics_add  ble_hids.o
    0x00026eb4   0x0000001a   Code   RO         1231    i.peer_address_exists  ble_advertising.o
    0x00026ece   0x00000002   PAD
    0x00026ed0   0x00000050   Code   RO         1779    i.peer_instance_init  device_manager_peripheral.o
    0x00026f20   0x000000d8   Code   RO         1470    i.pnp_id_encode     ble_dis.o
    0x00026ff8   0x000000bc   Code   RO            5    i.power_manage      main.o
    0x000270b4   0x000000b8   Code   RO         1542    i.protocol_mode_char_add  ble_hids.o
    0x0002716c   0x00000030   Code   RO         2792    i.pstorage_access_status_get  pstorage.o
    0x0002719c   0x000000a4   Code   RO         2793    i.pstorage_block_identifier_get  pstorage.o
    0x00027240   0x00000118   Code   RO         2794    i.pstorage_clear    pstorage.o
    0x00027358   0x00000028   Code   RO          874    i.pstorage_flash_page_end  ble_app_store.o
    0x00027380   0x00000028   Code   RO         2795    i.pstorage_flash_page_end  pstorage.o
    0x000273a8   0x0000000a   Code   RO          875    i.pstorage_flash_page_size  ble_app_store.o
    0x000273b2   0x0000000a   Code   RO         2796    i.pstorage_flash_page_size  pstorage.o
    0x000273bc   0x00000088   Code   RO         2797    i.pstorage_init     pstorage.o
    0x00027444   0x000000fc   Code   RO         2798    i.pstorage_load     pstorage.o
    0x00027540   0x00000120   Code   RO         2799    i.pstorage_register  pstorage.o
    0x00027660   0x000000e0   Code   RO         2800    i.pstorage_store    pstorage.o
    0x00027740   0x0000004c   Code   RO         2801    i.pstorage_sys_event_handler  pstorage.o
    0x0002778c   0x000000e0   Code   RO         2802    i.pstorage_update   pstorage.o
    0x0002786c   0x00000016   Code   RO         4619    i.ram_end_address_get  softdevice_handler.o
    0x00027882   0x00000002   PAD
    0x00027884   0x00000294   Code   RO          303    i.read_mouse_and_send2  ble_app_gzll_device.o
    0x00027b18   0x00000228   Code   RO          569    i.read_mouse_and_send_change  ble_app_gzll_hid.o
    0x00027d40   0x0000018c   Code   RO         1543    i.rep_char_add      ble_hids.o
    0x00027ecc   0x000001b0   Code   RO         1544    i.rep_map_char_add  ble_hids.o
    0x0002807c   0x000000bc   Code   RO         1545    i.rep_value_identify  ble_hids.o
    0x00028138   0x0000007c   Code   RO          570    i.reset_prepare     ble_app_gzll_hid.o
    0x000281b4   0x0000000c   Code   RO         4149    i.rtc1_counter_get  app_timer_ble_gzll.o
    0x000281c0   0x00000018   Code   RO         4150    i.rtc1_init         app_timer_ble_gzll.o
    0x000281d8   0x0000003c   Code   RO         4151    i.rtc1_start        app_timer_ble_gzll.o
    0x00028214   0x00000058   Code   RO         4152    i.rtc1_stop         app_timer_ble_gzll.o
    0x0002826c   0x0000005c   Code   RO         2582    i.rx_byte           nrf_drv_uart.o
    0x000282c8   0x00000124   Code   RO         2013    i.rx_char_add       ble_nus.o
    0x000283ec   0x00000024   Code   RO         2583    i.rx_done_event     nrf_drv_uart.o
    0x00028410   0x00000094   Code   RO         4620    i.sd_check_ram_start  softdevice_handler.o
    0x000284a4   0x00000070   Code   RO          571    i.sd_nvic_DisableIRQ  ble_app_gzll_hid.o
    0x00028514   0x000000d0   Code   RO         4621    i.sd_nvic_EnableIRQ  softdevice_handler.o
    0x000285e4   0x00000036   Code   RO         1109    i.sec_mgr_oob_flags_encode  ble_advdata.o
    0x0002861a   0x00000002   PAD
    0x0002861c   0x00000128   Code   RO          304    i.send_24_mode_communication  ble_app_gzll_device.o
    0x00028744   0x00000096   Code   RO         1110    i.service_data_encode  ble_advdata.o
    0x000287da   0x00000002   PAD
    0x000287dc   0x00000034   Code   RO          572    i.service_error_handler  ble_app_gzll_hid.o
    0x00028810   0x00000014   Code   RO          573    i.services_init     ble_app_gzll_hid.o
    0x00028824   0x00000064   Code   RO         5291    i.sm_start          gzll_arm.lib(nrf_impala.o)
    0x00028888   0x00000014   Code   RO         2803    i.sm_state_change   pstorage.o
    0x0002889c   0x0000001c   Code   RO         4622    i.softdevice_ble_evt_handler_set  softdevice_handler.o
    0x000288b8   0x00000104   Code   RO         4623    i.softdevice_enable  softdevice_handler.o
    0x000289bc   0x0000002e   Code   RO         4624    i.softdevice_enable_get_default_config  softdevice_handler.o
    0x000289ea   0x00000014   Code   RO         4625    i.softdevice_fault_handler  softdevice_handler.o
    0x000289fe   0x00000002   PAD
    0x00028a00   0x00000070   Code   RO         4626    i.softdevice_handler_init  softdevice_handler.o
    0x00028a70   0x0000001c   Code   RO         4628    i.softdevice_handler_sd_disable  softdevice_handler.o
    0x00028a8c   0x0000001c   Code   RO         4629    i.softdevice_sys_evt_handler_set  softdevice_handler.o
    0x00028aa8   0x00000010   Code   RO         1111    i.srdata_check      ble_advdata.o
    0x00028ab8   0x00000010   Code   RO         2804    i.state_data_erase_entry_run  pstorage.o
    0x00028ac8   0x00000098   Code   RO         2805    i.state_data_erase_swap_entry_run  pstorage.o
    0x00028b60   0x0000003c   Code   RO         2806    i.state_entry_action_run  pstorage.o
    0x00028b9c   0x00000010   Code   RO         2807    i.state_erase_data_page_entry_run  pstorage.o
    0x00028bac   0x0000001c   Code   RO         2808    i.state_idle_entry_run  pstorage.o
    0x00028bc8   0x00000034   Code   RO         2809    i.state_restore_head_entry_run  pstorage.o
    0x00028bfc   0x00000054   Code   RO         2810    i.state_restore_tail_entry_run  pstorage.o
    0x00028c50   0x00000008   Code   RO         2811    i.state_store_entry_run  pstorage.o
    0x00028c58   0x00000026   Code   RO         2812    i.state_swap_erase_entry_run  pstorage.o
    0x00028c7e   0x00000002   PAD
    0x00028c80   0x00000034   Code   RO         2813    i.state_write_data_swap_entry_run  pstorage.o
    0x00028cb4   0x00000008   Code   RO         1780    i.storage_operation_dummy_handler  device_manager_peripheral.o
    0x00028cbc   0x00000064   Code   RO         2814    i.store_cmd_flash_write_execute  pstorage.o
    0x00028d20   0x0000000a   Code   RO         2815    i.store_operation_execute  pstorage.o
    0x00028d2a   0x00000002   PAD
    0x00028d2c   0x0000004c   Code   RO         2816    i.store_sub_state_sm_run  pstorage.o
    0x00028d78   0x00000020   Code   RO         2817    i.swap_erase_state_run  pstorage.o
    0x00028d98   0x00000008   Code   RO         2818    i.swap_sub_sm_exit_action_run  pstorage.o
    0x00028da0   0x00000018   Code   RO         2819    i.swap_sub_state_entry_action_run  pstorage.o
    0x00028db8   0x00000020   Code   RO         2820    i.swap_sub_state_err_busy_process  pstorage.o
    0x00028dd8   0x00000018   Code   RO         2821    i.swap_sub_state_sm_run  pstorage.o
    0x00028df0   0x00000014   Code   RO         2822    i.swap_sub_state_state_change  pstorage.o
    0x00028e04   0x00000012   Code   RO          575    i.sys_evt_dispatch  ble_app_gzll_hid.o
    0x00028e16   0x00000002   PAD
    0x00028e18   0x000000e0   Code   RO         1471    i.sys_id_encode     ble_dis.o
    0x00028ef8   0x00000020   Code   RO         2823    i.tail_restore_state_run  pstorage.o
    0x00028f18   0x00000058   Code   RO         2824    i.tail_word_size_calculate  pstorage.o
    0x00028f70   0x0000000a   Code   RO         4153    i.ticks_diff_get    app_timer_ble_gzll.o
    0x00028f7a   0x00000002   PAD
    0x00028f7c   0x00000044   Code   RO         4154    i.timeout_handler_exec  app_timer_ble_gzll.o
    0x00028fc0   0x00000018   Code   RO          773    i.timer_handler     ble_app_adc.o
    0x00028fd8   0x00000058   Code   RO         4155    i.timer_list_handler  app_timer_ble_gzll.o
    0x00029030   0x0000000a   Code   RO         4156    i.timer_list_handler_sched  app_timer_ble_gzll.o
    0x0002903a   0x00000002   PAD
    0x0002903c   0x0000006c   Code   RO         4157    i.timer_list_insert  app_timer_ble_gzll.o
    0x000290a8   0x00000070   Code   RO         4158    i.timer_list_remove  app_timer_ble_gzll.o
    0x00029118   0x00000058   Code   RO         4159    i.timer_start_op_schedule  app_timer_ble_gzll.o
    0x00029170   0x00000040   Code   RO         4160    i.timer_stop_all_op_schedule  app_timer_ble_gzll.o
    0x000291b0   0x00000040   Code   RO         4161    i.timer_stop_op_schedule  app_timer_ble_gzll.o
    0x000291f0   0x0000008c   Code   RO         4162    i.timer_timeouts_check  app_timer_ble_gzll.o
    0x0002927c   0x0000000a   Code   RO         4163    i.timer_timeouts_check_sched  app_timer_ble_gzll.o
    0x00029286   0x00000002   PAD
    0x00029288   0x00000098   Code   RO            7    i.timers_init_and_start  main.o
    0x00029320   0x00000046   Code   RO         1112    i.tk_value_encode   ble_advdata.o
    0x00029366   0x00000002   PAD
    0x00029368   0x00000038   Code   RO         2585    i.tx_byte           nrf_drv_uart.o
    0x000293a0   0x000000de   Code   RO         2014    i.tx_char_add       ble_nus.o
    0x0002947e   0x00000002   PAD
    0x00029480   0x0000002c   Code   RO         2586    i.tx_done_event     nrf_drv_uart.o
    0x000294ac   0x00000036   Code   RO         1113    i.tx_power_level_encode  ble_advdata.o
    0x000294e2   0x00000002   PAD
    0x000294e4   0x00000174   Code   RO         2587    i.uart_irq_handler  nrf_drv_uart.o
    0x00029658   0x00000012   Code   RO         1114    i.uint16_encode     ble_advdata.o
    0x0002966a   0x00000012   Code   RO         1472    i.uint16_encode     ble_dis.o
    0x0002967c   0x0000010c   Code   RO         5292    i.update_mode       gzll_arm.lib(nrf_impala.o)
    0x00029788   0x00000008   Code   RO         2825    i.update_operation_execute  pstorage.o
    0x00029790   0x00000014   Code   RO         1781    i.update_status_bit_reset  device_manager_peripheral.o
    0x000297a4   0x0000009c   Code   RO         1391    i.update_timeout_handler  ble_conn_params.o
    0x00029840   0x00000022   Code   RO         4164    i.user_id_get       app_timer_ble_gzll.o
    0x00029862   0x0000002e   Code   RO         4165    i.user_op_alloc     app_timer_ble_gzll.o
    0x00029890   0x00000004   Code   RO         4166    i.user_op_enque     app_timer_ble_gzll.o
    0x00029894   0x0000004c   Code   RO         1115    i.uuid_list_encode  ble_advdata.o
    0x000298e0   0x000000e0   Code   RO         1116    i.uuid_list_sized_encode  ble_advdata.o
    0x000299c0   0x00000016   Code   RO         1232    i.whitelist_has_entries  ble_advertising.o
    0x000299d6   0x00000002   PAD
    0x000299d8   0x00000004   Data   RO            9    .constdata          main.o
    0x000299dc   0x00000060   Data   RO          435    .constdata          ble_app_gzll_ui.o
    0x00029a3c   0x0000002c   Data   RO          577    .constdata          ble_app_gzll_hid.o
    0x00029a68   0x00000014   Data   RO          775    .constdata          ble_app_adc.o
    0x00029a7c   0x0000003c   Data   RO          943    .constdata          bsp.o
    0x00029ab8   0x00000004   Data   RO         1393    .constdata          ble_conn_params.o
    0x00029abc   0x00000034   Data   RO         1783    .constdata          device_manager_peripheral.o
    0x00029af0   0x00000010   Data   RO         2015    .constdata          ble_nus.o
    0x00029b00   0x00000028   Data   RO         2827    .constdata          pstorage.o
    0x00029b28   0x00000001   Data   RO         3105    .constdata          nrf_drv_adc.o
    0x00029b29   0x00000003   PAD
    0x00029b2c   0x00000008   Data   RO         3379    .constdata          nrf_drv_timer.o
    0x00029b34   0x00000010   Data   RO         4586    .constdata          segger_rtt_printf.o
    0x00029b44   0x00000017   Data   RO         4973    .constdata          nrf_gzp_judge.o
    0x00029b5b   0x00000001   PAD
    0x00029b5c   0x00000030   Data   RO         5438    .constdata          gzll_arm.lib(nrf_link_core.o)
    0x00029b8c   0x00000042   Data   RO         1546    .conststring        ble_hids.o
    0x00029bce   0x00000002   PAD
    0x00029bd0   0x0000004c   Data   RO         1784    .conststring        device_manager_peripheral.o
    0x00029c1c   0x00000042   Data   RO         4167    .conststring        app_timer_ble_gzll.o
    0x00029c5e   0x00000002   PAD
    0x00029c60   0x00000057   Data   RO         4630    .conststring        softdevice_handler.o
    0x00029cb7   0x00000001   PAD
    0x00029cb8   0x00000020   Data   RO         5628    Region$$Table       anon$$obj.o


    Execution Region RW_IRAM1 (Base: 0x20002100, Size: 0x00001ec0, Max: 0x00001f00, ABSOLUTE, COMPRESSED[0x00000164])

    Base Addr    Size         Type   Attr      Idx    E Section Name        Object

    0x20002100   0x00000002   Data   RW           10    .data               main.o
    0x20002102   0x00000002   PAD
    0x20002104   0x00000034   Data   RW          306    .data               ble_app_gzll_device.o
    0x20002138   0x00000028   Data   RW          436    .data               ble_app_gzll_ui.o
    0x20002160   0x0000017c   Data   RW          578    .data               ble_app_gzll_hid.o
    0x200022dc   0x00000039   Data   RW          776    .data               ble_app_adc.o
    0x20002315   0x00000003   PAD
    0x20002318   0x00000019   Data   RW          944    .data               bsp.o
    0x20002331   0x00000003   PAD
    0x20002334   0x00000020   Data   RW         1234    .data               ble_advertising.o
    0x20002354   0x00000015   Data   RW         1394    .data               ble_conn_params.o
    0x20002369   0x00000001   PAD
    0x2000236a   0x0000004a   Data   RW         1473    .data               ble_dis.o
    0x200023b4   0x00000014   Data   RW         1785    .data               device_manager_peripheral.o
    0x200023c8   0x00000006   Data   RW         2182    .data               app_uart_fifo.o
    0x200023ce   0x00000002   PAD
    0x200023d0   0x00000028   Data   RW         2828    .data               pstorage.o
    0x200023f8   0x00000009   Data   RW         3220    .data               nrf_drv_ppi.o
    0x20002401   0x00000004   Data   RW         4049    .data               nrf_log.o
    0x20002405   0x00000003   PAD
    0x20002408   0x00000022   Data   RW         4168    .data               app_timer_ble_gzll.o
    0x2000242a   0x00000002   PAD
    0x2000242c   0x00000020   Data   RW         4631    .data               softdevice_handler.o
    0x2000244c   0x00000014   Data   RW         4789    .data               nrf_gzp_device - judge.o
    0x20002460   0x00000004   Data   RW         5079    .data               system_nrf51.o
    0x20002464   0x00000020   Data   RW         5175    .data               gzll_arm.lib(nrf_gzll.o)
    0x20002484   0x00000008   Data   RW         5294    .data               gzll_arm.lib(nrf_impala.o)
    0x2000248c   0x0000000c   Data   RW         5386    .data               gzll_arm.lib(nrf_channel_manager.o)
    0x20002498   0x00000008   Data   RW         5413    .data               gzll_arm.lib(nrf_flywheel.o)
    0x200024a0   0x00000004   Data   RW         5439    .data               gzll_arm.lib(nrf_link_core.o)
    0x200024a4   0x00000008   Data   RW         5494    .data               gzll_arm.lib(nrf_packet_manager.o)
    0x200024ac   0x0000000c   Data   RW         5532    .data               gzll_arm.lib(nrf_state_machine.o)
    0x200024b8   0x00000004   Data   RW         5551    .data               gzll_arm.lib(nrf_fifo.o)
    0x200024bc   0x000002e0   Zero   RW            8    .bss                main.o
    0x2000279c   0x00000020   Zero   RW          305    .bss                ble_app_gzll_device.o
    0x200027bc   0x0000027c   Zero   RW          576    .bss                ble_app_gzll_hid.o
    0x20002a38   0x00000030   Zero   RW          774    .bss                ble_app_adc.o
    0x20002a68   0x0000006c   Zero   RW          942    .bss                bsp.o
    0x20002ad4   0x00000103   Zero   RW         1233    .bss                ble_advertising.o
    0x20002bd7   0x00000001   PAD
    0x20002bd8   0x0000003c   Zero   RW         1392    .bss                ble_conn_params.o
    0x20002c14   0x0000014f   Zero   RW         1782    .bss                device_manager_peripheral.o
    0x20002d63   0x00000001   PAD
    0x20002d64   0x00000020   Zero   RW         2180    .bss                app_uart_fifo.o
    0x20002d84   0x00000048   Zero   RW         2356    .bss                nrf_drv_gpiote.o
    0x20002dcc   0x0000001c   Zero   RW         2588    .bss                nrf_drv_uart.o
    0x20002de8   0x000000d8   Zero   RW         2826    .bss                pstorage.o
    0x20002ec0   0x00000014   Zero   RW         3104    .bss                nrf_drv_adc.o
    0x20002ed4   0x0000000c   Zero   RW         3378    .bss                nrf_drv_timer.o
    0x20002ee0   0x00000020   Zero   RW         3656    .bss                app_error.o
    0x20002f00   0x00000058   Zero   RW         3934    .bss                fstorage.o
    0x20002f58   0x0000041b   Zero   RW         4048    .bss                nrf_log.o
    0x20003373   0x00000001   PAD
    0x20003374   0x00000488   Zero   RW         4463    .bss                segger_rtt.o
    0x200037fc   0x0000002d   Zero   RW         4972    .bss                nrf_gzp_judge.o
    0x20003829   0x00000003   PAD
    0x2000382c   0x0000000c   Zero   RW         5174    .bss                gzll_arm.lib(nrf_gzll.o)
    0x20003838   0x00000074   Zero   RW         5293    .bss                gzll_arm.lib(nrf_impala.o)
    0x200038ac   0x00000024   Zero   RW         5437    .bss                gzll_arm.lib(nrf_link_core.o)
    0x200038d0   0x00000088   Zero   RW         5459    .bss                gzll_arm.lib(nrf_notification_manager.o)
    0x20003958   0x00000094   Zero   RW         5493    .bss                gzll_arm.lib(nrf_packet_manager.o)
    0x200039ec   0x000001d4   Zero   RW         5550    .bss                gzll_arm.lib(nrf_fifo.o)
    0x20003bc0   0x00000400   Zero   RW         5065    STACK               arm_startup_nrf51.o


==============================================================================

Image component sizes


      Code (inc. data)   RO Data    RW Data    ZI Data      Debug   Object Name

       172         12          0          0         32       4238   app_error.o
        26          0          0          0          0        778   app_error_weak.o
       136          0          0          0          0       4794   app_fifo.o
      2576        292         66         34          0      40868   app_timer_ble_gzll.o
        60          8          0          6         32       2643   app_uart_fifo.o
       160         22          0          0          0       6706   app_util_platform.o
        56         18        192          0       1024        736   arm_startup_nrf51.o
      2206          4          0          0          0      32092   ble_advdata.o
      1724        172          0         32        259      19641   ble_advertising.o
      1964        272         20         57         48      25067   ble_app_adc.o
      1340        156          0         52         32      31430   ble_app_gzll_device.o
      5630       1138         44        380        636      39207   ble_app_gzll_hid.o
      1162        158         96         40          0      22722   ble_app_gzll_ui.o
       338         24          0          0          0       9910   ble_app_store.o
       844         18          0          0          0      18599   ble_bas.o
       782        130          4         21         60      10007   ble_conn_params.o
      1194        246          0         74          0       7499   ble_dis.o
      3982         70         66          0          0      34518   ble_hids.o
       934          8         16          0          0       8830   ble_nus.o
       138         60          0          0          0       2372   ble_srv_common.o
      1636        102         60         25        108       5441   bsp.o
         0          0          0          0          0      32712   bsp_btn_ble.o
      4810        376        128         20        335      37047   device_manager_peripheral.o
        24          4          0          0         88       3564   fstorage.o
       484         88          4          2        736      96321   main.o
        58          4          0          0          0       1903   nrf_delay.o
       656         86          1          0         20      13967   nrf_drv_adc.o
       176         18          0          0          0       9420   nrf_drv_common.o
       652         32          0          0         72      15764   nrf_drv_gpiote.o
       494         50          0          9          0      14187   nrf_drv_ppi.o
       686         36          8          0         12      21380   nrf_drv_timer.o
       902         56          0          0         28      18643   nrf_drv_uart.o
      1322        130       1024         20          0      17605   nrf_gzp_device - judge.o
       470          8         23          0         45       5389   nrf_gzp_judge.o
       132         30          0          4       1051       4761   nrf_log.o
       164         18          0          0          0       2947   nrf_nvmc.o
      4308        438         40         40        216      47426   pstorage.o
       772         54          0          0       1160      10696   segger_rtt.o
      1158          4         16          0          0       5717   segger_rtt_printf.o
      1152        354         87         32          0      26549   softdevice_handler.o
       348         38          0          4          0       2859   system_nrf51.o

    ----------------------------------------------------------------------
     45908       4734       1936        868       6000     716955   Object Totals
         0          0         32          0          0          0   (incl. Generated)
        80          0          9         16          6          0   (incl. Padding)

    ----------------------------------------------------------------------

      Code (inc. data)   RO Data    RW Data    ZI Data      Debug   Library Member Name

         8          0          0          0          0         68   nrf_assert_internal.o
       236         76          0         12          0        456   nrf_channel_manager.o
      1044        196          0          4        468        644   nrf_fifo.o
       572        154          0          8          0        596   nrf_flywheel.o
      1652        166          0         32         12       1900   nrf_gzll.o
      5100        708          0          8        116       2980   nrf_impala.o
      1390        292         48          4         36        576   nrf_link_core.o
       324         46          0          0        136        276   nrf_notification_manager.o
      1290        182          0          8        148       1496   nrf_packet_manager.o
        96         36          0         12          0        308   nrf_state_machine.o
        86          0          0          0          0          0   __dczerorl2.o
         0          0          0          0          0          0   entry.o
         0          0          0          0          0          0   entry10a.o
         0          0          0          0          0          0   entry11a.o
         8          4          0          0          0          0   entry2.o
         4          0          0          0          0          0   entry5.o
         0          0          0          0          0          0   entry7b.o
         0          0          0          0          0          0   entry8b.o
         8          4          0          0          0          0   entry9a.o
        30          0          0          0          0          0   handlers.o
        40          0          0          0          0         72   idiv.o
        36          8          0          0          0         68   init.o
         0          0          0          0          0          0   iusefp.o
        32          0          0          0          0         68   llshl.o
        34          0          0          0          0         68   llushr.o
        26          0          0          0          0         72   memcmp.o
        64          0          0          0          0         68   memmovea.o
        36          0          0          0          0        100   memseta.o
        18          0          0          0          0         60   strcpy.o
        14          0          0          0          0         60   strlen.o
        44          0          0          0          0         72   uidiv.o
       236          0          0          0          0        216   depilogue.o
        60         10          0          0          0         68   dfixui.o
        28          4          0          0          0         68   dfltui.o
       208          6          0          0          0         88   dmul.o

    ----------------------------------------------------------------------
     12740       1892         48         88        916      10448   Library Totals
        16          0          0          0          0          0   (incl. Padding)

    ----------------------------------------------------------------------

      Code (inc. data)   RO Data    RW Data    ZI Data      Debug   Library Name

     11712       1856         48         88        916       9300   gzll_arm.lib
       480         16          0          0          0        708   mc_p.l
       532         20          0          0          0        440   mf_p.l

    ----------------------------------------------------------------------
     12740       1892         48         88        916      10448   Library Totals

    ----------------------------------------------------------------------

==============================================================================


      Code (inc. data)   RO Data    RW Data    ZI Data      Debug   

     58648       6626       1984        956       6916     702515   Grand Totals
     58648       6626       1984        356       6916     702515   ELF Image Totals (compressed)
     58648       6626       1984        356          0          0   ROM Totals

==============================================================================

    Total RO  Size (Code + RO Data)                60632 (  59.21kB)
    Total RW  Size (RW Data + ZI Data)              7872 (   7.69kB)
    Total ROM Size (Code + RO Data + RW Data)      60988 (  59.56kB)

==============================================================================

