<html>
<body>
<pre>
<h1>礦ision Build Log</h1>
<h2>Tool Versions:</h2>
IDE-Version: μVision V5.21.1.0
Copyright (C) 2016 ARM Ltd and ARM Germany GmbH. All rights reserved.
License Information: ke jj, xtkj, LIC=65IQD-8GBM6-WEZH7-EJPKN-G39TI-PVM5B
 
Tool Versions:
Toolchain:       MDK-ARM Plus  Version: 5.21a
Toolchain Path:  D:\Program Files\keil5\ARM\ARMCC\Bin
C Compiler:      Armcc.exe V5.06 update 3 (build 300)
Assembler:       Armasm.exe V5.06 update 3 (build 300)
Linker/Locator:  ArmLink.exe V5.06 update 3 (build 300)
Library Manager: ArmAr.exe V5.06 update 3 (build 300)
Hex Converter:   FromElf.exe V5.06 update 3 (build 300)
CPU DLL:         
Dialog DLL:      
Target DLL:      Segger\JL2CM3.dll V2.99.23.0
Dialog DLL:      TARMCM1.DLL V1.10.0.0
 
<h2>Project:</h2>
E:\SDK code\nRF5_SDK_11.0.0_game pad judge\examples\ble_peripheral\2 增加hid可以 加按键 摇杆 01按钮检测ok04 gazell05\pca10028\s130\arm5_no_packs\ble_app_hids_keyboard_s130_pca10028.uvprojx
Project File Date:  12/14/2017

<h2>Output:</h2>
*** Using Compiler 'V5.06 update 3 (build 300)', folder: 'D:\Program Files\keil5\ARM\ARMCC\Bin'
Build target 'nrf51422_xxac_s130'
compiling main.c...
..\..\..\main.c(130): warning:  #223-D: function "read_mouse_and_send_change" declared implicitly
                                        read_mouse_and_send_change();
..\..\..\main.c(250): warning:  #223-D: function "ble_hid_app_start" declared implicitly
      ble_hid_app_start();
..\..\..\main.c(264): warning:  #223-D: function "ble_hid_app_stop" declared implicitly
                  ble_hid_app_stop();
..\..\..\main.c(226): warning:  #177-D: variable "err_code" was declared but never referenced
      uint32_t  err_code;
..\..\..\main.c(198): warning:  #177-D: function "scheduler_init" was declared but never referenced
  static void scheduler_init(void)
..\..\..\main.c: 5 warnings, 0 errors
compiling ble_app_gzll_device.c...
..\..\..\ble_app_gzll_device.c(181): warning:  #550-D: variable "result_value" was set but never used
      bool     result_value = false;
..\..\..\ble_app_gzll_device.c(182): warning:  #177-D: variable "err_code" was declared but never referenced
      uint32_t err_code;
..\..\..\ble_app_gzll_device.c: 2 warnings, 0 errors
compiling ble_app_gzll_ui.c...
..\..\..\ble_app_gzll_ui.c(206): warning:  #223-D: function "nrf_delay_ms" declared implicitly
                        nrf_delay_ms(100);
..\..\..\ble_app_gzll_ui.c(328): warning:  #550-D: variable "betop_button_flag" was set but never used
        static uint32_t betop_button_flag = 0;
..\..\..\ble_app_gzll_ui.c: 2 warnings, 0 errors
compiling ble_app_gzll_hid.c...
..\..\..\ble_app_gzll_hid.c(1775): warning:  #177-D: variable "index" was declared but never referenced
        static uint8_t index = 0;
..\..\..\ble_app_gzll_hid.c(1776): warning:  #550-D: variable "err_code" was set but never used
        uint32_t       err_code;
..\..\..\ble_app_gzll_hid.c(223): warning:  #177-D: variable "buffer_list" was declared but never referenced
  static buffer_list_t buffer_list;
..\..\..\ble_app_gzll_hid.c(241): warning:  #177-D: variable "m_battery_sim_cfg" was declared but never referenced
  static sensorsim_cfg_t                   m_battery_sim_cfg;                             /**< Battery Level sensor simulator configuration. */
..\..\..\ble_app_gzll_hid.c(242): warning:  #177-D: variable "m_battery_sim_state" was declared but never referenced
  static sensorsim_state_t                 m_battery_sim_state;                           /**< Battery Level sensor simulator state. */
..\..\..\ble_app_gzll_hid.c(251): warning:  #177-D: variable "m_sample_key_press_scan_str" was declared but never referenced
  static uint8_t m_sample_key_press_scan_str[] =                                          /**< Key pattern to be sent when the key press button has been pushed. */
..\..\..\ble_app_gzll_hid.c(261): warning:  #177-D: variable "m_caps_on_key_scan_str" was declared but never referenced
  static uint8_t m_caps_on_key_scan_str[] =                                                /**< Key pattern to be sent when the output report has been written with the CAPS LOCK bit set. */
..\..\..\ble_app_gzll_hid.c(271): warning:  #177-D: variable "m_caps_off_key_scan_str" was declared but never referenced
  static uint8_t m_caps_off_key_scan_str[] =                                               /**< Key pattern to be sent when the output report has been written with the CAPS LOCK bit cleared. */
..\..\..\ble_app_gzll_hid.c(1213): warning:  #177-D: function "sleep_mode_enter" was declared but never referenced
  static void sleep_mode_enter(void)
..\..\..\ble_app_gzll_hid.c: 9 warnings, 0 errors
compiling ble_app_adc.c...
..\..\..\ble_app_adc.c(53): warning:  #550-D: variable "number_of_adc_channels" was set but never used
  static uint8_t number_of_adc_channels;
..\..\..\ble_app_adc.c(57): warning:  #177-D: variable "adc_value_state" was declared but never referenced
  static uint8_t adc_value_state = 0;
..\..\..\ble_app_adc.c: 2 warnings, 0 errors
compiling ble_app_store.c...
..\..\..\ble_app_store.c(61): warning:  #223-D: function "nrf_nvmc_page_erase" declared implicitly
                                                                nrf_nvmc_page_erase((uint32_t)GZP_PARAMS_STORAGE_ADR);
..\..\..\ble_app_store.c(72): warning:  #223-D: function "nrf_nvmc_write_byte" declared implicitly
      nrf_nvmc_write_byte(addr, temp_val);
..\..\..\ble_app_store.c: 2 warnings, 0 errors
compiling bsp.c...
compiling bsp_btn_ble.c...
compiling ble_advdata.c...
compiling ble_advertising.c...
compiling ble_bas.c...
compiling ble_conn_params.c...
compiling ble_dis.c...
compiling ble_hids.c...
compiling ble_srv_common.c...
compiling device_manager_peripheral.c...
compiling ble_nus.c...
compiling ble_hrs.c...
compiling app_uart_fifo.c...
compiling nrf_delay.c...
compiling nrf_drv_common.c...
compiling nrf_drv_gpiote.c...
compiling nrf_drv_uart.c...
compiling pstorage.c...
compiling nrf_drv_adc.c...
compiling nrf_drv_ppi.c...
compiling nrf_drv_timer.c...
compiling nrf_ecb.c...
compiling nrf_nvmc.c...
compiling app_button.c...
compiling app_error.c...
compiling app_error_weak.c...
compiling app_fifo.c...
compiling app_scheduler.c...
compiling app_timer_appsh.c...
compiling app_trace.c...
compiling app_util_platform.c...
compiling fstorage.c...
compiling nrf_assert.c...
compiling nrf_log.c...
compiling retarget.c...
compiling app_timer_ble_gzll.c...
compiling RTT_Syscalls_KEIL.c...
compiling SEGGER_RTT.c...
compiling SEGGER_RTT_printf.c...
compiling softdevice_handler.c...
compiling softdevice_handler_appsh.c...
compiling nrf_gzp_device - Judge.c...
compiling nrf_gzp_JUDGE.c...
assembling arm_startup_nrf51.s...
compiling system_nrf51.c...
linking...
Program Size: Code=58648 RO-data=1984 RW-data=956 ZI-data=6916  
FromELF: creating hex file...
".\_build\nrf51422_xxac_s130.axf" - 0 Error(s), 22 Warning(s).

<h2>Software Packages used:</h2>

Package Vendor: ARM
                http://www.keil.com/pack/ARM.CMSIS.4.5.0.pack
                ARM::CMSIS:CORE:4.3.0
                CMSIS (Cortex Microcontroller Software Interface Standard)
   * Component: CORE Version: 4.3.0

Package Vendor: NordicSemiconductor
                http://developer.nordicsemi.com/nRF5_SDK/pieces/nRF_DeviceFamilyPack/NordicSemiconductor.nRF_DeviceFamilyPack.8.15.0.pack
                NordicSemiconductor::Device:StartupConfig:8.15.0
                Nordic Semiconductor nRF ARM devices Device Family Pack.
   * Component: StartupConfig Version: 8.15.0
   * Component: Startup Version: 8.15.0

<h2>Collection of Component include folders:</h2>
  E:\SDK code\nRF5_SDK_11.0.0_game pad judge\examples\ble_peripheral\2 增加hid可以 加按键 摇杆 01按钮检测ok04 gazell05\pca10028\s130\arm5_no_packs\RTE
  E:\SDK code\nRF5_SDK_11.0.0_game pad judge\examples\ble_peripheral\2 增加hid可以 加按键 摇杆 01按钮检测ok04 gazell05\pca10028\s130\arm5_no_packs\RTE\Device\nRF51422_xxAC
  D:\Program Files\keil5\ARM\PACK\ARM\CMSIS\4.5.0\CMSIS\Include
  D:\Program Files\keil5\ARM\PACK\NordicSemiconductor\nRF_DeviceFamilyPack\8.15.0\Device\Include

<h2>Collection of Component Files used:</h2>

   * Component: ARM::CMSIS:CORE:4.3.0

   * Component: NordicSemiconductor::Device:StartupConfig:8.15.0
      Include file:  Device\Source\startup_config.h

   * Component: NordicSemiconductor::Device:Startup:8.15.0
      Source file:   Device\Source\arm\arm_startup_nrf51.s
      Source file:   Device\Source\system_nrf51.c
      Include file:  Device\Include\system_nrf51.h
Build Time Elapsed:  00:02:15
</pre>
</body>
</html>
